
> @bnbu/sports-backend@0.1.0 test
> node ./scripts/run-test-layer.mjs unit

✔ scanner requires an explicit clean verdict: "stream: OK\u0000" (21.1681ms)
✔ scanner requires an explicit clean verdict: "stream: Eicar FOUND\u0000" (4.524ms)
✔ scanner requires an explicit clean verdict: "stream: limit ERROR\u0000" (3.4499ms)
✔ scanner requires an explicit clean verdict: "unexpected\u0000" (2.5118ms)
✔ scanner timeout fails closed (44.8901ms)
▶ authentication-code cryptography
  ✔ generates CSPRNG-backed fixed-length numeric codes and rejects unsafe lengths (1.1051ms)
  ✔ digests codes with context binding and verifies wrong inputs without leaking a match (0.2982ms)
  ✔ deterministically escrows canonical auth results and authenticates their AAD (7.4273ms)
  ✔ rejects tampered escrow ciphertexts (0.2914ms)
✔ authentication-code cryptography (9.7277ms)
▶ authentication challenge state machine
  ✔ consumes a valid challenge exactly once (1.267ms)
  ✔ expires at the exact TTL boundary (0.0943ms)
  ✔ increments durable attempts and locks at the configured maximum (0.1324ms)
  ✔ activates only a pending challenge delivered before expiry (0.1391ms)
✔ authentication challenge state machine (1.7963ms)
▶ authentication-code delivery ports
  ✔ fails closed when no delivery provider is configured (0.3382ms)
  ✔ prevents the in-memory capture adapter from running outside tests (0.1394ms)
  ✔ captures only test deliveries and preserves delivery-id idempotency (0.292ms)
✔ authentication-code delivery ports (0.8771ms)
▶ durable rate-window evaluation
  ✔ uses repository timestamps and excludes the exact window cutoff (0.2157ms)
  ✔ rejects future repository facts instead of treating them as valid attempts (0.0792ms)
✔ durable rate-window evaluation (0.3633ms)
▶ app release policy projection
  ✔ selects only the currently effective IOS policy without comparing version syntax (0.2244ms)
  ✔ compares iOS build numbers numerically and never uses marketing version text (0.1117ms)
  ✔ fails on equal-time policy ambiguity instead of depending on input order (0.0933ms)
✔ app release policy projection (0.4953ms)
▶ Stage 21 client capability boundary
  ✔ returns the same stable default-deny error for public and authenticated capabilities (0.6288ms)
✔ Stage 21 client capability boundary (1.1116ms)
▶ PushTokenCipher
  ✔ round-trips with AES-GCM and rejects tampering or the wrong key (1.3264ms)
✔ PushTokenCipher (1.8125ms)
▶ ClientMessagingService
  ✔ marks only the principal notification as read and emits durable evidence (0.9959ms)
  ✔ registers IOS tokens encrypted and never leaks token material to projections or evidence (0.6402ms)
  ✔ returns 409 and never transfers a token already owned by another user (0.3446ms)
  ✔ revokes only a self-scoped push device and destroys decryptable token material (0.4345ms)
  ✔ derives missing preferences from the organization and persists the first update as version 2 (0.8494ms)
  ✔ creates feedback OPEN without copying content or client context into evidence (0.3739ms)
  ✔ keeps feedback self-scoped for non-admins and only queries published help (0.5428ms)
✔ ClientMessagingService (4.4646ms)
▶ Contract 1.3 parity regression gate
  ✔ detects the six required synthetic mismatch scenarios (308.3823ms)
  ✔ accepts the repository only with the frozen, explicit contract-defect ledger (3636.0566ms)
  ✔ enforces the canonical HTTP status at runtime and when restoring snapshots (0.4369ms)
  ✔ pins both location POST handlers to the published 200 success status (0.1548ms)
  ✔ rejects the removed search alias and accepts the contract q parameter (2.0828ms)
  ✔ rejects contract-external and null gender values while allowing omission (0.607ms)
✔ Contract 1.3 parity regression gate (3948.4339ms)
✔ closure preserves only sessions admitted before or at closure (0.528ms)
✔ manual removal, withdrawal and archived courses never receive the closure exception (0.1313ms)
✔ legacy rules keep one credited record per day (7.838ms)
✔ configured daily limit credits distinct records across both categories (0.2335ms)
✔ weekly limit continues to cap a larger daily allowance (0.1688ms)
✔ historical date competes with existing records on the same date (0.1301ms)
✔ invalid daily counts are rejected (0.3107ms)
✔ long-term personal details normalize without changing stable identity (1.0272ms)
✔ rejects impossible, future and malformed birth dates (0.3291ms)
✔ region list covers 31 mainland areas, Hong Kong, Macao, Taiwan and other (0.1923ms)
▶ Stage 12 student identity and QR security
  ✔ normalizes the student number without losing leading zeros and applies NFC (0.9488ms)
  ✔ narrows QR join gender while accepting the full four-digit cohort range (2.5759ms)
  ✔ accepts any four-digit cohort year and rejects malformed identity fields (0.4737ms)
  ✔ issues public-id plus 256-bit secret tokens and verifies only their HMAC digest (0.6288ms)
  ✔ authenticates encrypted identity and result escrows with purpose-bound AAD (0.516ms)
✔ Stage 12 student identity and QR security (5.8278ms)
▶ Stage 12 lifecycle entities
  ✔ rotates an invite without deleting history (0.212ms)
  ✔ keeps one Enrollment id across remove and restore transitions (0.1577ms)
  ✔ issues an ACTIVE capability without any consumed result fields (0.1508ms)
✔ Stage 12 lifecycle entities (0.6953ms)
▶ ExerciseRecord domain rules
  ✔ applies V8.1 selectable thresholds, whole minutes and the 60-minute credit cap (0.7213ms)
  ✔ normalizes optional content without inventing a second sport taxonomy (0.7733ms)
✔ ExerciseRecord domain rules (2.0643ms)
▶ ExerciseReview domain rules
  ✔ normalizes a valid decision without inventing credited duration (0.7634ms)
  ✔ requires an approved invalid reason and nonblank OTHER detail (0.314ms)
  ✔ rejects reason codes on VALID decisions (0.1201ms)
✔ ExerciseReview domain rules (1.7438ms)
▶ ExerciseSession authoritative domain
  ✔ freezes the five states and every permitted lifecycle transition (0.8538ms)
  ✔ rejects terminal and otherwise invalid transitions (0.3199ms)
  ✔ uses exact whole server seconds for all boundary vectors (0.2066ms)
  ✔ preserves actual running time beyond two hours and rejects unsafe numeric totals (0.1124ms)
  ✔ keeps paused time separate from trusted activity time (1.1052ms)
  ✔ exposes only the stable public projection and preserves start businessDate (0.1309ms)
  ✔ uses the exact VALID credited-duration boundary for new-session admission (0.1317ms)
✔ ExerciseSession authoritative domain (3.488ms)
▶ Stage 19 Export and audit governance domain
  ✔ keeps every Export use case as an exact no-persistence default deny (0.6224ms)
  ✔ projects only action-specific audit metadata and recursively redacts sensitive keys (0.9467ms)
  ✔ bounds arrays, strings, and nesting depth in the public audit projection (0.1537ms)
✔ Stage 19 Export and audit governance domain (2.3135ms)
▶ FILE_JSON runtime secret loader
  ✔ loads only the frozen runtime keys from the mounted file (1.1457ms)
  ✔ reports every missing key by name without returning secret values (0.4019ms)
  ✔ rejects unsupported keys and duplicate container secrets (0.2203ms)
  ✔ requires FILE_JSON for staging and production but preserves local environment configuration (0.1146ms)
  ✔ redacts file-system failure details from the bootstrap error (0.1935ms)
✔ FILE_JSON runtime secret loader (2.7437ms)
[Nest] 3216  - 2026/09/12 13:27:54    WARN [HttpExceptionFilter] Object(9) {
  event: 'HTTP_REQUEST_REJECTED',
  requestId: 'req-unit',
  operationId: null,
  method: undefined,
  route: '/unknown',
  statusCode: 401,
  errorCode: 'AUTH_REQUIRED',
  invalidFields: undefined,
  reason: null
}
(node:3216) [DEP0040] DeprecationWarning: The `punycode` module is deprecated. Please use a userland alternative instead.
(Use `node --trace-deprecation ...` to show where the warning was created)
▶ Foundation time and identifiers
  ✔ generates UUIDv7 identifiers and supports a deterministic Clock (1.2585ms)
  ✔ derives businessDate from the organization timezone (0.7249ms)
✔ Foundation time and identifiers (2.5304ms)
▶ HTTP primitives
  ✔ logs the mapped application error status instead of the pre-filter response status (1.2957ms)
  ✔ accepts only bounded safe request IDs and generates a replacement (0.2232ms)
  ✔ wraps success and maps errors to exactly five public fields (1.5617ms)
✔ HTTP primitives (3.2168ms)
▶ Authentication cryptography
  ✔ hashes passwords with Argon2id and rejects a wrong password (172.3271ms)
  ✔ issues only the frozen claims and fails closed for expiration and tampering (6.659ms)
✔ Authentication cryptography (179.2989ms)
▶ Authorization and SystemMode
  ✔ enforces role metadata and rejects missing policy metadata (0.4713ms)
  ✔ denies ordinary mutations in READ_ONLY and unknown modes (0.2693ms)
✔ Authorization and SystemMode (0.8477ms)
▶ Idempotency, Audit, Outbox, and rate limiting
  ✔ validates an Idempotency-Key without creating persistence side effects (0.4442ms)
  ✔ recognizes direct adapter serialization failures without retrying unrelated database errors (0.1234ms)
  ✔ canonicalizes JSON and replays a stable encrypted response (2.2312ms)
  ✔ commits, recovers, completes, and exactly replays a staged idempotent response (1.5614ms)
  ✔ stores only allowlisted audit metadata and irreversible source digests (0.6626ms)
  ✔ enforces Outbox state ownership and fixed-window rate limits (0.312ms)
  ✔ redacts secrets and PII recursively (0.1497ms)
✔ Idempotency, Audit, Outbox, and rate limiting (5.643ms)
▶ HealthService
  ✔ preserves the published public readiness projection (1.2981ms)
  ✔ reports measured database, queue, object-storage and media-storage health to admins (2.2212ms)
  ✔ marks optional storage as not configured without probing it (0.1728ms)
  ✔ preserves the public readiness failure while attributing database failure in admin health (0.4204ms)
  ✔ reports a MinIO failure without leaking adapter error details (0.2002ms)
✔ HealthService (5.2006ms)
▶ location evidence raw cryptography
  ✔ round-trips AES-256-GCM and binds every row identity field as AAD (2.8311ms)
  ✔ rejects a modified ciphertext with a coordinate-free stable error (0.2373ms)
✔ location evidence raw cryptography (3.6401ms)
▶ location policy gate
  ✔ keeps disabled and incomplete policies disabled without supplying defaults (0.3047ms)
  ✔ returns only explicitly complete, enabled policy parameters (0.1152ms)
✔ location policy gate (0.5242ms)
▶ location sample fingerprinting and classification
  ✔ creates a stable keyed fingerprint and detects identical versus conflicting IDs (0.5012ms)
  ✔ classifies time, accuracy, and accepted out-of-order samples deterministically (0.3183ms)
✔ location sample fingerprinting and classification (0.9366ms)
▶ coarse projection and retention
  ✔ strips endpoints, emits coarse grid cells, and never embeds exact coordinates (0.383ms)
  ✔ selects raw and coarse expiry work deterministically with explicit limits (6.7671ms)
✔ coarse projection and retention (7.2694ms)
▶ LocationEvidenceService policy safety
  ✔ projects an explicitly disabled, incomplete policy without supplying defaults (0.8341ms)
  ✔ rejects enabling an incomplete policy before any row, audit, or outbox write (1.0869ms)
✔ LocationEvidenceService policy safety (2.4885ms)
▶ LocationEvidenceService secure intake and projection
  ✔ deduplicates identical samples and persists coordinates only inside ciphertext (2.086ms)
  ✔ returns the same coarse-only summary to student, responsible teacher, and admin (0.4238ms)
✔ LocationEvidenceService secure intake and projection (2.6139ms)
▶ LocationRetentionWorker
  ✔ deletes due raw secrets before metadata and expires coarse summaries atomically (1.5134ms)
  ✔ keeps audit and outbox evidence coordinate-free (0.2466ms)
  ✔ returns an empty result without writes and rejects invalid batch input (0.4244ms)
✔ LocationRetentionWorker (2.7491ms)
✔ makeup grants stay within the published seven-day closing period (0.835ms)
✔ makeup starts use server time and never become retroactively authorized (0.1654ms)
▶ MediaService expired pending upload cleanup
  ✔ fails an expired upload session and releases it from the active quota set (0.9221ms)
✔ MediaService expired pending upload cleanup (1.383ms)
✔ accepts WebP declarations for certification images but not exercise evidence (0.7569ms)
✔ reads actual certification WebP dimensions: sample-lossy.webp (11.8365ms)
✔ rejects truncated certification WebP even with matching transport digest: sample-lossy.webp (1.1182ms)
✔ reads actual certification WebP dimensions: sample-lossless.webp (7.0276ms)
✔ rejects truncated certification WebP even with matching transport digest: sample-lossless.webp (0.6604ms)
✔ verifies native MediaRecorder fragmented MP4 with zero movie duration across stream boundaries (44.5623ms)
✔ rejects invalid fragmented MP4 timelines: missing-fragments (0.8732ms)
✔ rejects invalid fragmented MP4 timelines: excessive-samples (1.5038ms)
✔ rejects invalid fragmented MP4 timelines: excessive-duration (1.6303ms)
✔ rejects invalid fragmented MP4 timelines: truncated (1.4915ms)
✔ rejects WebP with valid container lengths and image dimensions but missing compressed pixels (2.2842ms)
▶ MediaEvidence validation core
  ✔ separates declarations from verified image facts and computes SHA-256 from bytes (8.1247ms)
  ✔ accepts JPEG comment bytes that resemble a GPS tag but rejects a real GPS IFD (8.3813ms)
  ✔ rejects MIME spoofing, byte-size mismatches, location metadata, and the test signature (1.4972ms)
  ✔ keeps image limits while replacing exercise-video size rules with a fixed 15-second cap (0.199ms)
  ✔ streams video verification and enforces the trusted duration at the exact boundary (0.6705ms)
  ✔ accepts a 15-second audible WebM and verifies its actual tracks and duration (0.7175ms)
  ✔ rejects WebM duration overflow, missing audio, and location tags (0.6736ms)
  ✔ rejects an exercise video without a trusted audio track (0.4187ms)
  ✔ rejects an audio-only ISO media container even when it has a trusted audio handler (0.2667ms)
  ✔ rejects ISO location metadata without scanning random media payload bytes (0.4888ms)
✔ MediaEvidence validation core (21.774ms)
▶ Demand document and photo facts
  ✔ verifies a real PDF and rejects disguised or truncated document bytes (8.7172ms)
  ✔ preserves verified camera facts and accepts images with no EXIF (10.8459ms)
✔ Demand document and photo facts (19.6889ms)
✔ successful retry ignores historical rolled-back failure regardless of row order (1.5196ms)
✔ rolled-back attempt alone is not an applied migration (0.1018ms)
✔ unresolved attempt blocks readiness even if another row is finished (0.1055ms)
✔ duplicate active completions are rejected (0.0985ms)
✔ applied checksum mismatch still blocks readiness (0.0969ms)
✔ database errors fail closed (0.1344ms)
✔ explicit mapping retains duplicate and missing personnel rows and source evidence without confirming (1.2098ms)
✔ 500 rows accepted and 501 rejected including duplicate/error rows; missing mapping and ambiguous cells cannot silently pass (9.8043ms)
✔ OCR physical confirmation requires source review and exact identity, project, time and date (2.1263ms)
✔ selection cannot hide duplicates, but unrelated unresolved rows remain pending (0.7706ms)
✔ paper roster retains duplicates, original spelling and source without inventing registration (1.2371ms)
✔ all source rows need review and valid required fields; duplicates count toward 500 (2.0386ms)
✔ OCR source preserves ambiguous text, duplicate cells, confidence and source binding without changing input (1.273ms)
✔ OCR unknown confidence remains unavailable; malformed coordinates, confidence, provider failure and empty detection reject (0.4616ms)
✔ provider evidence bounds reject excessive cells and text before draft admission (0.283ms)
▶ TencentDB PostgreSQL TLS configuration
  ✔ uses explicit pool fields so connection-string parsing cannot replace strict TLS (1.0216ms)
  ✔ preserves local connection-string behavior when no managed CA is configured (0.1275ms)
  ✔ rejects insecure URL overrides and incomplete CA files without exposing input values (0.535ms)
✔ TencentDB PostgreSQL TLS configuration (2.2632ms)
▶ Stage 13 alignment run lifecycle
  ✔ freezes a RUNNING revision before computation and persists FAILED plus outbox on a domain failure (1.971ms)
  ✔ maps a non-retried serializable snapshot race to the stable stale-snapshot error (0.1917ms)
  ✔ projects exactly the public run contract and drops internal snapshot scope and failure details (0.3287ms)
✔ Stage 13 alignment run lifecycle (3.0471ms)
▶ Stage 13 deterministic roster alignment
  ✔ classifies every subject into exactly one of the six frozen outcomes (1.2427ms)
  ✔ keeps fingerprints, subject keys, normalization, and result order deterministic (0.5105ms)
  ✔ classifies official duplicates without merging identities, regardless of input order or platform match (0.2572ms)
✔ Stage 13 deterministic roster alignment (2.5602ms)
▶ Official roster staged import lifecycle
  ✔ commits RECEIVED and its outbox event before parsing, then completes atomically (1.9356ms)
✔ Official roster staged import lifecycle (2.4342ms)
(node:35348) [DEP0040] DeprecationWarning: The `punycode` module is deprecated. Please use a userland alternative instead.
(Use `node --trace-deprecation ...` to show where the warning was created)
▶ Stage 13 private roster ingestion
  ✔ streams a strict CSV upload into a server-generated private key (7.3936ms)
  ✔ rejects path-like names and unsupported OFFICIAL_API without retaining an object (2.1122ms)
  ✔ normalizes leading-zero identifiers and marks every duplicate row non-valid (2.9415ms)
  ✔ uses static four-digit grade-year bounds for roster rows (0.7526ms)
✔ Stage 13 private roster ingestion (13.7947ms)
(node:436) [DEP0040] DeprecationWarning: The `punycode` module is deprecated. Please use a userland alternative instead.
(Use `node --trace-deprecation ...` to show where the warning was created)
✔ roster multipart has an inclusive 100 MiB limit independent of JSON configuration (866.3323ms)
✔ missing responses remain unobserved and never claim completed implementation (60.4396ms)
✔ valid success alone remains partial while valid denial of disabled routes is counted (54.9414ms)
✔ invalid responses and successful disabled routes fail without being marked validated (55.0954ms)
✔ complete valid runtime evidence passes and is reported precisely (55.5895ms)
✔ disabled manifest count, duplicate and unknown entries cannot silently pass (166.96ms)
✔ runtime log rotation preserves complete JSON lines and bounds the dedicated files (40.175ms)
(node:32312) [DEP0040] DeprecationWarning: The `punycode` module is deprecated. Please use a userland alternative instead.
(Use `node --trace-deprecation ...` to show where the warning was created)
▶ S3 media storage key contract
  ✔ accepts the exact private key shape generated by MediaService (17.1842ms)
  ✔ rejects keys with extra path segments before signing (0.8865ms)
✔ S3 media storage key contract (18.6699ms)
(node:36456) [DEP0040] DeprecationWarning: The `punycode` module is deprecated. Please use a userland alternative instead.
(Use `node --trace-deprecation ...` to show where the warning was created)
▶ S3 object storage streaming uploads
  ✔ uploads an unknown-length stream in bounded multipart chunks without buffering the whole file (8.9108ms)
  ✔ uses the managed uploader for a small unknown-length stream (1.2008ms)
  ✔ aborts a failed multipart upload and maps the failure to the stable dependency error (5.1388ms)
✔ S3 object storage streaming uploads (15.8325ms)
▶ Stage 18 Score domain
  ✔ matches every frozen formula boundary with HALF_UP rounding and a hard cap (1.2907ms)
  ✔ applies approved adjustments in immutable chronological order and rejects overflow (0.3199ms)
  ✔ denies student access to legacy course score projections under V8.1 (0.2169ms)
✔ Stage 18 Score domain (2.4062ms)
✔ saved reports with all work complete permit readiness on any page (1.2855ms)
✔ off-page work and unavailable facts block readiness even when reports exist (0.6741ms)
✔ a semester without courses has no course settlement blockers (0.1418ms)
▶ SMTP auth-code delivery
  ✔ labels administrator identity OTP distinctly in both languages (0.6766ms)
  ✔ retries bounded transient failures and sends the bilingual-safe template (0.5687ms)
  ✔ fails after three attempts instead of retrying without a bound (0.3585ms)
✔ SMTP auth-code delivery (2.2299ms)
(node:38036) [DEP0040] DeprecationWarning: The `punycode` module is deprecated. Please use a userland alternative instead.
(Use `node --trace-deprecation ...` to show where the warning was created)
▶ staging business closure operator safety gates
  ✔ uses closed-catalog audit identifiers (0.5583ms)
  ✔ never reflects an arbitrary command-line value into status output (0.1633ms)
  ✔ bounds QR interruption recovery to three synthetic invite rotations (0.4618ms)
  ✔ accepts only the domain ACTIVE state as fresh join-capability database evidence (0.1652ms)
  ✔ runs a fresh session start/replay/stale/cancel sequence on every clean invocation (11.325ms)
  ✔ cancels an interrupted operator session and still executes a fresh session sequence (0.5278ms)
  ✔ permits destructive database tests only on the dedicated confirmed loopback target (0.3414ms)
  ✔ confines presigned uploads to the staging bucket media image prefix (0.1892ms)
  ✔ requires staging, exact confirmation, an absolute secret path and the canonical HTTPS API (0.3011ms)
  ✔ loads exactly the isolated fixture keys without exposing rejected values (0.5197ms)
  ✔ rejects non-isolated passwords, reserved mailboxes, oversized input and invalid UTF-8 (0.2609ms)
  ✔ fails closed unless the fixture secret is a root-owned 0640 regular file for gid 10001 (0.2211ms)
  ✔ accepts OTP only through the injected hidden-input boundary (0.1693ms)
  ✔ accepts only the staging CVM-role, TEST_SIGNATURE worker and Tencent SES runtime boundary (0.5756ms)
✔ staging business closure operator safety gates (16.6309ms)
(node:9588) [DEP0040] DeprecationWarning: The `punycode` module is deprecated. Please use a userland alternative instead.
(Use `node --trace-deprecation ...` to show where the warning was created)
▶ staging health operator safety gates
  ✔ uses database-valid closed-catalog audit identifiers (0.468ms)
  ✔ requires staging, an exact confirmation, an absolute secret path and the Docker URL (0.7643ms)
  ✔ loads only the isolated fixture password key and never echoes invalid values (0.2763ms)
✔ staging health operator safety gates (2.0571ms)
(node:21188) [DEP0040] DeprecationWarning: The `punycode` module is deprecated. Please use a userland alternative instead.
(Use `node --trace-deprecation ...` to show where the warning was created)
▶ staging R01 provisioning operator
  ✔ loads exactly four isolated staff values from a hardened secret file (1.0874ms)
  ✔ rejects unsafe metadata, unknown keys and non-isolated identities without exposing values (0.4625ms)
  ✔ requires the exact staging command, confirmation and absolute secret path (0.2518ms)
  ✔ rejects every current and retired R01 secret key from environment without reflecting values (0.3182ms)
  ✔ accepts only the exact TLS-protected staging runtime database boundary (0.373ms)
  ✔ builds a result containing only safe aliases, counts and component labels (0.2053ms)
✔ staging R01 provisioning operator (3.3539ms)
✔ student settlement excludes teacher-only and unexpected nested fields without mutating the snapshot (1.0699ms)
✔ unknown student facts remain null rather than becoming successful zero values (0.1033ms)
▶ Course domain
  ✔ normalizes CourseCode and starts Course as ACTIVE version 1 (0.5045ms)
  ✔ fails closed for invalid codes and increments version only for a real update (0.6579ms)
  ✔ projects only the authoritative public Course fields (0.2451ms)
✔ Course domain (1.9486ms)
▶ ClassSection domain
  ✔ normalizes fields and atomically validates the complete calendar value object (0.5246ms)
  ✔ rejects invalid class codes, incomplete daily time pairs, and non-owner teachers (0.2022ms)
  ✔ rejects invalid windows and excluded dates outside the section range (0.1317ms)
  ✔ closes without deleting history and rejects a second close (0.1489ms)
  ✔ rejects ordinary writes to an archived section and projects no close internals (0.1838ms)
✔ ClassSection domain (1.3646ms)
▶ Scoped cursor
  ✔ binds opaque cursors to organization, principal, filters, sort, and limit (1.5616ms)
✔ Scoped cursor (1.6378ms)
(node:29044) [DEP0040] DeprecationWarning: The `punycode` module is deprecated. Please use a userland alternative instead.
(Use `node --trace-deprecation ...` to show where the warning was created)
▶ Tencent CVM role AWS credential bridge
  ✔ maps temporary credentials and the security token for COS requests (0.8951ms)
  ✔ a long-lived S3 client obtains rotated Tencent credentials instead of caching the first token forever (18.6636ms)
  ✔ fails closed without exposing provider details or accepting an absent token (0.4298ms)
✔ Tencent CVM role AWS credential bridge (20.615ms)
(node:16356) [DEP0040] DeprecationWarning: The `punycode` module is deprecated. Please use a userland alternative instead.
(Use `node --trace-deprecation ...` to show where the warning was created)
▶ Tencent SES authentication-code delivery
  ✔ uses the administrator identity purpose for both locales (0.9103ms)
  ✔ uses the approved template as a trigger email without exposing provider credentials (0.1914ms)
  ✔ retries with a bound limit and returns a stable unavailable error (0.4239ms)
✔ Tencent SES authentication-code delivery (2.0649ms)
✔ seven calendar weeks allow 21 slots even when each start window is one minute (12.7775ms)
✔ a passed local start window is not counted at publication (0.4801ms)
✔ deadline before local daily opening excludes that day (0.2626ms)
✔ daily and shared weekly limits include exclusions and partial weeks (0.2845ms)
✔ category targets may require separate slots even when their total is unchanged (0.3946ms)
✔ semester dates cap nominal course dates and expired plans have no capacity (0.3669ms)
✔ V8.1 records preserve actual minutes and credit only whole minutes above the threshold (0.5041ms)
✔ V8.1 category caps require a joint choice instead of choosing the earliest daily record (7.6276ms)
✔ V8.1 dynamic selection agrees with an independent exhaustive subset oracle (12.3182ms)
✔ V8.1 equal totals retain the previously credited combination (0.2009ms)
✔ Supplement interruption compensation uses the union and cannot resurrect prior expiry (0.3065ms)
✔ Review reasons and one-time supplement restrictions cannot be bypassed (0.2433ms)
✔ creates all four documented 101-row tables and matches every integer second uniquely (26.84ms)
✔ rejects invalid edits and deletions, including grades and increasing scores (0.7969ms)
✔ allows incomplete drafts and finite fractional negative sort weights (0.659ms)
✔ requires both bodies and keywords for every publication and preserves legal transitions (0.5584ms)
✔ preserves student-number zeros, quoted cells and ambiguous time in the review draft (3.6177ms)
✔ rejects missing or duplicate columns, invalid UTF-8, broken CSV and configured resource limits (1.2828ms)
✔ parses explicit seconds and minutes while refusing ambiguous decimal notation (1.7968ms)
✔ matches exact student numbers, flags every duplicate, and never confirms rows automatically (0.6692ms)
✔ reads XLSX draft with displayed student zeros, ambiguous time and explicit date formats (12.5095ms)
✔ rejects formula results, merged cells, absent sheets and oversized row ranges (6.7158ms)
✔ recognition and exercise preserve category targets without counting overflow twice (0.8788ms)
✔ actual exercise remains separated into invalid, pending, credited and valid uncredited durations (0.1545ms)
✔ invalid projections fail rather than producing a negative remainder or false completion (0.1891ms)
✔ registration requires verified email, target enrollment and exact identity instead of equal totals (0.6793ms)
✔ duplicate official identities preserve every row and leave denominator unresolved (0.1748ms)
✔ outside members are separate and ambiguous platform identities are never merged (0.1354ms)
✔ keeps displayed identifiers, duplicate identities, invalid rows and source cell text (14.4519ms)
✔ counts all 500 personnel rows including duplicates and invalid identities, rejecting 501 (21.0537ms)
✔ rejects ambiguous sheets, missing identity columns, formulas and merged source cells (6.3878ms)
✔ the server accepts the fifteen-minute boundary and grants thirty minutes from acceptance (1.7295ms)
✔ a late intake requires an explicit explanation and routes to offline handling (0.2995ms)
✔ twenty-four hours is the final offline boundary and a future server end is rejected (0.112ms)
✔ overlapping transfer interruptions add their union and preserve elapsed transfer time (0.2192ms)
✔ an open interruption pauses the current transfer window and does not renew it (0.0965ms)
✔ an interruption after a genuinely expired transfer cannot revive it (0.0931ms)
✔ confirmation exactly at the thirty-minute boundary is on time (0.0667ms)
✔ preserves employee zeros and parses optional college; forbids password columns (4.9913ms)
✔ marks every duplicate row and database conflict while accepting custom email domains (0.8857ms)
✔ enforces the teacher batch initial-password rule without imposing it on personal passwords (0.1465ms)
✔ admits stored and deflated XLSX within declared budgets (9.174ms)
✔ rejects declared expansion and entry budgets before spreadsheet parsing (2.5414ms)
✔ rejects truncated directories and mismatched local size claims (1.4771ms)
✔ bounds actual inflation even when local and central sizes consistently understate output (1.3705ms)
✔ checks stored entry byte length and CRC rather than trusting directory metadata (1.2286ms)
ℹ tests 272
ℹ suites 49
ℹ pass 272
ℹ fail 0
ℹ cancelled 0
ℹ skipped 0
ℹ todo 0
ℹ duration_ms 23660.2812
