
> @bnbu/backend-contract-checks@0.0.0 lint:openapi
> redocly lint ../../docs/backend-contracts/openapi.yaml --format=stylish --max-problems=1000


    ╔═══════════════════════════════════════════════════════╗
    ║                                                       ║
    ║  A new version of Redocly CLI (2.52.1) is available.  ║
    ║  Update now: `npm i -g @redocly/cli@latest`.          ║
    ║  Changelog: https://redocly.com/docs/cli/changelog/   ║
    ║                                                       ║
    ╚═══════════════════════════════════════════════════════╝

No configurations were provided -- using built in recommended configuration by default.

validating ..\..\docs\backend-contracts\openapi.yaml...
..\..\docs\backend-contracts\openapi.yaml:
  801:7     warning  operation-2xx-response                   Operation must have at least one `2XX` response.
  870:7     warning  operation-2xx-response                   Operation must have at least one `2XX` response.
  21091:17  warning  no-required-schema-properties-undefined  Required property 'sheetName' is not defined.
  21095:19  warning  no-required-schema-properties-undefined  Required property 'sheetName' is not defined.
  3039:7    warning  operation-2xx-response                   Operation must have at least one `2XX` response.
  3077:7    warning  operation-2xx-response                   Operation must have at least one `2XX` response.
  3109:7    warning  operation-2xx-response                   Operation must have at least one `2XX` response.
  3143:7    warning  operation-2xx-response                   Operation must have at least one `2XX` response.
  3183:7    warning  operation-2xx-response                   Operation must have at least one `2XX` response.
  3219:7    warning  operation-2xx-response                   Operation must have at least one `2XX` response.
  3274:7    warning  operation-2xx-response                   Operation must have at least one `2XX` response.
  3304:7    warning  operation-2xx-response                   Operation must have at least one `2XX` response.
  3339:7    warning  operation-2xx-response                   Operation must have at least one `2XX` response.
  3379:7    warning  operation-2xx-response                   Operation must have at least one `2XX` response.
  3461:7    warning  operation-2xx-response                   Operation must have at least one `2XX` response.
  3499:7    warning  operation-2xx-response                   Operation must have at least one `2XX` response.
  3539:7    warning  operation-2xx-response                   Operation must have at least one `2XX` response.
  3575:7    warning  operation-2xx-response                   Operation must have at least one `2XX` response.
  23800:17  warning  no-required-schema-properties-undefined  Required property 'titleZh' is not defined.
  23801:17  warning  no-required-schema-properties-undefined  Required property 'titleEn' is not defined.
  23802:17  warning  no-required-schema-properties-undefined  Required property 'bodyZh' is not defined.
  23803:17  warning  no-required-schema-properties-undefined  Required property 'bodyEn' is not defined.
  23804:17  warning  no-required-schema-properties-undefined  Required property 'estimatedRecoveryAt' is not defined.
  24758:29  warning  no-required-schema-properties-undefined  Required property 'email' is not defined.
  24759:29  warning  no-required-schema-properties-undefined  Required property 'identityVerifiedByAdmin' is not defined.
  24762:25  warning  no-required-schema-properties-undefined  Required property 'identityChallengeId' is not defined.
  14472:7   warning  operation-2xx-response                   Operation must have at least one `2XX` response.
  25556:5   warning  no-unused-components                     Component: "V81AdminKind" is never used.
  25562:5   warning  no-unused-components                     Component: "V81AdminPermission" is never used.
  25574:5   warning  no-unused-components                     Component: "V81CreatedAccountStatus" is never used.
  25579:5   warning  no-unused-components                     Component: "V81SwimIntakeKind" is never used.
  25585:5   warning  no-unused-components                     Component: "V81EvidencePhase" is never used.
  25592:5   warning  no-unused-components                     Component: "V81SettlementCheckStatus" is never used.
  25599:5   warning  no-unused-components                     Component: "V81FeedbackCategory" is never used.
  25608:5   warning  no-unused-components                     Component: "V81FeedbackStatus" is never used.
  25617:5   warning  no-unused-components                     Component: "V81HelpCategory" is never used.
  25631:5   warning  no-unused-components                     Component: "V81HelpStatus" is never used.
  25638:5   warning  no-unused-components                     Component: "V81EnduranceGender" is never used.
  25644:5   warning  no-unused-components                     Component: "V81EnduranceCohort" is never used.
  25650:5   warning  no-unused-components                     Component: "V81RunType" is never used.
  25656:5   warning  no-unused-components                     Component: "V81EnduranceTier" is never used.
  25664:5   warning  no-unused-components                     Component: "V81MissingPhysicalStatus" is never used.
  25670:5   warning  no-unused-components                     Component: "V81RegistrationStatus" is never used.
  25678:5   warning  no-unused-components                     Component: "V81RosterRowStatus" is never used.
  25684:5   warning  no-unused-components                     Component: "V81RosterSourceKind" is never used.
  25690:5   warning  no-unused-components                     Component: "V81PhysicalStatus" is never used.
  25697:5   warning  no-unused-components                     Component: "V81JoinableSectionStatus" is never used.
  25703:5   warning  no-unused-components                     Component: "V81OcrPurpose" is never used.
  25709:5   warning  no-unused-components                     Component: "V81OcrAttemptStatus" is never used.
  25715:5   warning  no-unused-components                     Component: "V81OcrJobStatus" is never used.
  25723:5   warning  no-unused-components                     Component: "V81OcrField" is never used.
  25732:5   warning  no-unused-components                     Component: "V81MaterialVersion" is never used.
  25738:5   warning  no-unused-components                     Component: "V81MakeupStatus" is never used.
  25746:5   warning  no-unused-components                     Component: "V81SemesterStatus" is never used.
  25753:5   warning  no-unused-components                     Component: "V81AuditSource" is never used.
  25759:5   warning  no-unused-components                     Component: "V81RuntimeArchiveStatus" is never used.
  25769:5   warning  no-unused-components                     Component: "V81OcrConfigSource" is never used.
  25775:5   warning  no-unused-components                     Component: "V81OcrProvider" is never used.
  25781:5   warning  no-unused-components                     Component: "V81IdentityVerificationStatus" is never used.
  25786:5   warning  no-unused-components                     Component: "V81ManagedAccountStatus" is never used.
  25792:5   warning  no-unused-components                     Component: "V81RecordWorkflowStage" is never used.
  25802:5   warning  no-unused-components                     Component: "V81RosterAlignmentRule" is never used.
  25808:5   warning  no-unused-components                     Component: "V81ExerciseMinimumMinutes" is never used.
  25815:5   warning  no-unused-components                     Component: "V81WeeklyRecordLimit" is never used.
  25822:5   warning  no-unused-components                     Component: "V81TeacherReviewAction" is never used.
  25829:5   warning  no-unused-components                     Component: "V81SupplementHours" is never used.
  25835:5   warning  no-unused-components                     Component: "V81ProgressStatus" is never used.
  25841:5   warning  no-unused-components                     Component: "V81CertificationType" is never used.
  25847:5   warning  no-unused-components                     Component: "V81CertificationStatus" is never used.
  25857:5   warning  no-unused-components                     Component: "V81SemesterTerm" is never used.
  17512:5   warning  no-unused-components                     Component: "ScoreRuleSuccess" is never used.
  17518:5   warning  no-unused-components                     Component: "ScoreRuleListSuccess" is never used.
  17530:5   warning  no-unused-components                     Component: "StudentScoreListSuccess" is never used.
  17536:5   warning  no-unused-components                     Component: "ScoreAdjustmentSuccess" is never used.
  17542:5   warning  no-unused-components                     Component: "ScoreAdjustmentListSuccess" is never used.

..\..\docs\backend-contracts\openapi.yaml: validated in 433ms

Woohoo! Your API description is valid. 🎉
You have 75 warnings.
5 problems are explicitly ignored.


