 Image bnbu-v81-local-validation-backend-browser Building 
#1 [internal] load local bake definitions
#1 reading from stdin 636B 0.0s done
#1 DONE 0.0s

#2 [internal] load build definition from Dockerfile.v81-test
#2 transferring dockerfile: 828B done
#2 DONE 0.0s

#3 [auth] library/node:pull token for registry-1.docker.io
#3 DONE 0.0s

#4 [internal] load metadata for docker.io/library/node:24.18.0-bookworm-slim
#4 DONE 1.6s

#5 [internal] load .dockerignore
#5 transferring context: 153B done
#5 DONE 0.0s

#6 [ 1/11] FROM docker.io/library/node:24.18.0-bookworm-slim@sha256:6f7b03f7c2c8e2e784dcf9295400527b9b1270fd37b7e9a7285cf83b6951452d
#6 resolve docker.io/library/node:24.18.0-bookworm-slim@sha256:6f7b03f7c2c8e2e784dcf9295400527b9b1270fd37b7e9a7285cf83b6951452d 0.0s done
#6 DONE 0.1s

#7 [internal] load build context
#7 transferring context: 18.76MB 0.9s done
#7 DONE 0.9s

#8 [ 2/11] RUN apt-get update && apt-get install -y --no-install-recommends openssl ca-certificates && rm -rf /var/lib/apt/lists/*
#8 CACHED

#9 [ 3/11] WORKDIR /workspace/backend
#9 CACHED

#10 [ 4/11] COPY backend/package.json backend/package-lock.json ./
#10 CACHED

#11 [ 5/11] RUN npm ci --ignore-scripts --no-audit --no-fund
#11 CACHED

#12 [ 6/11] COPY backend/ ./
#12 DONE 0.3s

#13 [ 7/11] COPY docs/backend-contracts/ /workspace/docs/backend-contracts/
#13 DONE 0.2s

#14 [ 8/11] COPY tools/ /workspace/tools/
#14 DONE 0.1s

#15 [ 9/11] COPY BNBU-Sports-Web-new/frontend/student/ /workspace/BNBU-Sports-Web-new/frontend/student/
#15 DONE 0.2s

#16 [10/11] COPY BNBU-Sports-Web-new/portal-teacher-admin/app/ /workspace/BNBU-Sports-Web-new/portal-teacher-admin/app/
#16 DONE 0.1s

#17 [11/11] RUN npm run db:generate
#17 0.399 
#17 0.399 > @bnbu/sports-backend@0.1.0 db:generate
#17 0.399 > prisma generate
#17 0.399 
#17 1.052 Loaded Prisma config from prisma.config.ts.
#17 1.052 
#17 3.915 Prisma schema loaded from prisma/schema.prisma.
#17 5.567 
#17 5.567 ✔ Generated Prisma Client (7.9.1) to ./src/generated/prisma in 977ms
#17 5.567 
#17 DONE 5.8s

#18 exporting to image
#18 exporting layers
#18 exporting layers 1.9s done
#18 exporting manifest sha256:6cfaf4eeacdc0c020b4633923d62eaaf3b62736b03093f234a83f82488093f88 0.0s done
#18 exporting config sha256:d59217cdd7784725eb28a5551bbe592ff0d0ff2e5d96483c7090e297743bb8f1 0.0s done
#18 exporting attestation manifest sha256:d11a750437ca4c4764c2bf83e8543649e139cc607be7ae5b451aabf92a9529e6 0.0s done
#18 exporting manifest list sha256:3075b384c3caada0d212661d5f5b35041eb21528949a7d1509fb18d0bfd00984
#18 exporting manifest list sha256:3075b384c3caada0d212661d5f5b35041eb21528949a7d1509fb18d0bfd00984 0.0s done
#18 naming to docker.io/library/bnbu-v81-local-validation-backend-browser:latest done
#18 unpacking to docker.io/library/bnbu-v81-local-validation-backend-browser:latest
#18 unpacking to docker.io/library/bnbu-v81-local-validation-backend-browser:latest 1.0s done
#18 DONE 3.1s

#19 resolving provenance for metadata file
#19 DONE 0.0s
 Image bnbu-v81-local-validation-backend-browser Built 
