#0 building with "desktop-linux" instance using docker driver

#1 [internal] load build definition from Dockerfile.portal
#1 transferring dockerfile: 2.70kB done
#1 DONE 0.0s

#2 [internal] load metadata for docker.io/library/node:24.18.0-bookworm-slim
#2 DONE 0.4s

#3 [internal] load .dockerignore
#3 transferring context: 153B done
#3 DONE 0.0s

#4 [node-base 1/2] FROM docker.io/library/node:24.18.0-bookworm-slim@sha256:6f7b03f7c2c8e2e784dcf9295400527b9b1270fd37b7e9a7285cf83b6951452d
#4 resolve docker.io/library/node:24.18.0-bookworm-slim@sha256:6f7b03f7c2c8e2e784dcf9295400527b9b1270fd37b7e9a7285cf83b6951452d 0.0s done
#4 CACHED

#5 [internal] load build context
#5 ...

#6 [runtime 2/7] RUN test -n "bugfix-20260910"     && test -n "b83b302c1f02f9463ee0ab79150742571ebb18b2"     && test -n "2026-09-10T10:41:21.5675899Z"     && test -n "3.0.0-v81-local-draft"     && test -n "1e44e5804d0f1e8172e28cce30895d1c1f9a68c3"     && test -n "bugfix-20260910"
#6 DONE 0.6s

#5 [internal] load build context
#5 ...

#7 [runtime 3/7] WORKDIR /app
#7 DONE 0.1s

#5 [internal] load build context
#5 ...

#8 [runtime 4/7] RUN groupadd --system --gid 10001 bnbu     && useradd --system --uid 10001 --gid bnbu --home-dir /app --shell /usr/sbin/nologin bnbu
#8 0.489 useradd warning: bnbu's uid 10001 is greater than SYS_UID_MAX 999
#8 DONE 0.6s

#5 [internal] load build context
#5 transferring context: 90.60MB 5.0s
#5 transferring context: 103.78MB 5.8s done
#5 DONE 5.8s

#9 [build 2/7] WORKDIR /workspace/BNBU-Sports-Web-new/portal-teacher-admin
#9 CACHED

#10 [build 3/7] COPY BNBU-Sports-Web-new/portal-teacher-admin/package.json BNBU-Sports-Web-new/portal-teacher-admin/package-lock.json ./
#10 CACHED

#11 [build 4/7] RUN --mount=type=cache,target=/root/.npm,sharing=locked     npm ci --no-audit --no-fund
#11 CACHED

#12 [build 5/7] COPY BNBU-Sports-Web-new/portal-teacher-admin/ ./
#12 DONE 0.6s

#13 [build 6/7] COPY BNBU-Sports-Web-new/frontend/student/ /workspace/BNBU-Sports-Web-new/frontend/student/
#13 DONE 0.1s

#14 [build 7/7] RUN npm run build
#14 0.523 
#14 0.523 > bnbu-pe-management-portal@0.1.0 build
#14 0.523 > vinext build
#14 0.523 
#14 0.824 
#14 0.824   vinext build  (Vite 8.2.1)
#14 0.824 
#14 2.481 [1/5] analyze client references...
#14 2.552 [2K
transforming...✓ 88 modules transformed.
#14 3.189 rendering chunks...
#14 3.196 ✓ built in 713ms
#14 3.201 [2/5] analyze server references...
#14 3.212 [2K
transforming...✓ 204 modules transformed.
#14 3.624 rendering chunks...
#14 3.626 ✓ built in 425ms
#14 3.630 [3/5] build rsc environment...
#14 3.639 [2K
transforming...✓ 94 modules transformed.
#14 4.018 rendering chunks...
#14 4.043 computing gzip size...
#14 4.052 ✓ built in 421ms
#14 4.056 [4/5] build client environment...
#14 4.067 [2K
transforming...✓ 1952 modules transformed.
#14 4.916 rendering chunks...
#14 5.054 computing gzip size...
#14 5.064 [plugin builtin:vite-reporter] 
#14 5.064 (!) Some chunks are larger than 500 kB after minification. Consider:
#14 5.064 - Using dynamic import() to code-split the application
#14 5.064 - Use build.rolldownOptions.output.codeSplitting to improve chunking: https://rolldown.rs/reference/OutputOptions.codeSplitting
#14 5.064 - Adjust chunk size limit for this warning via build.chunkSizeWarningLimit.
#14 5.066 ✓ built in 1.01s
#14 5.074 [5/5] build ssr environment...
#14 5.084 [2K
transforming...✓ 274 modules transformed.
#14 5.691 rendering chunks...
#14 5.748 computing gzip size...
#14 5.765 ✓ built in 690ms
#14 5.769 
#14 5.770   Route (app)
#14 5.770   ┌ ? /                     
#14 5.770   └ ? /phase5b-contract-mock
#14 5.770 
#14 5.770   ? Unknown
#14 5.770 
#14 5.770   ? Some routes could not be classified. vinext currently uses static analysis
#14 5.770     and cannot detect dynamic API usage (headers(), cookies(), etc.) at build time.
#14 5.770     Automatic classification will be improved in a future release.
#14 5.770 
#14 5.770   Build complete. Run `vinext start` to start the production server.
#14 5.770 
#14 5.872 npm notice
#14 5.872 npm notice New major version of npm available! 11.16.0 -> 12.0.2
#14 5.872 npm notice Changelog: https://github.com/npm/cli/releases/tag/v12.0.2
#14 5.872 npm notice To update run: npm install -g npm@12.0.2
#14 5.872 npm notice
#14 DONE 6.0s

#15 [runtime 5/7] COPY --from=build --chown=bnbu:bnbu /workspace/BNBU-Sports-Web-new/portal-teacher-admin/package.json /workspace/BNBU-Sports-Web-new/portal-teacher-admin/package-lock.json ./
#15 DONE 0.1s

#16 [runtime 6/7] COPY --from=build --chown=bnbu:bnbu /workspace/BNBU-Sports-Web-new/portal-teacher-admin/node_modules ./node_modules
#16 DONE 7.5s

#17 [runtime 7/7] COPY --from=build --chown=bnbu:bnbu /workspace/BNBU-Sports-Web-new/portal-teacher-admin/dist ./dist
#17 DONE 0.3s

#18 exporting to image
#18 exporting layers
#18 exporting layers 23.2s done
#18 exporting manifest sha256:df3e52708771be6c4b887d3a5fa868b5167b68801055704e62c99530bcabe31f 0.1s done
#18 exporting config sha256:2f4c0efd1056d72fcf85d2223b74dc1f6b9eabccfd9f5fea5779ee34fc13b0c9 0.0s done
#18 exporting attestation manifest sha256:4229d48713ea20b4f9ca213199a579780d953877da71b04585dcaf69f6786315 0.1s done
#18 exporting manifest list sha256:4494fb90c4a786f8c292f846778184b3281ad8b354bd1a10660f2b9bb107a5cb
#18 exporting manifest list sha256:4494fb90c4a786f8c292f846778184b3281ad8b354bd1a10660f2b9bb107a5cb 0.0s done
#18 naming to docker.io/library/bnbu-portal-production:b83b302c-bugfix done
#18 unpacking to docker.io/library/bnbu-portal-production:b83b302c-bugfix
#18 unpacking to docker.io/library/bnbu-portal-production:b83b302c-bugfix 9.6s done
#18 DONE 33.1s

View build details: docker-desktop://dashboard/build/desktop-linux/desktop-linux/70mfewfbuunjdlej49oxpwb1u
