{"check":"STUDENT_BROWSER_SMTP_LOGIN","result":"PASS"}
{"check":"STUDENT_HOME_CONTENT","hasCourse":true,"hasProgress":true,"hasLoginForm":false}
{"check":"STUDENT_BROWSER_SESSION_RELOAD","result":"PASS","apiResponses":[{"path":"/api/v1/system-mode/announcement","status":200},{"path":"/api/v1/auth/student-sign-in-codes","status":202},{"path":"/api/v1/auth/student-sign-in-codes/verify","status":200},{"path":"/api/v1/me","status":200},{"path":"/api/v1/semesters/current","status":200},{"path":"/api/v1/exemption-application-details","status":200},{"path":"/api/v1/class-sections","status":200},{"path":"/api/v1/system-mode/announcement","status":200},{"path":"/api/v1/me","status":200},{"path":"/api/v1/semesters/current","status":200},{"path":"/api/v1/class-sections","status":200},{"path":"/api/v1/exercise-records","status":200},{"path":"/api/v1/enrollments","status":200},{"path":"/api/v1/exercise-sessions/active","status":200},{"path":"/api/v1/exemption-application-details","status":200},{"path":"/api/v1/activity-certification-applications","status":200},{"path":"/api/v1/notifications","status":200},{"path":"/api/v1/me/preferences","status":200},{"path":"/api/v1/student-progress","status":200},{"path":"/api/v1/courses/01a07e71-e996-75ea-954d-b7cc3f58a87e","status":200},{"path":"/api/v1/teachers/01a07e71-e996-75ea-954d-972f21b28c7e","status":200},{"path":"/api/v1/enrollments/01a07f08-bf78-701c-8057-7d9d4d8f11dc/roster-status","status":200},{"path":"/api/v1/student/enrollments/01a07f08-bf78-701c-8057-7d9d4d8f11dc/physical-result","status":200},{"path":"/api/v1/class-sections/01a07e71-e996-75ea-954d-c7a274194c52/progress-target","status":200},{"path":"/api/v1/student/proof-todos","status":200},{"path":"/api/v1/class-sections/01a07e71-e996-75ea-954d-c7a274194c52/v81-rules","status":200}]}
{"check":"STUDENT_BROWSER_CAMERA_START_CAPTURE_PAUSE_RESUME","result":"PASS","cameraSource":"browser synthetic camera","durationCredit":"not tested"}
{"check":"CAPTURED_MATERIAL_BYTE_EVIDENCE","drafts":[{"type":"image","bytes":10047,"display":"10.0 KB"},{"type":"video","bytes":572491,"display":"572.5 KB"}]}
{"check":"CAPTURED_PHOTO_VIDEO_REAL_BYTE_COUNTS","result":"PASS","drafts":[{"type":"image","bytes":10047,"display":"10.0 KB"},{"type":"video","bytes":572491,"display":"572.5 KB"}]}
{"check":"REAL_SERVER_ELAPSED_WAIT_STARTED","minutes":30,"expectedFinish":"2026-09-10T09:57:07.833Z"}
{"check":"REAL_SERVER_ELAPSED_WAIT","remainingSeconds":1742}
{"check":"REAL_SERVER_ELAPSED_WAIT","remainingSeconds":1682}
{"check":"REAL_SERVER_ELAPSED_WAIT","remainingSeconds":1622}
{"check":"REAL_SERVER_ELAPSED_WAIT","remainingSeconds":1562}
{"check":"REAL_SERVER_ELAPSED_WAIT","remainingSeconds":1502}
{"check":"REAL_SERVER_ELAPSED_WAIT","remainingSeconds":1442}
{"check":"REAL_SERVER_ELAPSED_WAIT","remainingSeconds":1382}
{"check":"REAL_SERVER_ELAPSED_WAIT","remainingSeconds":1322}
{"check":"REAL_SERVER_ELAPSED_WAIT","remainingSeconds":1262}
{"check":"REAL_SERVER_ELAPSED_WAIT","remainingSeconds":1202}
{"check":"REAL_SERVER_ELAPSED_WAIT","remainingSeconds":1142}
{"check":"REAL_SERVER_ELAPSED_WAIT","remainingSeconds":1082}
{"check":"REAL_SERVER_ELAPSED_WAIT","remainingSeconds":1022}
{"check":"REAL_SERVER_ELAPSED_WAIT","remainingSeconds":962}
{"check":"REAL_SERVER_ELAPSED_WAIT","remainingSeconds":902}
{"check":"REAL_SERVER_ELAPSED_WAIT","remainingSeconds":842}
{"check":"REAL_SERVER_ELAPSED_WAIT","remainingSeconds":782}
{"check":"REAL_SERVER_ELAPSED_WAIT","remainingSeconds":722}
{"check":"REAL_SERVER_ELAPSED_WAIT","remainingSeconds":662}
{"check":"REAL_SERVER_ELAPSED_WAIT","remainingSeconds":602}
{"check":"REAL_SERVER_ELAPSED_WAIT","remainingSeconds":542}
{"check":"REAL_SERVER_ELAPSED_WAIT","remainingSeconds":482}
{"check":"REAL_SERVER_ELAPSED_WAIT","remainingSeconds":422}
{"check":"REAL_SERVER_ELAPSED_WAIT","remainingSeconds":362}
{"check":"REAL_SERVER_ELAPSED_WAIT","remainingSeconds":302}
{"check":"REAL_SERVER_ELAPSED_WAIT","remainingSeconds":242}
{"check":"REAL_SERVER_ELAPSED_WAIT","remainingSeconds":182}
{"check":"REAL_SERVER_ELAPSED_WAIT","remainingSeconds":122}
{"check":"REAL_SERVER_ELAPSED_WAIT","remainingSeconds":62}
{"check":"REAL_SERVER_ELAPSED_WAIT","remainingSeconds":2}
{"check":"REAL_SERVER_ELAPSED_WAIT","remainingSeconds":0}
{"check":"PAUSE_RESUME_AFTER_REAL_THRESHOLD","result":"PASS"}
{"check":"REAL_ELAPSED_SERVER_FINISH","result":"PASS","actualDurationSeconds":1813}
{"check":"STUDENT_BROWSER_SMTP_LOGIN","result":"FAIL","stage":"CAMERA_UPLOAD_SUBMIT","type":"TimeoutError","failedRequests":[{"path":"/api/v1/exercise-sessions/01a08aa4-3a90-77dc-93fc-268e595926d5","status":401},{"path":"/api/v1/media-uploads/01a08abf-ee78-70a0-9d9b-7a074fd54c82/confirm","status":422}]}
