
> @bnbu/backend-contract-checks@0.0.0 lint:openapi
> redocly lint ../../docs/backend-contracts/openapi.yaml --format=stylish --max-problems=1000


    ╔═══════════════════════════════════════════════════════╗
    ║                                                       ║
    ║  A new version of Redocly CLI (2.51.2) is available.  ║
    ║  Update now: `npm i -g @redocly/cli@latest`.          ║
    ║  Changelog: https://redocly.com/docs/cli/changelog/   ║
    ║                                                       ║
    ╚═══════════════════════════════════════════════════════╝

No configurations were provided -- using built in recommended configuration by default.

validating ..\..\docs\backend-contracts\openapi.yaml...
..\..\docs\backend-contracts\openapi.yaml:
  802:7     warning  operation-2xx-response                   Operation must have at least one `2XX` response.
  871:7     warning  operation-2xx-response                   Operation must have at least one `2XX` response.
  20675:17  warning  no-required-schema-properties-undefined  Required property 'sheetName' is not defined.
  20679:19  warning  no-required-schema-properties-undefined  Required property 'sheetName' is not defined.
  3040:7    warning  operation-2xx-response                   Operation must have at least one `2XX` response.
  3078:7    warning  operation-2xx-response                   Operation must have at least one `2XX` response.
  3110:7    warning  operation-2xx-response                   Operation must have at least one `2XX` response.
  3144:7    warning  operation-2xx-response                   Operation must have at least one `2XX` response.
  3184:7    warning  operation-2xx-response                   Operation must have at least one `2XX` response.
  3220:7    warning  operation-2xx-response                   Operation must have at least one `2XX` response.
  3275:7    warning  operation-2xx-response                   Operation must have at least one `2XX` response.
  3305:7    warning  operation-2xx-response                   Operation must have at least one `2XX` response.
  3340:7    warning  operation-2xx-response                   Operation must have at least one `2XX` response.
  3380:7    warning  operation-2xx-response                   Operation must have at least one `2XX` response.
  3462:7    warning  operation-2xx-response                   Operation must have at least one `2XX` response.
  3500:7    warning  operation-2xx-response                   Operation must have at least one `2XX` response.
  3540:7    warning  operation-2xx-response                   Operation must have at least one `2XX` response.
  3576:7    warning  operation-2xx-response                   Operation must have at least one `2XX` response.
  23393:17  warning  no-required-schema-properties-undefined  Required property 'titleZh' is not defined.
  23394:17  warning  no-required-schema-properties-undefined  Required property 'titleEn' is not defined.
  23395:17  warning  no-required-schema-properties-undefined  Required property 'bodyZh' is not defined.
  23396:17  warning  no-required-schema-properties-undefined  Required property 'bodyEn' is not defined.
  23397:17  warning  no-required-schema-properties-undefined  Required property 'estimatedRecoveryAt' is not defined.
  14495:7   warning  operation-2xx-response                   Operation must have at least one `2XX` response.
  25138:5   warning  no-unused-components                     Component: "V81AdminKind" is never used.
  25144:5   warning  no-unused-components                     Component: "V81AdminPermission" is never used.
  25156:5   warning  no-unused-components                     Component: "V81CreatedAccountStatus" is never used.
  25161:5   warning  no-unused-components                     Component: "V81SwimIntakeKind" is never used.
  25167:5   warning  no-unused-components                     Component: "V81EvidencePhase" is never used.
  25174:5   warning  no-unused-components                     Component: "V81SettlementCheckStatus" is never used.
  25181:5   warning  no-unused-components                     Component: "V81FeedbackCategory" is never used.
  25190:5   warning  no-unused-components                     Component: "V81FeedbackStatus" is never used.
  25199:5   warning  no-unused-components                     Component: "V81HelpCategory" is never used.
  25213:5   warning  no-unused-components                     Component: "V81HelpStatus" is never used.
  25220:5   warning  no-unused-components                     Component: "V81EnduranceGender" is never used.
  25226:5   warning  no-unused-components                     Component: "V81EnduranceCohort" is never used.
  25232:5   warning  no-unused-components                     Component: "V81RunType" is never used.
  25238:5   warning  no-unused-components                     Component: "V81EnduranceTier" is never used.
  25246:5   warning  no-unused-components                     Component: "V81MissingPhysicalStatus" is never used.
  25252:5   warning  no-unused-components                     Component: "V81RegistrationStatus" is never used.
  25260:5   warning  no-unused-components                     Component: "V81RosterRowStatus" is never used.
  25266:5   warning  no-unused-components                     Component: "V81RosterSourceKind" is never used.
  25272:5   warning  no-unused-components                     Component: "V81PhysicalStatus" is never used.
  25279:5   warning  no-unused-components                     Component: "V81JoinableSectionStatus" is never used.
  25285:5   warning  no-unused-components                     Component: "V81OcrPurpose" is never used.
  25291:5   warning  no-unused-components                     Component: "V81OcrAttemptStatus" is never used.
  25297:5   warning  no-unused-components                     Component: "V81OcrJobStatus" is never used.
  25305:5   warning  no-unused-components                     Component: "V81OcrField" is never used.
  25314:5   warning  no-unused-components                     Component: "V81MaterialVersion" is never used.
  25320:5   warning  no-unused-components                     Component: "V81MakeupStatus" is never used.
  25328:5   warning  no-unused-components                     Component: "V81SemesterStatus" is never used.
  25335:5   warning  no-unused-components                     Component: "V81AuditSource" is never used.
  25341:5   warning  no-unused-components                     Component: "V81RuntimeArchiveStatus" is never used.
  25351:5   warning  no-unused-components                     Component: "V81OcrConfigSource" is never used.
  25357:5   warning  no-unused-components                     Component: "V81OcrProvider" is never used.
  25363:5   warning  no-unused-components                     Component: "V81IdentityVerificationStatus" is never used.
  25368:5   warning  no-unused-components                     Component: "V81ManagedAccountStatus" is never used.
  25374:5   warning  no-unused-components                     Component: "V81RecordWorkflowStage" is never used.
  25384:5   warning  no-unused-components                     Component: "V81RosterAlignmentRule" is never used.
  25390:5   warning  no-unused-components                     Component: "V81ExerciseMinimumMinutes" is never used.
  25397:5   warning  no-unused-components                     Component: "V81WeeklyRecordLimit" is never used.
  25404:5   warning  no-unused-components                     Component: "V81TeacherReviewAction" is never used.
  25411:5   warning  no-unused-components                     Component: "V81SupplementHours" is never used.
  25417:5   warning  no-unused-components                     Component: "V81ProgressStatus" is never used.
  25423:5   warning  no-unused-components                     Component: "V81CertificationType" is never used.
  25429:5   warning  no-unused-components                     Component: "V81CertificationStatus" is never used.
  25439:5   warning  no-unused-components                     Component: "V81SemesterTerm" is never used.
  17122:5   warning  no-unused-components                     Component: "ScoreRuleSuccess" is never used.
  17128:5   warning  no-unused-components                     Component: "ScoreRuleListSuccess" is never used.
  17140:5   warning  no-unused-components                     Component: "StudentScoreListSuccess" is never used.
  17146:5   warning  no-unused-components                     Component: "ScoreAdjustmentSuccess" is never used.
  17152:5   warning  no-unused-components                     Component: "ScoreAdjustmentListSuccess" is never used.

..\..\docs\backend-contracts\openapi.yaml: validated in 538ms

Woohoo! Your API description is valid. 🎉
You have 72 warnings.
5 problems are explicitly ignored.


