#0 building with "desktop-linux" instance using docker driver

#1 [internal] load build definition from Dockerfile
#1 transferring dockerfile: 2.53kB done
#1 DONE 0.0s

#2 [internal] load metadata for docker.io/library/node:24.18.0-bookworm-slim
#2 ...

#3 [auth] library/node:pull token for registry-1.docker.io
#3 DONE 0.0s

#2 [internal] load metadata for docker.io/library/node:24.18.0-bookworm-slim
#2 DONE 1.8s

#4 [internal] load .dockerignore
#4 transferring context: 153B done
#4 DONE 0.0s

#5 [node-base 1/2] FROM docker.io/library/node:24.18.0-bookworm-slim@sha256:6f7b03f7c2c8e2e784dcf9295400527b9b1270fd37b7e9a7285cf83b6951452d
#5 resolve docker.io/library/node:24.18.0-bookworm-slim@sha256:6f7b03f7c2c8e2e784dcf9295400527b9b1270fd37b7e9a7285cf83b6951452d 0.0s done
#5 DONE 0.0s

#6 [internal] load build context
#6 transferring context: 65.39kB 0.1s done
#6 DONE 0.1s

#7 [node-base 2/2] RUN apt-get update   && apt-get install --yes --no-install-recommends openssl   && rm -rf /var/lib/apt/lists/*
#7 CACHED

#8 [dependencies 1/3] WORKDIR /workspace/backend
#8 CACHED

#9 [dependencies 2/3] COPY backend/package.json backend/package-lock.json ./
#9 CACHED

#10 [dependencies 3/3] RUN npm ci
#10 CACHED

#11 [build 2/5] COPY --from=dependencies /workspace/backend/node_modules ./node_modules
#11 CACHED

#12 [build 3/5] COPY backend/ ./
#12 DONE 0.3s

#13 [build 4/5] COPY docs/backend-contracts/openapi.yaml /workspace/docs/backend-contracts/openapi.yaml
#13 DONE 0.1s

#14 [build 5/5] RUN npm run db:generate   && npm run db:migration:check   && npm run build   && npm run openapi:check
#14 0.598 
#14 0.598 > @bnbu/sports-backend@0.1.0 db:generate
#14 0.598 > prisma generate
#14 0.598 
#14 1.330 Loaded Prisma config from prisma.config.ts.
#14 1.330 
#14 1.390 Prisma schema loaded from prisma/schema.prisma.
#14 2.870 
#14 2.870 ✔ Generated Prisma Client (7.9.1) to ./src/generated/prisma in 901ms
#14 2.870 
#14 2.937 npm notice
#14 2.937 npm notice New major version of npm available! 11.16.0 -> 12.0.2
#14 2.937 npm notice Changelog: https://github.com/npm/cli/releases/tag/v12.0.2
#14 2.937 npm notice To update run: npm install -g npm@12.0.2
#14 2.937 npm notice
#14 3.045 
#14 3.045 > @bnbu/sports-backend@0.1.0 db:migration:check
#14 3.045 > node ./scripts/check-migration-safety.mjs
#14 3.045 
#14 3.092 0001_greenfield_foundation: PASS (12 table declarations, 23 foreign keys, 22 unique indexes, 88 checks, 38 total indexes, sha256=0573e3d13018e0db103ef4b605eb35278723174507b37379425a489b10e1462d)
#14 3.092 0002_teaching_structure: PASS (3 table declarations, 14 foreign keys, 6 unique indexes, 20 checks, 12 total indexes, sha256=bc62c8cc42989da02eb5be92c7c68f64a72b90e6a41b3913c169333d5fbfbc41)
#14 3.092 0003_identity_enrollment_qr_join: PASS (4 table declarations, 20 foreign keys, 13 unique indexes, 34 checks, 25 total indexes, sha256=032b2f001638de63495bdb8d9bd3979ab54679eaaa7802d7526c6e5e24aaa5b7)
#14 3.092 0004_official_roster_alignment: PASS (6 table declarations, 27 foreign keys, 24 unique indexes, 60 checks, 34 total indexes, sha256=bcfcde0c5cbb2a6bb0097f57b97f4d1f576dd90a4ff8e290a5c34f7605554b3a)
#14 3.092 0005_exercise_session: PASS (3 table declarations, 12 foreign keys, 8 unique indexes, 19 checks, 15 total indexes, sha256=d26ea3da255e6522c893cae9f89d7d1229c4db2f6e43c4d25edfca811cac41f4)
#14 3.092 0006_media_evidence: PASS (4 table declarations, 10 foreign keys, 7 unique indexes, 25 checks, 13 total indexes, sha256=81fb6be00696084be87248445941909e04dfb130aff448585d602caa4c73cf31)
#14 3.092 0007_exercise_record: PASS (5 table declarations, 22 foreign keys, 18 unique indexes, 22 checks, 26 total indexes, sha256=d78b14c17acd1fa1f39760504525a2b1df3755472149b343da9709157bcf534f)
#14 3.092 0008_review_core: PASS (0 table declarations, 0 foreign keys, 0 unique indexes, 2 checks, 0 total indexes, sha256=6e9e15d01fb41ec26cf6dedd2969f7471d69dc6595004eb477b5ec8d2c766eff)
#14 3.093 0009_score: PASS (9 table declarations, 36 foreign keys, 16 unique indexes, 10 checks, 27 total indexes, sha256=1a4a21a6c4097cbeaaf1c8b8e7b3faef3db774f84296988f7edb9c288c06282d)
#14 3.093 0010_export_audit_governance: PASS (0 table declarations, 0 foreign keys, 0 unique indexes, 1 checks, 0 total indexes, sha256=42aea4159d943b1c1c541ef8558c123d0e88d8e5aed06fd462aeabc1f98fe3df)
#14 3.093 0011_client_capabilities: PASS (27 table declarations, 67 foreign keys, 38 unique indexes, 86 checks, 71 total indexes, sha256=78acf3c51ef2c3be25c7b9c534f487c65653bec7486535ccb889df12eeb56da6)
#14 3.093 0012_ios_auth_release_exemption: PASS (0 table declarations, 2 foreign keys, 2 unique indexes, 6 checks, 3 total indexes, sha256=7b36c521540b5d20916c1858da90d464fce9952c4ab686d8d16125dd2c1aabfa)
#14 3.093 0013_production_rate_limits: PASS (1 table declarations, 0 foreign keys, 0 unique indexes, 4 checks, 1 total indexes, sha256=e6333720a29643af6d6eddef0a67710b742c76348060e9eef89a35c5c2b6abae)
#14 3.093 0014_email_only_auth: PASS (1 table declarations, 2 foreign keys, 0 unique indexes, 9 checks, 2 total indexes, sha256=c0ce94ec0551f293453839ff19d361dd1da109c69eed308f3dc92176de916927)
#14 3.093 0015_email_verification_fk_alignment: PASS (0 table declarations, 2 foreign keys, 0 unique indexes, 0 checks, 0 total indexes, sha256=f96b84e50b1510c340c54eea8e7a99301c8db7185362c1db47540b2c43065b95)
#14 3.093 0016_optional_course_exercise_description: PASS (0 table declarations, 0 foreign keys, 0 unique indexes, 1 checks, 0 total indexes, sha256=7e7292a85b086a830b84c52eebc1bd63d967775165aafb779346d3c2e85291ef)
#14 3.093 0017_exemption_application_details: PASS (0 table declarations, 0 foreign keys, 0 unique indexes, 1 checks, 0 total indexes, sha256=1f04f19f20c0a13006779d11c2bddb643650463e3051eed8c3e6a14e5730f959)
#14 3.093 0018_default_valid_exercise_reviews: PASS (0 table declarations, 0 foreign keys, 0 unique indexes, 1 checks, 0 total indexes, sha256=c3d1e0e589a8c4e86ab3b86c3429a29e2eadd5c8f2157483e39ad86b4eebec20)
#14 3.093 0019_default_valid_initial_review_constraint: PASS (0 table declarations, 0 foreign keys, 0 unique indexes, 1 checks, 0 total indexes, sha256=3fb294065f22698fb924672911455588745cb39a40d343c91261b3b774cd3be0)
#14 3.093 0020_staging_fixture_audit_action: PASS (0 table declarations, 0 foreign keys, 0 unique indexes, 1 checks, 0 total indexes, sha256=16c52db05868a0c6c70324480808195e657c8e520def4f38b5be353d8afb95e7)
#14 3.093 0021_v81_business_foundation: PASS (10 table declarations, 6 foreign keys, 1 unique indexes, 4 checks, 2 total indexes, sha256=e186ec0643c5078f3f0ae66dc42d7d64f520b1769c984480b53e7e462da00c48)
#14 3.093 0022_v81_account_security: PASS (1 table declarations, 1 foreign keys, 0 unique indexes, 0 checks, 0 total indexes, sha256=ee028dd013e8f05c0b01842e59eb36b62725dc423f72491058fec1681b96ea84)
#14 3.093 0023_v81_application_materials: PASS (1 table declarations, 0 foreign keys, 0 unique indexes, 0 checks, 0 total indexes, sha256=1498ef026619fbaea92273771a214c4c52142f9b317040531fa6b35f9da70333)
#14 3.093 0024_v81_certification_revocation: PASS (0 table declarations, 0 foreign keys, 0 unique indexes, 5 checks, 0 total indexes, sha256=26694a1c5af1ed627b265ee68d94a7ef7db9ed13bc8bae717454975b2961544a)
#14 3.093 0025_v81_swim_intake: PASS (2 table declarations, 0 foreign keys, 0 unique indexes, 0 checks, 0 total indexes, sha256=5543531edb6f15f2b26c3ac96109e613c31dc7677a557cd981aabbb61076e103)
#14 3.093 0026_v81_final_grades: PASS (1 table declarations, 0 foreign keys, 0 unique indexes, 0 checks, 0 total indexes, sha256=7abf9cd899f19cf98700f475bffd93c1fab8ff29f73da65a66af5aa8e8cfd2dd)
#14 3.093 0027_v81_feedback_history: PASS (0 table declarations, 0 foreign keys, 0 unique indexes, 3 checks, 0 total indexes, sha256=5c22362fb2de003cdcd1d633e1e592cebfe2822fe00fdd7a39140fbfaf740d7c)
#14 3.093 0028_v81_feedback_mutation: PASS (0 table declarations, 0 foreign keys, 0 unique indexes, 0 checks, 0 total indexes, sha256=57c2517c1236dc3c89505417b1e07c8f3b0e550008b7fe2485794046bb5f8b06)
#14 3.093 0029_v81_help_articles: PASS (2 table declarations, 2 foreign keys, 0 unique indexes, 0 checks, 1 total indexes, sha256=e4bbc78d48d06ad11c9ba7e2bcafb9862f026e14f200bf0088b95cc101f060b7)
#14 3.094 0030_v81_endurance_tables: PASS (2 table declarations, 2 foreign keys, 0 unique indexes, 0 checks, 1 total indexes, sha256=30f823b38ad324f74a72109995af54331ed59257b7b0ce52432a5c3c6ed7a396)
#14 3.094 0031_v81_physical_results: PASS (1 table declarations, 0 foreign keys, 0 unique indexes, 0 checks, 1 total indexes, sha256=dfb7180cded77132d7179ba254d7aa562165a186f26ff93d5295bc347aea0b37)
#14 3.094 0032_v81_physical_imports: PASS (3 table declarations, 2 foreign keys, 0 unique indexes, 0 checks, 0 total indexes, sha256=bad349d195355ced6316e300a03281ab3cc6a9bf8c985ab5546b25a8abad1c79)
#14 3.094 0033_v81_physical_source_format: PASS (0 table declarations, 0 foreign keys, 0 unique indexes, 1 checks, 0 total indexes, sha256=0e61e6e9cc27caf88c47182c2940466ac90508228f0c9e4a02de37e10c9c4259)
#14 3.094 0034_v81_confirmed_rosters: PASS (1 table declarations, 0 foreign keys, 0 unique indexes, 0 checks, 0 total indexes, sha256=c7b508294af2194e66fc66b4d2b1fe08afdadd5cac399c57e595a1083c9981b5)
#14 3.094 0035_v81_roster_source_format: PASS (0 table declarations, 0 foreign keys, 0 unique indexes, 1 checks, 0 total indexes, sha256=8224462b5b0794d641a51913423449114a23ef31058121fff3b1b61de151585d)
#14 3.094 0036_v81_ocr_sources: PASS (2 table declarations, 2 foreign keys, 0 unique indexes, 0 checks, 1 total indexes, sha256=5ee403aa67d1fd7f054867970b938428a6dfc04ada60c3b7d8af3b85eb19a02f)
#14 3.094 0037_v81_ocr_jobs: PASS (1 table declarations, 2 foreign keys, 1 unique indexes, 0 checks, 2 total indexes, sha256=4c3d8e3f52e0cb08ee4ebb28e2873e41ed3feff6845df2aa825b96f9ccf88f51)
#14 3.094 0038_v81_ocr_drafts: PASS (1 table declarations, 0 foreign keys, 0 unique indexes, 0 checks, 0 total indexes, sha256=a98144737c9fba4c59b7debf018121934de4f63ac67949ada33acb145ffaac2b)
#14 3.094 0039_v81_ocr_physical_confirmations: PASS (1 table declarations, 2 foreign keys, 0 unique indexes, 0 checks, 0 total indexes, sha256=43c5a7cdda652a08db0016ac77622941abf3e0940d32169f57729790dc690574)
#14 3.094 0040_v81_unified_roster_basis: PASS (1 table declarations, 1 foreign keys, 0 unique indexes, 1 checks, 0 total indexes, sha256=e7d8504ecf1783c6026dc39b9bf30e2f8a8fdb498d85e1d5e3c2a8637d5ae2b6)
#14 3.094 0041_v81_makeup_windows: PASS (3 table declarations, 0 foreign keys, 0 unique indexes, 0 checks, 1 total indexes, sha256=f32de0982ee64f89dca6a145f396bbc5e5e3b13a9183a9a053f6fa3baaae86e6)
#14 3.094 0042_v81_rule_templates: PASS (1 table declarations, 0 foreign keys, 0 unique indexes, 0 checks, 0 total indexes, sha256=eda7feb70f54ebbdf0fb58ea00a5ad147783e126058a10ea79ab6ef1196cebb8)
#14 3.094 0043_v81_course_reminder_dedup: PASS (0 table declarations, 0 foreign keys, 1 unique indexes, 0 checks, 1 total indexes, sha256=e1d8784e724c07c2e495e75638141ca1d4efe1f971dd8ec01e8ce9ec113ec772)
#14 3.094 0044_v81_runtime_archives: PASS (2 table declarations, 2 foreign keys, 0 unique indexes, 0 checks, 1 total indexes, sha256=38269392dff282563af680485f7241c9d6340249d93a0cbadcad7c4d90da1bfd)
#14 3.094 0045_v81_runtime_archive_cleanup: PASS (1 table declarations, 0 foreign keys, 0 unique indexes, 0 checks, 0 total indexes, sha256=e8a36da93cc131a7deed880a82a19c6baa577bf9bb79281b1301c8fd98ac3504)
#14 3.094 0046_v81_history_subjects: PASS (1 table declarations, 1 foreign keys, 0 unique indexes, 0 checks, 0 total indexes, sha256=bef72026a1dcfcc7f98ca657a96b7d44264664f3ee6ba36de27b44c6267bd34f)
#14 3.095 0047_v81_history_references: PASS (0 table declarations, 66 foreign keys, 0 unique indexes, 0 checks, 0 total indexes, sha256=3fc46b985973adf8a6368e703e70695dd7ef3ba7feb1fad2d1489027ccc3ce37)
#14 3.095 0048_v81_account_deletion_challenges: PASS (1 table declarations, 1 foreign keys, 1 unique indexes, 0 checks, 2 total indexes, sha256=e5559f528ddf9a7f0c721cfe98b417be323e0dc092c8ad928b72ee1f17a7fb2e)
#14 3.095 0049_v81_session_history_subjects: PASS (0 table declarations, 13 foreign keys, 0 unique indexes, 0 checks, 0 total indexes, sha256=030d81f760c847792cf2c4553b6cca622af507978292e1c689a4dfa38fa7af33)
#14 3.095 0050_v81_event_actor_snapshot: PASS (0 table declarations, 0 foreign keys, 0 unique indexes, 0 checks, 0 total indexes, sha256=04a087a6f87d6aa78414250a1e37657f2562397a7db39fe3d421179356a1f3cd)
#14 3.095 0051_v81_system_event_provenance: PASS (0 table declarations, 0 foreign keys, 0 unique indexes, 2 checks, 0 total indexes, sha256=ee97ca48860a6affdf7850610990b75875a3aea57dab48b6b3891cdd4ebc04f8)
#14 3.095 0052_v81_ocr_service_governance: PASS (2 table declarations, 2 foreign keys, 0 unique indexes, 0 checks, 0 total indexes, sha256=f59b2fbc95280a007095928bb025dc31b4eb9f65410bcf322d548a860bc1597e)
#14 3.095 0053_v81_subadmin_identity: PASS (1 table declarations, 1 foreign keys, 0 unique indexes, 0 checks, 1 total indexes, sha256=53d597f9af53418012556c46294dc33402ce5c211d2257b043e03c3a3fa2b9a7)
#14 3.095 0054_v81_subadmin_ephemeral_cleanup: PASS (0 table declarations, 0 foreign keys, 0 unique indexes, 0 checks, 0 total indexes, sha256=e84e7822d2165e638aad2d16299a8c3eb4f82f080e2008229b8bdff48d6604fc)
#14 3.095 0055_v81_invite_revocation: PASS (0 table declarations, 0 foreign keys, 0 unique indexes, 1 checks, 0 total indexes, sha256=bec4a3aa12113dbfbb99cd3b8c602488b240d24ce66ee0cbc164c1160391f2db)
#14 3.095 0056_v81_settlement_reports: PASS (1 table declarations, 0 foreign keys, 0 unique indexes, 2 checks, 0 total indexes, sha256=0702a3cb58b7e8d08e4fd906c8aac9dc84c1796c3b70bb2def82fb7f4e468c86)
#14 3.095 0057_v81_roster_duplicates: PASS (0 table declarations, 0 foreign keys, 0 unique indexes, 2 checks, 0 total indexes, sha256=4e1024d7c712988e4943f81a3d5a8c5ef6eea5c7fcb69bafdaecf28416c49ae6)
#14 3.095 0058_client_diagnostics_rate_limit: PASS (0 table declarations, 0 foreign keys, 0 unique indexes, 2 checks, 0 total indexes, sha256=272231dc372198eddc8ab24170081d848b5b2433dc8cdcebed8dd83dfccd3aa3)
#14 3.095 0059_v81_recognition_adjustment: PASS (0 table declarations, 0 foreign keys, 0 unique indexes, 1 checks, 0 total indexes, sha256=704131acbd9be53c3cf24b6896dae42de1d913786c071d6351c385d1c2d1eaff)
#14 3.095 Migration safety: PASS (59 registered migrations; static checks do not replace database execution)
#14 3.174 
#14 3.174 > @bnbu/sports-backend@0.1.0 prebuild
#14 3.174 > npm run db:generate && npm run generate
#14 3.174 
#14 3.246 
#14 3.246 > @bnbu/sports-backend@0.1.0 db:generate
#14 3.246 > prisma generate
#14 3.246 
#14 3.743 Loaded Prisma config from prisma.config.ts.
#14 3.743 
#14 3.787 Prisma schema loaded from prisma/schema.prisma.
#14 5.189 ┌─────────────────────────────────────────────────────────┐
#14 5.189 │  Update available 7.9.1 -> 8.0.0-rc.13                  │
#14 5.189 │                                                         │
#14 5.189 │  This is a major update - please follow the guide at    │
#14 5.189 │  https://pris.ly/d/major-version-upgrade                │
#14 5.189 │                                                         │
#14 5.189 │  Run the following to update                            │
#14 5.189 │    npm i --save-dev prisma@latest                       │
#14 5.189 │    npm i @prisma/client@latest                          │
#14 5.189 └─────────────────────────────────────────────────────────┘
#14 5.189 
#14 5.189 ✔ Generated Prisma Client (7.9.1) to ./src/generated/prisma in 855ms
#14 5.189 
#14 5.330 
#14 5.330 > @bnbu/sports-backend@0.1.0 generate
#14 5.330 > npm run openapi:generate && npm run db:manifest:generate
#14 5.330 
#14 5.404 
#14 5.404 > @bnbu/sports-backend@0.1.0 openapi:generate
#14 5.404 > node ./scripts/generate-openapi.mjs
#14 5.404 
#14 6.050 Generated 3 OpenAPI artifacts from 254 operations.
#14 6.161 
#14 6.161 > @bnbu/sports-backend@0.1.0 db:manifest:generate
#14 6.161 > node ./scripts/generate-migration-manifest.mjs
#14 6.161 
#14 6.187 Generated migration manifest updated.
#14 6.203 
#14 6.203 > @bnbu/sports-backend@0.1.0 build
#14 6.203 > nest build
#14 6.203 
#14 ...

#5 [node-base 1/2] FROM docker.io/library/node:24.18.0-bookworm-slim@sha256:6f7b03f7c2c8e2e784dcf9295400527b9b1270fd37b7e9a7285cf83b6951452d
#5 CACHED

#14 [build 5/5] RUN npm run db:generate   && npm run db:migration:check   && npm run build   && npm run openapi:check
#14 21.24 
#14 21.24 > @bnbu/sports-backend@0.1.0 openapi:check
#14 21.24 > node ./scripts/generate-openapi.mjs --check
#14 21.24 
#14 21.86 Generated OpenAPI artifacts: PASS (254 operations)
#14 DONE 21.9s

#15 [production-dependencies 2/3] COPY backend/package.json backend/package-lock.json ./
#15 CACHED

#16 [production-dependencies 3/3] RUN npm ci --omit=dev
#16 CACHED

#17 [production-dependencies 1/3] WORKDIR /app
#17 CACHED

#18 [runtime 2/5] RUN groupadd --system --gid 10001 bnbu && useradd --system --uid 10001 --gid bnbu --home-dir /nonexistent --shell /usr/sbin/nologin bnbu
#18 CACHED

#19 [runtime 3/5] COPY --from=production-dependencies --chown=bnbu:bnbu /app/node_modules ./node_modules
#19 CACHED

#20 [runtime 4/5] COPY --from=build --chown=bnbu:bnbu /workspace/backend/dist ./dist
#20 DONE 0.4s

#21 [runtime 5/5] COPY --from=build --chown=bnbu:bnbu /workspace/backend/package.json ./package.json
#21 DONE 0.2s

#22 exporting to image
#22 exporting layers
#22 exporting layers 0.6s done
#22 exporting manifest sha256:c72752b3848c902cf3709ef1e7224ad0d7ea63a0472aefe1ce33aa1b7b468d0c 0.0s done
#22 exporting config sha256:d776e8bbead61305628bde34ce547c3f27fdb87c7e5aa4d9f387efc1a8999e08 0.0s done
#22 exporting attestation manifest sha256:af4e16b62c5d9c415bec256835e2ca2611b053bf702fcb0cea2d7d59a637005d
#22 exporting attestation manifest sha256:af4e16b62c5d9c415bec256835e2ca2611b053bf702fcb0cea2d7d59a637005d 0.0s done
#22 exporting manifest list sha256:684f803c1ee7fb97ce8d03e1515a0e0dd610e923f3a07c92a1d50fdade26eee5 0.0s done
#22 naming to docker.io/library/bnbu-backend-production:b83b302c-bugfix done
#22 unpacking to docker.io/library/bnbu-backend-production:b83b302c-bugfix
#22 unpacking to docker.io/library/bnbu-backend-production:b83b302c-bugfix 0.4s done
#22 DONE 1.2s

View build details: docker-desktop://dashboard/build/desktop-linux/desktop-linux/ujib79tab1t4xyx9w4dnpwefw
