TAP version 13
# Subtest: imported teacher without an email verification timestamp can recover using the delivered code
ok 1 - imported teacher without an email verification timestamp can recover using the delivered code
  ---
  duration_ms: 403.726875
  type: 'test'
  ...
# Subtest: wrong, expired and locked recovery codes cannot change a teacher password
ok 2 - wrong, expired and locked recovery codes cannot change a teacher password
  ---
  duration_ms: 357.174028
  type: 'test'
  ...
# Subtest: disabled teacher still cannot reset a password after proving mailbox ownership
ok 3 - disabled teacher still cannot reset a password after proving mailbox ownership
  ---
  duration_ms: 121.773691
  type: 'test'
  ...
# Subtest: deleted, unknown, wrong-role and unverified primary admin accounts remain ineligible
ok 4 - deleted, unknown, wrong-role and unverified primary admin accounts remain ineligible
  ---
  duration_ms: 492.579793
  type: 'test'
  ...
1..4
# tests 4
# suites 0
# pass 4
# fail 0
# cancelled 0
# skipped 0
# todo 0
# duration_ms 1829.502484