
> @bnbu/sports-backend@0.1.0 test
> node ./scripts/run-test-layer.mjs unit

[Nest] 32532  - 2026/09/16 15:11:06     LOG [AokSendAuthCodeDeliveryAdapter] Object(5) {
  event: 'AUTH_EMAIL_PROVIDER_RESULT',
  deliveryId: 'synthetic-delivery',
  provider: 'AOKSEND',
  outcome: 'ACCEPTED',
  elapsedMs: 11
}
[Nest] 32532  - 2026/09/16 15:11:06    WARN [AokSendAuthCodeDeliveryAdapter] Object(8) {
  event: 'AUTH_EMAIL_PROVIDER_FALLBACK',
  deliveryId: 'synthetic-delivery',
  primary: 'AOKSEND',
  fallback: 'TENCENT_SES',
  failure: 'HTTP',
  httpStatus: 503,
  providerCode: undefined,
  elapsedMs: 1
}
[Nest] 32532  - 2026/09/16 15:11:06     LOG [AokSendAuthCodeDeliveryAdapter] Object(5) {
  event: 'AUTH_EMAIL_PROVIDER_RESULT',
  deliveryId: 'synthetic-delivery',
  provider: 'TENCENT_SES',
  outcome: 'ACCEPTED',
  elapsedMs: 0
}
[Nest] 32532  - 2026/09/16 15:11:06    WARN [AokSendAuthCodeDeliveryAdapter] Object(8) {
  event: 'AUTH_EMAIL_PROVIDER_FALLBACK',
  deliveryId: 'synthetic-delivery',
  primary: 'AOKSEND',
  fallback: 'TENCENT_SES',
  failure: 'PROVIDER_REJECTED',
  httpStatus: 200,
  providerCode: 40007,
  elapsedMs: 0
}
[Nest] 32532  - 2026/09/16 15:11:06     LOG [AokSendAuthCodeDeliveryAdapter] Object(5) {
  event: 'AUTH_EMAIL_PROVIDER_RESULT',
  deliveryId: 'synthetic-delivery',
  provider: 'TENCENT_SES',
  outcome: 'ACCEPTED',
  elapsedMs: 0
}
[Nest] 32532  - 2026/09/16 15:11:06    WARN [AokSendAuthCodeDeliveryAdapter] Object(8) {
  event: 'AUTH_EMAIL_PROVIDER_FALLBACK',
  deliveryId: 'synthetic-delivery',
  primary: 'AOKSEND',
  fallback: 'TENCENT_SES',
  failure: 'INVALID_RESPONSE',
  httpStatus: 200,
  providerCode: undefined,
  elapsedMs: 1
}
[Nest] 32532  - 2026/09/16 15:11:06     LOG [AokSendAuthCodeDeliveryAdapter] Object(5) {
  event: 'AUTH_EMAIL_PROVIDER_RESULT',
  deliveryId: 'synthetic-delivery',
  provider: 'TENCENT_SES',
  outcome: 'ACCEPTED',
  elapsedMs: 0
}
[Nest] 32532  - 2026/09/16 15:11:06    WARN [AokSendAuthCodeDeliveryAdapter] Object(8) {
  event: 'AUTH_EMAIL_PROVIDER_FALLBACK',
  deliveryId: 'synthetic-delivery',
  primary: 'AOKSEND',
  fallback: 'TENCENT_SES',
  failure: 'NETWORK',
  httpStatus: undefined,
  providerCode: undefined,
  elapsedMs: 0
}
[Nest] 32532  - 2026/09/16 15:11:06     LOG [AokSendAuthCodeDeliveryAdapter] Object(5) {
  event: 'AUTH_EMAIL_PROVIDER_RESULT',
  deliveryId: 'synthetic-delivery',
  provider: 'TENCENT_SES',
  outcome: 'ACCEPTED',
  elapsedMs: 0
}
[Nest] 32532  - 2026/09/16 15:11:06    WARN [AokSendAuthCodeDeliveryAdapter] Object(8) {
  event: 'AUTH_EMAIL_PROVIDER_FALLBACK',
  deliveryId: 'synthetic-delivery',
  primary: 'AOKSEND',
  fallback: 'TENCENT_SES',
  failure: 'TIMEOUT',
  httpStatus: undefined,
  providerCode: undefined,
  elapsedMs: 0
}
[Nest] 32532  - 2026/09/16 15:11:06     LOG [AokSendAuthCodeDeliveryAdapter] Object(5) {
  event: 'AUTH_EMAIL_PROVIDER_RESULT',
  deliveryId: 'synthetic-delivery',
  provider: 'TENCENT_SES',
  outcome: 'ACCEPTED',
  elapsedMs: 0
}
[Nest] 32532  - 2026/09/16 15:11:06    WARN [AokSendAuthCodeDeliveryAdapter] Object(8) {
  event: 'AUTH_EMAIL_PROVIDER_FALLBACK',
  deliveryId: 'synthetic-delivery',
  primary: 'AOKSEND',
  fallback: 'TENCENT_SES',
  failure: 'HTTP',
  httpStatus: 429,
  providerCode: undefined,
  elapsedMs: 0
}
[Nest] 32532  - 2026/09/16 15:11:06     LOG [AokSendAuthCodeDeliveryAdapter] Object(5) {
  event: 'AUTH_EMAIL_PROVIDER_RESULT',
  deliveryId: 'synthetic-delivery',
  provider: 'TENCENT_SES',
  outcome: 'ACCEPTED',
  elapsedMs: 0
}
[Nest] 32532  - 2026/09/16 15:11:06    WARN [AokSendAuthCodeDeliveryAdapter] Object(8) {
  event: 'AUTH_EMAIL_PROVIDER_FALLBACK',
  deliveryId: 'synthetic-delivery',
  primary: 'AOKSEND',
  fallback: 'TENCENT_SES',
  failure: 'NETWORK',
  httpStatus: undefined,
  providerCode: undefined,
  elapsedMs: 0
}
[Nest] 32532  - 2026/09/16 15:11:06   ERROR [AokSendAuthCodeDeliveryAdapter] Object(5) {
  event: 'AUTH_EMAIL_PROVIDER_RESULT',
  deliveryId: 'synthetic-delivery',
  provider: 'TENCENT_SES',
  outcome: 'FAILED',
  elapsedMs: 0
}
✔ sends form data to v2, keeps leading zeroes and avoids fallback on acceptance (12.9404ms)
✔ falls back once with the identical challenge after http failure (0.5388ms)
✔ falls back once with the identical challenge after business failure (0.3689ms)
✔ falls back once with the identical challenge after malformed failure (1.5934ms)
✔ falls back once with the identical challenge after network failure (0.3184ms)
✔ falls back once with the identical challenge after timeout failure (0.2357ms)
✔ falls back once with the identical challenge after limit failure (0.238ms)
✔ reports failure when both providers fail (0.6234ms)
✔ does not send expired codes (0.1921ms)
✔ requires the AoKSend file secret only when selected, preserving existing SES files (0.5099ms)
✔ scanner requires an explicit clean verdict: "stream: OK\u0000" (18.714ms)
✔ scanner requires an explicit clean verdict: "stream: Eicar FOUND\u0000" (3.8811ms)
✔ scanner requires an explicit clean verdict: "stream: limit ERROR\u0000" (2.6909ms)
✔ scanner requires an explicit clean verdict: "unexpected\u0000" (1.9474ms)
✔ scanner timeout fails closed (50.4902ms)
▶ authentication-code cryptography
  ✔ generates CSPRNG-backed fixed-length numeric codes and rejects unsafe lengths (1.123ms)
  ✔ digests codes with context binding and verifies wrong inputs without leaking a match (0.2968ms)
  ✔ deterministically escrows canonical auth results and authenticates their AAD (6.9616ms)
  ✔ rejects tampered escrow ciphertexts (0.2523ms)
✔ authentication-code cryptography (9.1998ms)
▶ authentication challenge state machine
  ✔ consumes a valid challenge exactly once (1.141ms)
  ✔ expires at the exact TTL boundary (0.0907ms)
  ✔ increments durable attempts and locks at the configured maximum (0.1114ms)
  ✔ activates only a pending challenge delivered before expiry (0.1233ms)
✔ authentication challenge state machine (1.6191ms)
▶ authentication-code delivery ports
  ✔ fails closed when no delivery provider is configured (0.2831ms)
  ✔ prevents the in-memory capture adapter from running outside tests (0.1541ms)
  ✔ captures only test deliveries and preserves delivery-id idempotency (0.2905ms)
✔ authentication-code delivery ports (0.8409ms)
▶ durable rate-window evaluation
  ✔ uses repository timestamps and excludes the exact window cutoff (0.1977ms)
  ✔ rejects future repository facts instead of treating them as valid attempts (0.0727ms)
✔ durable rate-window evaluation (0.3344ms)
▶ app release policy projection
  ✔ selects only the currently effective IOS policy without comparing version syntax (0.2266ms)
  ✔ compares iOS build numbers numerically and never uses marketing version text (0.1088ms)
  ✔ fails on equal-time policy ambiguity instead of depending on input order (0.0913ms)
✔ app release policy projection (0.4986ms)
▶ Stage 21 client capability boundary
  ✔ returns the same stable default-deny error for public and authenticated capabilities (0.5396ms)
✔ Stage 21 client capability boundary (0.9914ms)
▶ PushTokenCipher
  ✔ round-trips with AES-GCM and rejects tampering or the wrong key (1.3321ms)
✔ PushTokenCipher (1.8051ms)
▶ ClientMessagingService
  ✔ marks only the principal notification as read and emits durable evidence (1.0919ms)
  ✔ registers IOS tokens encrypted and never leaks token material to projections or evidence (0.6385ms)
  ✔ returns 409 and never transfers a token already owned by another user (0.2886ms)
  ✔ revokes only a self-scoped push device and destroys decryptable token material (0.3845ms)
  ✔ derives missing preferences from the organization and persists the first update as version 2 (0.8333ms)
  ✔ creates feedback OPEN without copying content or client context into evidence (0.357ms)
  ✔ keeps feedback self-scoped for non-admins and only queries published help (0.5255ms)
✔ ClientMessagingService (4.3864ms)
▶ Contract 1.3 parity regression gate
  ✔ detects the six required synthetic mismatch scenarios (293.4249ms)
  ✔ accepts the repository only with the frozen, explicit contract-defect ledger (3492.8401ms)
  ✔ enforces the canonical HTTP status at runtime and when restoring snapshots (1.1019ms)
  ✔ pins both location POST handlers to the published 200 success status (0.3214ms)
  ✔ rejects the removed search alias and accepts the contract q parameter (3.053ms)
  ✔ rejects contract-external and null gender values while allowing omission (0.7298ms)
✔ Contract 1.3 parity regression gate (3792.372ms)
✔ historical roster membership requires the exact course closure transition (0.5001ms)
✔ closure preserves only sessions admitted before or at closure (0.1171ms)
✔ manual removal, withdrawal and archived courses never receive the closure exception (0.0825ms)
✔ historical drafts expose no awarded credit before review (80.341ms)
✔ legacy rules keep one credited record per day (6.3645ms)
✔ configured daily limit credits distinct records across both categories (0.2248ms)
✔ weekly limit continues to cap a larger daily allowance (0.1719ms)
✔ historical date competes with existing records on the same date (0.1479ms)
✔ invalid daily counts are rejected (0.3032ms)
✔ JC enrollment and profile updates follow the SCC and SAI catalogs (1.462ms)
✔ long-term personal details normalize without changing stable identity (0.634ms)
✔ rejects impossible, future and malformed birth dates (0.1781ms)
✔ region list covers 31 mainland areas, Hong Kong, Macao, Taiwan and other (0.2084ms)
✔ OTHER requires a concrete country name and does not accept empty or overlong text (0.1853ms)
▶ Stage 12 student identity and QR security
  ✔ validates ten-digit student numbers and applies NFC (1.3854ms)
  ✔ narrows QR join gender while accepting the full four-digit cohort range (2.3577ms)
  ✔ accepts supported cohort years and rejects malformed identity fields (0.6574ms)
  ✔ issues public-id plus 256-bit secret tokens and verifies only their HMAC digest (0.5879ms)
  ✔ authenticates encrypted identity and result escrows with purpose-bound AAD (0.4892ms)
✔ Stage 12 student identity and QR security (6.0857ms)
▶ Stage 12 lifecycle entities
  ✔ rotates an invite without deleting history (0.1955ms)
  ✔ keeps one Enrollment id across remove and restore transitions (0.1531ms)
  ✔ issues an ACTIVE capability without any consumed result fields (0.1593ms)
✔ Stage 12 lifecycle entities (0.6577ms)
✔ known and unexpected HTTP failures share a diagnostic ID with redacted server logs (0.9944ms)
✔ single credit limit follows each record snapshot including legacy records (7.5722ms)
▶ ExerciseRecord domain rules
  ✔ applies V8.1 selectable thresholds, whole minutes and the 60-minute credit cap (0.7342ms)
  ✔ normalizes optional content without inventing a second sport taxonomy (0.534ms)
✔ ExerciseRecord domain rules (1.7639ms)
▶ ExerciseReview domain rules
  ✔ normalizes a valid decision without inventing credited duration (0.7271ms)
  ✔ requires an approved invalid reason and nonblank OTHER detail (0.3157ms)
  ✔ rejects reason codes on VALID decisions (0.1115ms)
✔ ExerciseReview domain rules (1.6852ms)
▶ ExerciseSession authoritative domain
  ✔ stops at the snapshotted limit and excludes paused intervals (0.8806ms)
  ✔ freezes the five states and every permitted lifecycle transition (0.178ms)
  ✔ rejects terminal and otherwise invalid transitions (0.3034ms)
  ✔ uses exact whole server seconds for all boundary vectors (0.1384ms)
  ✔ preserves actual running time beyond two hours and rejects unsafe numeric totals (0.109ms)
  ✔ keeps paused time separate from trusted activity time (1.0333ms)
  ✔ exposes only the stable public projection and preserves start businessDate (0.1366ms)
  ✔ uses the exact VALID credited-duration boundary for new-session admission (0.1244ms)
✔ ExerciseSession authoritative domain (3.563ms)
▶ Stage 19 Export and audit governance domain
  ✔ keeps every Export use case as an exact no-persistence default deny (0.5716ms)
  ✔ projects only action-specific audit metadata and recursively redacts sensitive keys (0.9087ms)
  ✔ bounds arrays, strings, and nesting depth in the public audit projection (0.1523ms)
✔ Stage 19 Export and audit governance domain (2.1658ms)
▶ FILE_JSON runtime secret loader
  ✔ loads only the frozen runtime keys from the mounted file (1.071ms)
  ✔ reports every missing key by name without returning secret values (0.3731ms)
  ✔ rejects unsupported keys and duplicate container secrets (0.2138ms)
  ✔ requires FILE_JSON for staging and production but preserves local environment configuration (0.1079ms)
  ✔ redacts file-system failure details from the bootstrap error (0.1344ms)
✔ FILE_JSON runtime secret loader (2.4938ms)
[Nest] 29644  - 2026/09/16 15:11:15    WARN [HttpExceptionFilter] Object(9) {
  event: 'HTTP_REQUEST_REJECTED',
  requestId: 'req-unit',
  operationId: null,
  method: undefined,
  route: '/unknown',
  statusCode: 401,
  errorCode: 'AUTH_REQUIRED',
  invalidFields: undefined,
  reason: null
}
(node:29644) [DEP0040] DeprecationWarning: The `punycode` module is deprecated. Please use a userland alternative instead.
(Use `node --trace-deprecation ...` to show where the warning was created)
▶ Foundation time and identifiers
  ✔ generates UUIDv7 identifiers and supports a deterministic Clock (1.1275ms)
  ✔ derives businessDate from the organization timezone (0.6027ms)
✔ Foundation time and identifiers (2.2345ms)
▶ HTTP primitives
  ✔ logs the mapped application error status instead of the pre-filter response status (1.168ms)
  ✔ accepts only bounded safe request IDs and generates a replacement (0.2123ms)
  ✔ wraps success and maps errors to exactly five public fields (1.4783ms)
✔ HTTP primitives (2.9829ms)
▶ Authentication cryptography
  ✔ hashes passwords with Argon2id and rejects a wrong password (151.2112ms)
  ✔ issues only the frozen claims and fails closed for expiration and tampering (6.8436ms)
✔ Authentication cryptography (158.3718ms)
▶ Authorization and SystemMode
  ✔ enforces role metadata and rejects missing policy metadata (0.4902ms)
  ✔ denies ordinary mutations in READ_ONLY and unknown modes (0.2718ms)
✔ Authorization and SystemMode (0.8606ms)
▶ Idempotency, Audit, Outbox, and rate limiting
  ✔ validates an Idempotency-Key without creating persistence side effects (0.4509ms)
  ✔ recognizes direct adapter serialization failures without retrying unrelated database errors (0.1382ms)
  ✔ canonicalizes JSON and replays a stable encrypted response (2.1522ms)
  ✔ commits, recovers, completes, and exactly replays a staged idempotent response (1.2631ms)
  ✔ stores only allowlisted audit metadata and irreversible source digests (0.6357ms)
  ✔ enforces Outbox state ownership and fixed-window rate limits (0.3577ms)
  ✔ redacts secrets and PII recursively (0.1418ms)
✔ Idempotency, Audit, Outbox, and rate limiting (5.2864ms)
▶ HealthService
  ✔ preserves the published public readiness projection (1.5794ms)
  ✔ reports measured database, queue, object-storage and media-storage health to admins (3.0554ms)
  ✔ marks optional storage as not configured without probing it (0.3582ms)
  ✔ preserves the public readiness failure while attributing database failure in admin health (0.6951ms)
  ✔ reports a MinIO failure without leaking adapter error details (0.2672ms)
✔ HealthService (7.046ms)
▶ V8.1 invitation timing
  ✔ uses server-relative 30 minute default and accepts custom durations including more than 120 minutes (0.4603ms)
  ✔ rejects out-of-range, ambiguous, malformed and semester-crossing expiry (1.2124ms)
  ✔ accepts absolute expiry after two hours and the exact semester boundary (0.1077ms)
  ✔ allows only pre-expiry registration until a fixed ten-minute deadline and rejects revocation (0.1048ms)
✔ V8.1 invitation timing (2.4908ms)
▶ location evidence raw cryptography
  ✔ round-trips AES-256-GCM and binds every row identity field as AAD (2.6459ms)
  ✔ rejects a modified ciphertext with a coordinate-free stable error (0.2264ms)
✔ location evidence raw cryptography (3.4155ms)
▶ location policy gate
  ✔ keeps disabled and incomplete policies disabled without supplying defaults (0.2995ms)
  ✔ returns only explicitly complete, enabled policy parameters (0.1044ms)
✔ location policy gate (0.493ms)
▶ location sample fingerprinting and classification
  ✔ creates a stable keyed fingerprint and detects identical versus conflicting IDs (0.4627ms)
  ✔ classifies time, accuracy, and accepted out-of-order samples deterministically (0.3054ms)
✔ location sample fingerprinting and classification (0.8654ms)
▶ coarse projection and retention
  ✔ strips endpoints, emits coarse grid cells, and never embeds exact coordinates (0.3605ms)
  ✔ selects raw and coarse expiry work deterministically with explicit limits (5.9831ms)
✔ coarse projection and retention (6.4541ms)
▶ LocationEvidenceService policy safety
  ✔ projects an explicitly disabled, incomplete policy without supplying defaults (0.7402ms)
  ✔ rejects enabling an incomplete policy before any row, audit, or outbox write (1.0801ms)
✔ LocationEvidenceService policy safety (2.332ms)
▶ LocationEvidenceService secure intake and projection
  ✔ deduplicates identical samples and persists coordinates only inside ciphertext (1.9376ms)
  ✔ returns the same coarse-only summary to student, responsible teacher, and admin (0.3982ms)
✔ LocationEvidenceService secure intake and projection (2.4416ms)
▶ LocationRetentionWorker
  ✔ deletes due raw secrets before metadata and expires coarse summaries atomically (1.4195ms)
  ✔ keeps audit and outbox evidence coordinate-free (0.2344ms)
  ✔ returns an empty result without writes and rejects invalid batch input (0.3929ms)
✔ LocationRetentionWorker (2.644ms)
✔ makeup grants stay within the teacher exercise dates (0.7828ms)
✔ makeup starts use server time and never become retroactively authorized (0.1637ms)
▶ MediaService expired pending upload cleanup
  ✔ expired upload cleanup preserves data when storage is absent (1.0357ms)
  ✔ expired upload cleanup preserves data when storage is uploaded (0.4466ms)
  ✔ expired upload cleanup preserves data when storage is unavailable (0.3073ms)
✔ MediaService expired pending upload cleanup (2.3307ms)
✔ accepts WebP declarations for certification images but not exercise evidence (0.7541ms)
✔ reads actual certification WebP dimensions: sample-lossy.webp (10.4428ms)
✔ rejects truncated certification WebP even with matching transport digest: sample-lossy.webp (0.8272ms)
✔ reads actual certification WebP dimensions: sample-lossless.webp (5.5881ms)
✔ rejects truncated certification WebP even with matching transport digest: sample-lossless.webp (0.4265ms)
✔ verifies native MediaRecorder fragmented MP4 with zero movie duration across stream boundaries (46.0505ms)
✔ rejects invalid fragmented MP4 timelines: missing-fragments (0.894ms)
✔ rejects invalid fragmented MP4 timelines: excessive-samples (1.5202ms)
✔ rejects invalid fragmented MP4 timelines: excessive-duration (1.5585ms)
✔ rejects invalid fragmented MP4 timelines: truncated (1.4787ms)
✔ rejects WebP with valid container lengths and image dimensions but missing compressed pixels (2.1851ms)
▶ MediaEvidence validation core
  ✔ separates declarations from verified image facts and computes SHA-256 from bytes (6.7478ms)
  ✔ accepts JPEG comment bytes that resemble a GPS tag but rejects a real GPS IFD (6.7617ms)
  ✔ rejects MIME spoofing, byte-size mismatches, location metadata, and the test signature (1.4134ms)
  ✔ keeps image limits while replacing exercise-video size rules with a 10-second and 200 MiB caps (0.1834ms)
  ✔ streams video verification and enforces the trusted duration at the exact boundary (0.6041ms)
  ✔ accepts a 15-second audible WebM and verifies its actual tracks and duration (0.6538ms)
  ✔ rejects WebM duration overflow, missing audio, and location tags (0.6036ms)
  ✔ rejects an exercise video without a trusted audio track (0.3947ms)
  ✔ rejects an audio-only ISO media container even when it has a trusted audio handler (0.2721ms)
  ✔ rejects ISO location metadata without scanning random media payload bytes (0.4019ms)
✔ MediaEvidence validation core (18.3226ms)
▶ Demand document and photo facts
  ✔ verifies a real PDF and rejects disguised or truncated document bytes (8.0052ms)
  ✔ preserves verified camera facts and accepts images with no EXIF (9.312ms)
  ✔ accepts a decodable phone JPEG with an OEM trailer without weakening hash or pixel validation (7.4436ms)
✔ Demand document and photo facts (24.8776ms)
✔ successful retry ignores historical rolled-back failure regardless of row order (1.4563ms)
✔ rolled-back attempt alone is not an applied migration (0.1402ms)
✔ unresolved attempt blocks readiness even if another row is finished (0.1428ms)
✔ duplicate active completions are rejected (0.0906ms)
✔ applied checksum mismatch still blocks readiness (0.112ms)
✔ database errors fail closed (0.1241ms)
✔ review projection exposes only immutable public fields (0.8429ms)
✔ unknown and incomplete review facts do not fabricate content (0.1143ms)
✔ notification projection preserves legacy body and gates typed facts by notification type (1.0855ms)
✔ unique matching historical fact restores typed content (0.8514ms)
✔ same serialized text from different teacher facts is ambiguous (0.1454ms)
✔ mismatched notification or history is not rewritten (0.0934ms)
✔ English reason and original multilingual teacher comment match exactly (0.0918ms)
✔ explicit mapping retains duplicate and missing personnel rows and source evidence without confirming (1.1737ms)
✔ 500 rows accepted and 501 rejected including duplicate/error rows; missing mapping and ambiguous cells cannot silently pass (9.1573ms)
✔ OCR physical confirmation requires source review and exact identity, project, time and date (2.0746ms)
✔ selection cannot hide duplicates, but unrelated unresolved rows remain pending (0.7416ms)
✔ paper roster retains duplicates, original spelling and source without inventing registration (1.1393ms)
✔ all source rows need review and valid required fields; duplicates count toward 500 (1.8816ms)
✔ OCR source preserves ambiguous text, duplicate cells, confidence and source binding without changing input (1.1432ms)
✔ OCR unknown confidence remains unavailable; malformed coordinates, confidence, provider failure and empty detection reject (0.4855ms)
✔ provider evidence bounds reject excessive cells and text before draft admission (0.2751ms)
▶ TencentDB PostgreSQL TLS configuration
  ✔ uses explicit pool fields so connection-string parsing cannot replace strict TLS (0.935ms)
  ✔ preserves local connection-string behavior when no managed CA is configured (0.1663ms)
  ✔ preserves startup options while overriding a non-UTC session timezone (0.1025ms)
  ✔ rejects insecure URL overrides and incomplete CA files without exposing input values (0.4865ms)
✔ TencentDB PostgreSQL TLS configuration (2.2498ms)
▶ Stage 13 alignment run lifecycle
  ✔ freezes a RUNNING revision before computation and persists FAILED plus outbox on a domain failure (1.9538ms)
  ✔ maps a non-retried serializable snapshot race to the stable stale-snapshot error (0.192ms)
  ✔ projects exactly the public run contract and drops internal snapshot scope and failure details (0.255ms)
✔ Stage 13 alignment run lifecycle (2.936ms)
▶ Stage 13 deterministic roster alignment
  ✔ classifies every subject into exactly one of the six frozen outcomes (1.2327ms)
  ✔ keeps fingerprints, subject keys, normalization, and result order deterministic (0.4761ms)
  ✔ classifies official duplicates without merging identities, regardless of input order or platform match (0.2305ms)
✔ Stage 13 deterministic roster alignment (2.4717ms)
▶ Official roster staged import lifecycle
  ✔ commits RECEIVED and its outbox event before parsing, then completes atomically (1.8823ms)
✔ Official roster staged import lifecycle (2.3393ms)
(node:13172) [DEP0040] DeprecationWarning: The `punycode` module is deprecated. Please use a userland alternative instead.
(Use `node --trace-deprecation ...` to show where the warning was created)
▶ Stage 13 private roster ingestion
  ✔ streams a strict CSV upload into a server-generated private key (7.0263ms)
  ✔ rejects path-like names and unsupported OFFICIAL_API without retaining an object (2.1018ms)
  ✔ normalizes leading-zero identifiers and marks every duplicate row non-valid (2.7174ms)
  ✔ uses static four-digit grade-year bounds for roster rows (0.7368ms)
✔ Stage 13 private roster ingestion (13.1485ms)
(node:38104) [DEP0040] DeprecationWarning: The `punycode` module is deprecated. Please use a userland alternative instead.
(Use `node --trace-deprecation ...` to show where the warning was created)
✔ roster multipart has an inclusive 100 MiB limit independent of JSON configuration (823.0718ms)
✔ missing responses remain unobserved and never claim completed implementation (50.0557ms)
✔ valid success alone remains partial while valid denial of disabled routes is counted (47.9594ms)
✔ invalid responses and successful disabled routes fail without being marked validated (49.4201ms)
✔ complete valid runtime evidence passes and is reported precisely (48.8549ms)
✔ disabled manifest count, duplicate and unknown entries cannot silently pass (146.109ms)
✔ runtime log rotation preserves complete JSON lines and bounds the dedicated files (34.9693ms)
(node:4668) [DEP0040] DeprecationWarning: The `punycode` module is deprecated. Please use a userland alternative instead.
(Use `node --trace-deprecation ...` to show where the warning was created)
▶ S3 media storage key contract
  ✔ accepts the exact private key shape generated by MediaService (20.0234ms)
  ✔ rejects keys with extra path segments before signing (0.9322ms)
✔ S3 media storage key contract (21.5388ms)
(node:36456) [DEP0040] DeprecationWarning: The `punycode` module is deprecated. Please use a userland alternative instead.
(Use `node --trace-deprecation ...` to show where the warning was created)
▶ S3 object storage streaming uploads
  ✔ uploads an unknown-length stream in bounded multipart chunks without buffering the whole file (8.9165ms)
  ✔ uses the managed uploader for a small unknown-length stream (1.2881ms)
  ✔ aborts a failed multipart upload and maps the failure to the stable dependency error (5.2552ms)
✔ S3 object storage streaming uploads (16.0394ms)
▶ Stage 18 Score domain
  ✔ matches every frozen formula boundary with HALF_UP rounding and a hard cap (1.2657ms)
  ✔ applies approved adjustments in immutable chronological order and rejects overflow (0.3808ms)
  ✔ denies student access to legacy course score projections under V8.1 (0.221ms)
✔ Stage 18 Score domain (2.4026ms)
✔ saved reports with all work complete permit readiness on any page (1.2422ms)
✔ off-page work and unavailable facts block readiness even when reports exist (0.6543ms)
✔ a semester without courses has no course settlement blockers (0.1469ms)
▶ SMTP auth-code delivery
  ✔ labels administrator identity OTP distinctly in both languages (0.6468ms)
  ✔ retries bounded transient failures and sends the bilingual-safe template (0.5691ms)
  ✔ fails after three attempts instead of retrying without a bound (0.3418ms)
✔ SMTP auth-code delivery (2.1506ms)
(node:28320) [DEP0040] DeprecationWarning: The `punycode` module is deprecated. Please use a userland alternative instead.
(Use `node --trace-deprecation ...` to show where the warning was created)
▶ staging business closure operator safety gates
  ✔ uses closed-catalog audit identifiers (0.6384ms)
  ✔ never reflects an arbitrary command-line value into status output (0.1011ms)
  ✔ bounds QR interruption recovery to three synthetic invite rotations (0.3654ms)
  ✔ accepts only the domain ACTIVE state as fresh join-capability database evidence (0.1545ms)
  ✔ runs a fresh session start/replay/stale/cancel sequence on every clean invocation (10.4402ms)
  ✔ cancels an interrupted operator session and still executes a fresh session sequence (0.509ms)
  ✔ permits destructive database tests only on the dedicated confirmed loopback target (0.3034ms)
  ✔ confines presigned uploads to the staging bucket media image prefix (0.1803ms)
  ✔ requires staging, exact confirmation, an absolute secret path and the canonical HTTPS API (0.2944ms)
  ✔ loads exactly the isolated fixture keys without exposing rejected values (0.4899ms)
  ✔ rejects non-isolated passwords, reserved mailboxes, oversized input and invalid UTF-8 (0.2437ms)
  ✔ fails closed unless the fixture secret is a root-owned 0640 regular file for gid 10001 (0.1924ms)
  ✔ accepts OTP only through the injected hidden-input boundary (0.1672ms)
  ✔ accepts only the staging CVM-role, TEST_SIGNATURE worker and Tencent SES runtime boundary (0.5147ms)
✔ staging business closure operator safety gates (15.4219ms)
(node:9036) [DEP0040] DeprecationWarning: The `punycode` module is deprecated. Please use a userland alternative instead.
(Use `node --trace-deprecation ...` to show where the warning was created)
▶ staging health operator safety gates
  ✔ uses database-valid closed-catalog audit identifiers (0.4476ms)
  ✔ requires staging, an exact confirmation, an absolute secret path and the Docker URL (0.6974ms)
  ✔ loads only the isolated fixture password key and never echoes invalid values (0.2808ms)
✔ staging health operator safety gates (1.9652ms)
(node:39212) [DEP0040] DeprecationWarning: The `punycode` module is deprecated. Please use a userland alternative instead.
(Use `node --trace-deprecation ...` to show where the warning was created)
▶ staging R01 provisioning operator
  ✔ loads exactly four isolated staff values from a hardened secret file (1.0077ms)
  ✔ rejects unsafe metadata, unknown keys and non-isolated identities without exposing values (0.4369ms)
  ✔ requires the exact staging command, confirmation and absolute secret path (0.2399ms)
  ✔ rejects every current and retired R01 secret key from environment without reflecting values (0.3125ms)
  ✔ accepts only the exact TLS-protected staging runtime database boundary (0.3587ms)
  ✔ builds a result containing only safe aliases, counts and component labels (0.1914ms)
✔ staging R01 provisioning operator (3.1747ms)
✔ trusted profile completion preserves stored legacy identifiers while retaining academic validation (1.4457ms)
✔ new enrollment rejects invalid identifiers, unknown colleges and cross-college majors (0.246ms)
✔ SAI accepts all catalog majors and only SGE and GS permit uppercase custom majors (0.3746ms)
✔ suppressed student mail never invokes the external provider; eligible mail invokes it once (0.5043ms)
✔ undeclared is valid only in a known college (0.4519ms)
✔ formal confirmation is one-way and administrator correction cannot restore a consumed opportunity (0.157ms)
✔ valid existing student needs no correction (2.2393ms)
✔ old college, number and missing personal details require correction (0.2098ms)
✔ definite invalid name remains blocked after confirmation (0.1304ms)
✔ unusual but plausible name is reviewable and confirmation clears suspicion (0.3679ms)
✔ bad date, year and OTHER region are blocked (0.1292ms)
✔ new bindings require a lowercase letter and nine digits while legacy login keeps domain validation (0.621ms)
✔ new enrollment rejects invalid prefixes before quota, database and delivery (0.6064ms)
✔ accepts only the complete student domain, including normalized case and outer spaces (0.9818ms)
✔ rejects invalid login and enrollment email before database, quota, or mail access (0.4736ms)
✔ rejects an invalid student rebind before reserving a challenge or calling mail (0.3655ms)
✔ student settlement excludes teacher-only and unexpected nested fields without mutating the snapshot (0.9827ms)
✔ unknown student facts remain null rather than becoming successful zero values (0.1059ms)
✔ swimming errors expose only safe reasons, including nested failures (0.8847ms)
✔ maintenance availability is limited to administrators and unknown modes fail closed (0.9404ms)
▶ Course domain
  ✔ normalizes CourseCode and starts Course as ACTIVE version 1 (0.5074ms)
  ✔ fails closed for invalid codes and increments version only for a real update (0.645ms)
  ✔ projects only the authoritative public Course fields (0.2602ms)
✔ Course domain (1.9382ms)
▶ ClassSection domain
  ✔ normalizes fields and atomically validates the complete calendar value object (0.5367ms)
  ✔ rejects invalid class codes, incomplete daily time pairs, and non-owner teachers (0.2ms)
  ✔ rejects invalid windows and excluded dates outside the section range (0.1309ms)
  ✔ closes without deleting history and rejects a second close (0.1454ms)
  ✔ rejects ordinary writes to an archived section and projects no close internals (0.1843ms)
✔ ClassSection domain (1.3722ms)
▶ Scoped cursor
  ✔ binds opaque cursors to organization, principal, filters, sort, and limit (1.5722ms)
✔ Scoped cursor (1.6491ms)
(node:37200) [DEP0040] DeprecationWarning: The `punycode` module is deprecated. Please use a userland alternative instead.
(Use `node --trace-deprecation ...` to show where the warning was created)
▶ Tencent CVM role AWS credential bridge
  ✔ maps temporary credentials and the security token for COS requests (0.8273ms)
  ✔ a long-lived S3 client obtains rotated Tencent credentials instead of caching the first token forever (17.9592ms)
  ✔ fails closed without exposing provider details or accepting an absent token (0.4044ms)
✔ Tencent CVM role AWS credential bridge (19.9363ms)
(node:9796) [DEP0040] DeprecationWarning: The `punycode` module is deprecated. Please use a userland alternative instead.
(Use `node --trace-deprecation ...` to show where the warning was created)
▶ Tencent SES authentication-code delivery
  ✔ uses the administrator identity purpose for both locales (0.9245ms)
  ✔ uses the approved template as a trigger email without exposing provider credentials (0.1988ms)
  ✔ retries with a bound limit and returns a stable unavailable error (0.3698ms)
✔ Tencent SES authentication-code delivery (2.0402ms)
✔ seven calendar weeks allow 21 slots even when each start window is one minute (12.1109ms)
✔ a passed local start window is not counted at publication (0.3598ms)
✔ legacy regular deadline does not shorten the teacher exercise window (0.2044ms)
✔ daily and shared weekly limits include exclusions and partial weeks (0.1992ms)
✔ category targets may require separate slots even when their total is unchanged (0.2749ms)
✔ semester dates cap nominal course dates and expired plans have no capacity (0.2459ms)
✔ V8.1 records preserve actual minutes and credit only whole minutes above the threshold (0.486ms)
✔ V8.1 category caps require a joint choice instead of choosing the earliest daily record (7.6107ms)
✔ V8.1 dynamic selection agrees with an independent exhaustive subset oracle (12.279ms)
✔ V8.1 equal totals retain the previously credited combination (0.2506ms)
✔ Supplement interruption compensation uses the union and cannot resurrect prior expiry (0.3084ms)
✔ Review reasons and one-time supplement restrictions cannot be bypassed (0.2494ms)
✔ creates all four documented 101-row tables and matches every integer second uniquely (24.7507ms)
✔ rejects invalid edits and deletions, including grades and increasing scores (0.6761ms)
✔ allows incomplete drafts and finite fractional negative sort weights (0.6045ms)
✔ requires both bodies and keywords for every publication and preserves legal transitions (0.5408ms)
✔ preserves student-number zeros, quoted cells and ambiguous time in the review draft (4.0098ms)
✔ rejects missing or duplicate columns, invalid UTF-8, broken CSV and configured resource limits (1.2215ms)
✔ parses explicit seconds and minutes while refusing ambiguous decimal notation (1.5361ms)
✔ matches exact student numbers, flags every duplicate, and never confirms rows automatically (0.6316ms)
✔ reads XLSX draft with displayed student zeros, ambiguous time and explicit date formats (11.6606ms)
✔ rejects formula results, merged cells, absent sheets and oversized row ranges (6.5525ms)
✔ recognition and exercise preserve category targets without counting overflow twice (0.7819ms)
✔ actual exercise remains separated into invalid, pending, credited and valid uncredited durations (0.1368ms)
✔ invalid projections fail rather than producing a negative remainder or false completion (0.1819ms)
✔ registration requires verified email, target enrollment and exact identity instead of equal totals (0.6769ms)
✔ duplicate official identities preserve every row and leave denominator unresolved (0.1735ms)
✔ outside members are separate and ambiguous platform identities are never merged (0.1379ms)
✔ keeps displayed identifiers, duplicate identities, invalid rows and source cell text (13.0082ms)
✔ counts all 500 personnel rows including duplicates and invalid identities, rejecting 501 (19.2577ms)
✔ rejects ambiguous sheets, missing identity columns, formulas and merged source cells (5.8542ms)
✔ the server accepts the fifteen-minute boundary and grants thirty minutes from acceptance (1.3381ms)
✔ a late intake requires an explicit explanation and routes to offline handling (0.2548ms)
✔ twenty-four hours is the final offline boundary and a future server end is rejected (0.1059ms)
✔ overlapping transfer interruptions add their union and preserve elapsed transfer time (0.2006ms)
✔ an open interruption pauses the current transfer window and does not renew it (0.0875ms)
✔ an interruption after a genuinely expired transfer cannot revive it (0.0798ms)
✔ confirmation exactly at the thirty-minute boundary is on time (0.0627ms)
✔ preserves employee zeros and parses optional college; forbids password columns (4.7934ms)
✔ marks every duplicate row and database conflict while accepting custom email domains (0.9058ms)
✔ enforces the teacher batch initial-password rule without imposing it on personal passwords (0.1556ms)
✔ admits stored and deflated XLSX within declared budgets (8.9858ms)
✔ rejects declared expansion and entry budgets before spreadsheet parsing (2.4766ms)
✔ rejects truncated directories and mismatched local size claims (1.3868ms)
✔ bounds actual inflation even when local and central sizes consistently understate output (1.3052ms)
✔ checks stored entry byte length and CRC rather than trusting directory metadata (0.9917ms)
ℹ tests 322
ℹ suites 50
ℹ pass 322
ℹ fail 0
ℹ cancelled 0
ℹ skipped 0
ℹ todo 0
ℹ duration_ms 25465.4566
