
> @bnbu/sports-backend@0.1.0 contract:check
> npm --prefix ../tools/backend-contracts run contract:check && npm run openapi:check


> @bnbu/backend-contract-checks@0.0.0 contract:check
> npm run check && npm run lint:openapi && npm run contract:compatibility:check && npm run contract:release:check


> @bnbu/backend-contract-checks@0.0.0 check
> node ./generate-permission-registry.mjs && node --test ./operation-response-policy.test.mjs ./enum-subset-policy.test.mjs ./system-mode-response-policy.test.mjs && node ./check-contract.mjs && node ./check-system-mode-responses.mjs && node ./apply-contract-errata.mjs

Permission registry checked: 264 operations
✔ enum references must exist and each value must belong to the referenced domain (0.8692ms)
✔ number options keep their wire type and null follows JSON Schema type constraints (0.1263ms)
✔ missing declarations fail, while explicit transport constraints remain supported (0.11ms)
✔ normal operations require both success and error responses (1.2282ms)
✔ unavailable operations require an explicit reason and disabled registration (0.3ms)
✔ unavailable operations cannot declare successes or omit their actual denial status (0.1618ms)
✔ YAML quote styles and response aliases do not change status recognition (6.3614ms)
✔ all mutation methods require an explicit 503 and malformed operations fail (0.4282ms)
ℹ tests 8
ℹ suites 0
ℹ pass 8
ℹ fail 0
ℹ cancelled 0
ℹ skipped 0
ℹ todo 0
ℹ duration_ms 117.6308
Deterministic Greenfield contract checks: PASS
- OpenAPI paths: 224
- OpenAPI operations: 264
- OpenAPI schemas: 393
- Local references checked: 2764
- Access policies: 264; registry rows: 264; diff: 0
- Named enums: 86; values: 326; diff: 0
- Error codes: 154; diff: 0
- Integer duration fields checked: 12
Service-unavailable response coverage verified for every mutation.
Contract errata metadata verified: 16/16 decisions represented.

> @bnbu/backend-contract-checks@0.0.0 lint:openapi
> redocly lint ../../docs/backend-contracts/openapi.yaml --format=stylish --max-problems=1000

No configurations were provided -- using built in recommended configuration by default.

validating ..\..\docs\backend-contracts\openapi.yaml...
..\..\docs\backend-contracts\openapi.yaml:
  917:7     warning  operation-2xx-response                   Operation must have at least one `2XX` response.
  986:7     warning  operation-2xx-response                   Operation must have at least one `2XX` response.
  21491:17  warning  no-required-schema-properties-undefined  Required property 'sheetName' is not defined.
  21495:19  warning  no-required-schema-properties-undefined  Required property 'sheetName' is not defined.
  3161:7    warning  operation-2xx-response                   Operation must have at least one `2XX` response.
  3199:7    warning  operation-2xx-response                   Operation must have at least one `2XX` response.
  3231:7    warning  operation-2xx-response                   Operation must have at least one `2XX` response.
  3265:7    warning  operation-2xx-response                   Operation must have at least one `2XX` response.
  3305:7    warning  operation-2xx-response                   Operation must have at least one `2XX` response.
  3341:7    warning  operation-2xx-response                   Operation must have at least one `2XX` response.
  3396:7    warning  operation-2xx-response                   Operation must have at least one `2XX` response.
  3426:7    warning  operation-2xx-response                   Operation must have at least one `2XX` response.
  3461:7    warning  operation-2xx-response                   Operation must have at least one `2XX` response.
  3501:7    warning  operation-2xx-response                   Operation must have at least one `2XX` response.
  3583:7    warning  operation-2xx-response                   Operation must have at least one `2XX` response.
  3621:7    warning  operation-2xx-response                   Operation must have at least one `2XX` response.
  3661:7    warning  operation-2xx-response                   Operation must have at least one `2XX` response.
  3697:7    warning  operation-2xx-response                   Operation must have at least one `2XX` response.
  24254:17  warning  no-required-schema-properties-undefined  Required property 'titleZh' is not defined.
  24255:17  warning  no-required-schema-properties-undefined  Required property 'titleEn' is not defined.
  24256:17  warning  no-required-schema-properties-undefined  Required property 'bodyZh' is not defined.
  24257:17  warning  no-required-schema-properties-undefined  Required property 'bodyEn' is not defined.
  24258:17  warning  no-required-schema-properties-undefined  Required property 'estimatedRecoveryAt' is not defined.
  25215:29  warning  no-required-schema-properties-undefined  Required property 'email' is not defined.
  25216:29  warning  no-required-schema-properties-undefined  Required property 'identityVerifiedByAdmin' is not defined.
  25219:25  warning  no-required-schema-properties-undefined  Required property 'identityChallengeId' is not defined.
  14660:7   warning  operation-2xx-response                   Operation must have at least one `2XX` response.
  26015:5   warning  no-unused-components                     Component: "V81AdminKind" is never used.
  26021:5   warning  no-unused-components                     Component: "V81AdminPermission" is never used.
  26033:5   warning  no-unused-components                     Component: "V81CreatedAccountStatus" is never used.
  26038:5   warning  no-unused-components                     Component: "V81SwimIntakeKind" is never used.
  26044:5   warning  no-unused-components                     Component: "V81EvidencePhase" is never used.
  26051:5   warning  no-unused-components                     Component: "V81SettlementCheckStatus" is never used.
  26058:5   warning  no-unused-components                     Component: "V81FeedbackCategory" is never used.
  26067:5   warning  no-unused-components                     Component: "V81FeedbackStatus" is never used.
  26076:5   warning  no-unused-components                     Component: "V81HelpCategory" is never used.
  26090:5   warning  no-unused-components                     Component: "V81HelpStatus" is never used.
  26097:5   warning  no-unused-components                     Component: "V81EnduranceGender" is never used.
  26103:5   warning  no-unused-components                     Component: "V81EnduranceCohort" is never used.
  26109:5   warning  no-unused-components                     Component: "V81RunType" is never used.
  26115:5   warning  no-unused-components                     Component: "V81EnduranceTier" is never used.
  26123:5   warning  no-unused-components                     Component: "V81MissingPhysicalStatus" is never used.
  26129:5   warning  no-unused-components                     Component: "V81RegistrationStatus" is never used.
  26137:5   warning  no-unused-components                     Component: "V81RosterRowStatus" is never used.
  26143:5   warning  no-unused-components                     Component: "V81RosterSourceKind" is never used.
  26149:5   warning  no-unused-components                     Component: "V81PhysicalStatus" is never used.
  26156:5   warning  no-unused-components                     Component: "V81JoinableSectionStatus" is never used.
  26162:5   warning  no-unused-components                     Component: "V81OcrPurpose" is never used.
  26168:5   warning  no-unused-components                     Component: "V81OcrAttemptStatus" is never used.
  26174:5   warning  no-unused-components                     Component: "V81OcrJobStatus" is never used.
  26182:5   warning  no-unused-components                     Component: "V81OcrField" is never used.
  26191:5   warning  no-unused-components                     Component: "V81MaterialVersion" is never used.
  26197:5   warning  no-unused-components                     Component: "V81MakeupStatus" is never used.
  26205:5   warning  no-unused-components                     Component: "V81SemesterStatus" is never used.
  26212:5   warning  no-unused-components                     Component: "V81AuditSource" is never used.
  26218:5   warning  no-unused-components                     Component: "V81RuntimeArchiveStatus" is never used.
  26228:5   warning  no-unused-components                     Component: "V81OcrConfigSource" is never used.
  26234:5   warning  no-unused-components                     Component: "V81OcrProvider" is never used.
  26240:5   warning  no-unused-components                     Component: "V81IdentityVerificationStatus" is never used.
  26245:5   warning  no-unused-components                     Component: "V81ManagedAccountStatus" is never used.
  26251:5   warning  no-unused-components                     Component: "V81RecordWorkflowStage" is never used.
  26261:5   warning  no-unused-components                     Component: "V81RosterAlignmentRule" is never used.
  26267:5   warning  no-unused-components                     Component: "V81ExerciseMinimumMinutes" is never used.
  26274:5   warning  no-unused-components                     Component: "V81WeeklyRecordLimit" is never used.
  26281:5   warning  no-unused-components                     Component: "V81TeacherReviewAction" is never used.
  26288:5   warning  no-unused-components                     Component: "V81SupplementHours" is never used.
  26294:5   warning  no-unused-components                     Component: "V81ProgressStatus" is never used.
  26300:5   warning  no-unused-components                     Component: "V81CertificationType" is never used.
  26306:5   warning  no-unused-components                     Component: "V81CertificationStatus" is never used.
  26316:5   warning  no-unused-components                     Component: "V81SemesterTerm" is never used.
  17804:5   warning  no-unused-components                     Component: "ScoreRuleSuccess" is never used.
  17810:5   warning  no-unused-components                     Component: "ScoreRuleListSuccess" is never used.
  17822:5   warning  no-unused-components                     Component: "StudentScoreListSuccess" is never used.
  17828:5   warning  no-unused-components                     Component: "ScoreAdjustmentSuccess" is never used.
  17834:5   warning  no-unused-components                     Component: "ScoreAdjustmentListSuccess" is never used.

..\..\docs\backend-contracts\openapi.yaml: validated in 442ms

Woohoo! Your API description is valid. 🎉
You have 75 warnings.
5 problems are explicitly ignored.



> @bnbu/backend-contract-checks@0.0.0 contract:compatibility:check
> node --test ./check-openapi-compatibility.fixtures.test.mjs && node ./check-openapi-compatibility.mjs --check

▶ direction-aware OpenAPI compatibility fixtures
  ✔ detects removed operations (1.0079ms)
  ✔ detects required request property additions (6.6685ms)
  ✔ classifies response enum additions as breaking (0.2805ms)
  ✔ detects response status removal (0.2102ms)
  ✔ detects security and permission metadata changes (0.2368ms)
✔ direction-aware OpenAPI compatibility fixtures (9.01ms)
▶ major-version breaking change approval
  ✔ accepts an exact, version-bound breaking change set (0.3004ms)
  ✔ rejects contract drift after approval (0.2875ms)
✔ major-version breaking change approval (0.7128ms)
ℹ tests 7
ℹ suites 2
ℹ pass 7
ℹ fail 0
ℹ cancelled 0
ℹ skipped 0
ℹ todo 0
ℹ duration_ms 105.5421
Candidate version must be 2.0.12-contract, got 3.0.0-v81-local-draft
