▶ Stage 21 client capabilities with real PostgreSQL
  ✔ verifies email before creating a student or enrollment and reuses verified member identity (1005.766905ms)
  ✔ mail abuse: concurrent requests reserve only one code and replay does not consume quota (523.027413ms)
  ✔ mail abuse: half-hour, daily and global caps reject before creating a challenge (471.508823ms)
  ✔ student school suffix: invalid domains create no challenge or quota, valid domain retains replay (366.39324ms)
  ✔ mail abuse: unknown accounts reserve no mail quota and forged invitations are rejected (337.062397ms)
  ✔ distinguishes verified codes without an account, preserves replay and rejects invalid proofs (482.054151ms)
  ✔ logs in verified enrolled and withdrawn students and rejects expired or changed-email challenges (503.890465ms)
  ✔ updates undeclared academic details over HTTP while preserving the student number and rejecting invalid majors (454.978141ms)
  ✔ returns registered student data and scopes email access, filters and cursors (714.885562ms)
  ✔ keeps student account deletion deferred with no challenge or account mutation (509.056079ms)
  ✔ accepts an organization-scoped student challenge without exposing its code and keeps an empty release policy fail-closed (340.902171ms)
  ✔ rejects PHONE without creating a challenge and activates a pending student through first email binding (455.66877ms)
  ✔ requires both current and new mailbox codes for email rebinding (417.244455ms)
  ✔ uses the numeric iOS build number for enforcement and keeps marketing version display-only (318.837941ms)
  ✔ establishes a student OTP session and completes the private exemption-media review flow (694.521287ms)
  ✔ completes TEACHER recovery and revokes every prior session (631.645733ms)
  ✔ completes ADMIN recovery and revokes every prior session (608.388449ms)
  ✔ lists and marks only the authenticated user notification with durable evidence (453.228205ms)
  ✔ accepts only authenticated bounded client diagnostics with durable replay and no free-form metadata (782.583408ms)
  ✔ marks 24 distinct notifications concurrently with one durable event per notification (960.01328ms)
  ✔ registers and revokes an IOS push token without exposing plaintext or ciphertext (497.414344ms)
  ✔ persists preferences and feedback while exposing only published help content (496.781569ms)
  ✔ keeps all location and conversion capabilities explicitly fail-closed (649.030302ms)
✔ Stage 21 client capabilities with real PostgreSQL (14304.24277ms)
▶ Student identity, Enrollment, and QR Join HTTP E2E
  ✔ rejects invalid enrollment academics without creating profiles and accepts SAI and custom graduate majors (1028.483765ms)
  ✔ enforces server-relative invite validity and rejects ambiguous or out-of-range input (627.4793ms)
  ✔ rejects an identity created by another flow after capability issuance without binding its email (486.548425ms)
  ✔ finishes a registered flow during natural-expiry grace without renewing or opening a new flow (635.136648ms)
  ✔ rejects registered invitation grace when GRACE_EXPIRED (455.203474ms)
  ✔ rejects registered invitation grace when REVOKED (479.640311ms)
  ✔ rejects registered invitation grace when ENROLLMENT_CLOSED (451.508194ms)
  ✔ rejects registered invitation grace when COURSE_CLOSED (509.533579ms)
  ✔ rejects registered invitation grace when SEMESTER_ARCHIVED (680.220076ms)
  ✔ rotates digest-only invites and issues one replayable capability without creating identity (581.022299ms)
  ✔ rejects non-binary QR join genders and malformed cohort years before issuing a capability (539.657988ms)
  ✔ joins atomically, replays the exact encrypted result, and grants only Enrollment projections (811.965785ms)
  ✔ manually enrolls an existing student and enforces remove, restore, read, and withdraw scopes (802.593649ms)
  ✔ rolls back a second same-semester join and refuses self rejoin after teacher removal (927.679816ms)
✔ Student identity, Enrollment, and QR Join HTTP E2E (10517.596494ms)
ℹ tests 37
ℹ suites 2
ℹ pass 37
ℹ fail 0
ℹ cancelled 0
ℹ skipped 0
ℹ todo 0
ℹ duration_ms 25785.979904
