
> bnbu-pe-management-portal@0.1.0 build
> vinext build


  vinext build  (Vite 8.2.1)

(node:5500) [DEP0040] DeprecationWarning: The `punycode` module is deprecated. Please use a userland alternative instead.
(Use `node --trace-deprecation ...` to show where the warning was created)
[1/5] analyze client references...
[2K
transforming...✓ 91 modules transformed.
rendering chunks...
✓ built in 546ms
[2/5] analyze server references...
[2K
transforming...✓ 237 modules transformed.
rendering chunks...
✓ built in 405ms
[3/5] build rsc environment...
[2K
transforming...✓ 97 modules transformed.
rendering chunks...
computing gzip size...
✓ built in 361ms
[4/5] build client environment...
[2K
transforming...✓ 1979 modules transformed.
rendering chunks...
computing gzip size...
✓ built in 1.00s
[5/5] build ssr environment...
[2K
transforming...✓ 307 modules transformed.
rendering chunks...
computing gzip size...
✓ built in 555ms
[0m
  Route (app)
  ┌ ? /                     
  └ ? /phase5b-contract-mock

  ? Unknown

  ? Some routes could not be classified. vinext currently uses static analysis
    and cannot detect dynamic API usage (headers(), cookies(), etc.) at build time.
    Automatic classification will be improved in a future release.
  Build complete. Run `vinext start` to start the production server.

