Loaded image: bnbu-backend-production:e4bd83eb-student-delete
Loaded image: bnbu-portal-production:e4bd83eb-student-delete
Loaded image: bnbu-migrator-production:e4bd83eb-student-delete
{"check": "PRE_RELEASE_DATABASE_BACKUP", "result": "PASS", "path": "/opt/bnbu-sports-production/backups/before-bugfix-20260911T101724Z.dump", "bytes": 3399671}
 Container bnbu-sports-production-migrator-run-733d46db258c Creating 
 Container bnbu-sports-production-migrator-run-733d46db258c Created 

> @bnbu/sports-backend@0.1.0 db:migrate:deploy:container
> node ./scripts/run-migration-with-secrets.mjs --harden

Loaded Prisma config from prisma.config.ts.

Prisma schema loaded from prisma/schema.prisma.
Datasource "db": PostgreSQL database "bnbusports", schema "public" at "172.19.0.16:5432"

61 migrations found in prisma/migrations

Applying migration `0061_admin_student_erasure`

The following migration(s) have been applied:

migrations/
  └─ 0061_admin_student_erasure/
    └─ migration.sql

All migrations have been successfully applied.
Runtime database privileges hardened; migration history is read-only.
npm notice
npm notice New major version of npm available! 11.16.0 -> 12.0.2
npm notice Changelog: https://github.com/npm/cli/releases/tag/v12.0.2
npm notice To update run: npm install -g npm@12.0.2
npm notice
 Container bnbu-sports-production-backend-1 Recreate 
 Container bnbu-sports-production-portal-1 Recreate 
 Container bnbu-sports-production-backend-1 Recreated 
 Container bnbu-sports-production-portal-1 Recreated 
 Container bnbu-sports-production-backend-1 Starting 
 Container bnbu-sports-production-portal-1 Starting 
 Container bnbu-sports-production-backend-1 Started 
 Container bnbu-sports-production-portal-1 Started 
{"check": "STUDENT_DELETION_DEPLOYMENT", "result": "PASS", "release": "/opt/bnbu-sports-production/releases/e4bd83eb4b5f-student-delete", "images": {"backend": "sha256:5c35bdd8be2e7aa7b101f9e8f939e6892b25a3df3a41da16840b9f2c634a7271", "portal": "sha256:8992ecc5eadc3dc7590929bed33737260a7a4414ad4eb32c624553f249be5cbe", "migrator": "sha256:913037291835fd662fa4c9f5974eb20c83e8b5cb4bfe8e7ed1463b1d02af6fc9"}}
