{"check":"CLOUD_STUDENT_SESSION_RESTORED","result":"PASS","sessionSetup":"isolated fixture bootstrap, no SMTP claim"}
{"check":"CLOUD_CAPTURE_DRAFTS","drafts":[{"type":"image","bytes":10468},{"type":"video","bytes":696122}]}
{"check":"CLOUD_BROWSER_PHOTO_VIDEO_PAUSE_RESUME","result":"PASS","drafts":[{"type":"image","bytes":10468},{"type":"video","bytes":696122}],"cameraSource":"synthetic device through real browser MediaRecorder"}
{"check":"CLOUD_REAL_30_MINUTE_WAIT_STARTED","expectedFinish":"2026-09-10T17:12:27.486Z","sessionId":"01a08c32-c5be-7108-8e1d-adb42b2c4670"}
{"check":"CLOUD_REAL_CLOCK_PROGRESS","remainingSeconds":1752}
{"check":"CLOUD_REAL_CLOCK_PROGRESS","remainingSeconds":1702}
{"check":"CLOUD_REAL_CLOCK_PROGRESS","remainingSeconds":1652}
{"check":"CLOUD_REAL_CLOCK_PROGRESS","remainingSeconds":1602}
{"check":"CLOUD_REAL_CLOCK_PROGRESS","remainingSeconds":1552}
{"check":"CLOUD_REAL_CLOCK_PROGRESS","remainingSeconds":1502}
{"check":"CLOUD_REAL_CLOCK_PROGRESS","remainingSeconds":1452}
{"check":"CLOUD_REAL_CLOCK_PROGRESS","remainingSeconds":1402}
{"check":"CLOUD_REAL_CLOCK_PROGRESS","remainingSeconds":1352}
{"check":"CLOUD_REAL_CLOCK_PROGRESS","remainingSeconds":1302}
{"check":"CLOUD_REAL_CLOCK_PROGRESS","remainingSeconds":1252}
{"check":"CLOUD_REAL_CLOCK_PROGRESS","remainingSeconds":1202}
{"check":"CLOUD_REAL_CLOCK_PROGRESS","remainingSeconds":1152}
{"check":"CLOUD_REAL_CLOCK_PROGRESS","remainingSeconds":1102}
{"check":"CLOUD_REAL_CLOCK_PROGRESS","remainingSeconds":1052}
{"check":"CLOUD_REAL_CLOCK_PROGRESS","remainingSeconds":1002}
{"check":"CLOUD_REAL_CLOCK_PROGRESS","remainingSeconds":952}
{"check":"CLOUD_REAL_CLOCK_PROGRESS","remainingSeconds":902}
{"check":"CLOUD_REAL_CLOCK_PROGRESS","remainingSeconds":852}
{"check":"CLOUD_REAL_CLOCK_PROGRESS","remainingSeconds":802}
{"check":"CLOUD_REAL_CLOCK_PROGRESS","remainingSeconds":752}
{"check":"CLOUD_REAL_CLOCK_PROGRESS","remainingSeconds":702}
{"check":"CLOUD_REAL_CLOCK_PROGRESS","remainingSeconds":652}
{"check":"CLOUD_REAL_CLOCK_PROGRESS","remainingSeconds":602}
{"check":"CLOUD_REAL_CLOCK_PROGRESS","remainingSeconds":552}
{"check":"CLOUD_REAL_CLOCK_PROGRESS","remainingSeconds":502}
{"check":"CLOUD_REAL_CLOCK_PROGRESS","remainingSeconds":452}
{"check":"CLOUD_REAL_CLOCK_PROGRESS","remainingSeconds":402}
{"check":"CLOUD_REAL_CLOCK_PROGRESS","remainingSeconds":352}
{"check":"CLOUD_REAL_CLOCK_PROGRESS","remainingSeconds":302}
{"check":"CLOUD_REAL_CLOCK_PROGRESS","remainingSeconds":252}
{"check":"CLOUD_REAL_CLOCK_PROGRESS","remainingSeconds":202}
{"check":"CLOUD_REAL_CLOCK_PROGRESS","remainingSeconds":152}
{"check":"CLOUD_REAL_CLOCK_PROGRESS","remainingSeconds":102}
{"check":"CLOUD_REAL_CLOCK_PROGRESS","remainingSeconds":52}
{"check":"CLOUD_REAL_CLOCK_PROGRESS","remainingSeconds":2}
{"check":"CLOUD_REAL_CLOCK_PROGRESS","remainingSeconds":0}
{"check":"CLOUD_REAL_30_MINUTE_CAPTURE_COS_SUBMISSION","result":"PASS","recordId":"01a08c4e-79a4-715a-9c1f-8683361e6eeb","actualDurationSeconds":1814,"creditBeforeReview":0,"errors":[{"path":"/api/v1/exercise-sessions/01a08c32-c5be-7108-8e1d-adb42b2c4670","status":401}]}
