 Container bnbu-v81-full-integration-integration-media-1 Running
 Container bnbu-v81-full-integration-mailpit-1 Running
 Container bnbu-v81-full-integration-integration-postgres-1 Running
 Container bnbu-v81-full-integration-mailpit-1 Waiting
 Container bnbu-v81-full-integration-integration-postgres-1 Waiting
 Container bnbu-v81-full-integration-integration-media-1 Waiting
 Container bnbu-v81-full-integration-integration-postgres-1 Healthy
 Container bnbu-v81-full-integration-mailpit-1 Healthy
 Container bnbu-v81-full-integration-integration-media-1 Healthy
 Container bnbu-v81-full-integration-integration-tests-run-dfb4e54674ff Creating
 Container bnbu-v81-full-integration-integration-tests-run-dfb4e54674ff Created

> @bnbu/sports-backend@0.1.0 test:integration
> node ./scripts/run-test-layer.mjs integration

▶ PostgreSQL identity, Enrollment, and QR Join integration
  ✔ installs exactly the four Stage 12 tables with append-only event protection (598.604194ms)
  ✔ preserves leading zeros and enforces one identity per organization (363.647167ms)
  ✔ enforces a permanent class relation and one ACTIVE Enrollment per semester (467.347546ms)
  ✔ rejects invalid Enrollment status shapes and cross-organization references (426.78072ms)
  ✔ permits one ACTIVE invite per section while retaining revoked history (439.349301ms)
  ✔ enforces consumed capability shape and keeps EnrollmentStatusEvent append-only (402.535567ms)
✔ PostgreSQL identity, Enrollment, and QR Join integration (2751.910738ms)
▶ ExerciseRecord PostgreSQL integration
  ✔ installs only the five Stage 16 tables and the one-record-per-session key (683.729053ms)
  ✔ enforces the conditional description rule in PostgreSQL (495.747364ms)
  ✔ enforces media ownership, availability, global uniqueness, and daily uniqueness (507.337234ms)
  ✔ keeps association, daily slot, event, and review histories append-only (532.430217ms)
✔ ExerciseRecord PostgreSQL integration (2268.786333ms)
▶ ExerciseReview PostgreSQL integration
  ✔ accepts only an immediate append-only review chain including reopen PENDING reason (677.6163ms)
  ✔ accepts a system VALID first review and a reviewed-to-reviewed invalidation (506.877113ms)
  ✔ enforces INVALID reason shape and permanently denies credited override (388.346154ms)
  ✔ permits only the Stage 17 review and reopen record transitions (513.034555ms)
  ✔ keeps Stage 17 review facts intact after forward-only Score migration (420.046403ms)
✔ ExerciseReview PostgreSQL integration (2554.89369ms)
▶ ExerciseSession PostgreSQL integration
  ✔ enforces one active Session per student under concurrent writes (702.965002ms)
  ✔ enforces terminal timestamps, duration bounds, version, and scoped foreign keys (435.097452ms)
  ✔ allows a segment to close exactly once and keeps event history append-only (513.357885ms)
  ✔ rolls back Session, segment, event, audit, and outbox together on transaction failure (493.751562ms)
✔ ExerciseSession PostgreSQL integration (2146.101356ms)
▶ Stage 19 Export and audit governance PostgreSQL integration
  ✔ adds AUDIT_LOG_READ without creating Export persistence (573.974604ms)
{"tool":"STAGING_HEALTH_OPERATOR","command":"bootstrap","status":"PASS","fixtureState":"CREATED","createdComponents":["organization","adminUser","adminProfile","systemPolicy"],"secretOutput":"REDACTED"}
{"tool":"STAGING_HEALTH_OPERATOR","command":"bootstrap","status":"PASS","fixtureState":"VERIFIED","createdComponents":[],"secretOutput":"REDACTED"}
  ✔ accepts the isolated staging fixture bootstrap audit action (575.788565ms)
  ✔ keeps the audit action constraint closed and the append-only trigger effective (351.343443ms)
✔ Stage 19 Export and audit governance PostgreSQL integration (1534.808064ms)
▶ MediaEvidence PostgreSQL integration
  ✔ installs four scoped tables, immutable facts, and append-only histories (677.645003ms)
  ✔ enforces active 6-image and 1-video quotas under database serialization (563.352523ms)
  ✔ persists the monotonic confirmed, bound, processing, and available lifecycle (474.271801ms)
✔ MediaEvidence PostgreSQL integration (1764.195716ms)
▶ Official Roster Import and Alignment PostgreSQL integration
  ✔ installs six scoped roster tables and append-only history guards (554.825247ms)
  ✔ persists private versions, a frozen deterministic alignment, resolution history, and rollback (688.227932ms)
  ✔ binds roster-version evidence to a different version of the same subject and keeps newer-result evidence fail-closed (590.547009ms)
✔ Official Roster Import and Alignment PostgreSQL integration (1876.617902ms)
▶ PostgreSQL 18 Foundation integration
  ✔ records every exact finished Greenfield migration and checksum (539.181059ms)
  ✔ enforces foreign keys and one CURRENT semester per organization (345.576536ms)
  ✔ preserves student-number leading zeros and enforces exactly one role Profile (425.618338ms)
  ✔ enforces mutually exclusive StudentScore status predicates in PostgreSQL (524.740559ms)
  ✔ keeps AuditLog append-only at the database boundary (329.761526ms)
  ✔ claims Outbox rows concurrently without duplicate ownership (447.187727ms)
  ✔ enforces shared rate-limit windows atomically across concurrent consumers (427.236806ms)
  ✔ persists SystemMode, rejects unknown values, and rolls transactions back (392.94155ms)
✔ PostgreSQL 18 Foundation integration (3492.17726ms)
▶ Stage 18 Score PostgreSQL integration
  ✔ creates exactly the nine 0009 tables while leaving Export absent (536.690344ms)
  ✔ enforces one ACTIVE rule and protects the frozen rule definition (362.563976ms)
  ✔ keeps approvals and score revisions append-only and source-idempotent (526.284043ms)
✔ Stage 18 Score PostgreSQL integration (1473.954736ms)
▶ staging business fixture PostgreSQL integration
  ✔ creates the complete fixture once and verifies it without adding rows (803.13121ms)
  ✔ reports a deterministic conflict without changing the conflicting database state (498.081693ms)
  ✔ creates one completed one-hour session and verifies the same closure on replay (517.018268ms)
✔ staging business fixture PostgreSQL integration (1866.97896ms)
▶ staging R01 fixture PostgreSQL integration
  ✔ creates only the isolated staff topology once and verifies it without Student side effects (813.50216ms)
  ✔ fails atomically when an existing BNBU organization has conflicting metadata (259.932414ms)
  ✔ fails closed and rolls back when reserved Student STUDENT-ANDROID-01 already exists (302.251938ms)
  ✔ fails closed and rolls back when reserved Student STUDENT-IOS-01 already exists (273.748429ms)
  ✔ fails closed and rolls back when reserved Student STUDENT-WEB-01 already exists (265.634571ms)
  ✔ rejects an extra identity and rolls back all attempted fixture writes (393.8603ms)
  ✔ rejects any existing AuthSession with a dedicated conflict (519.637173ms)
  ✔ rejects any existing Enrollment with a dedicated conflict before identity counts (498.312682ms)
  ✔ rejects a cross-role Profile and rolls back earlier fixture writes (417.777889ms)
  ✔ rejects a changed password without rotating or overwriting the existing account (440.18721ms)
✔ staging R01 fixture PostgreSQL integration (4235.666906ms)
▶ PostgreSQL teaching structure integration
  ✔ persists the teaching fixture across forward-only Score while keeping Export absent (565.249695ms)
  ✔ enforces organization Course codes and semester/course/class codes as unique (351.958136ms)
  ✔ rejects every cross-organization Course, Semester, Teacher, and actor reference (456.570876ms)
  ✔ enforces version, date, daily-time, and excluded-date database checks (482.152929ms)
  ✔ prevents deleting referenced Course and preserves sections across deactivate and close (443.969237ms)
  ✔ rolls back parent and excluded-date changes when the calendar invariant fails (426.129817ms)
  ✔ accepts the Stage 11 Course audit actions while preserving append-only behavior (336.22138ms)
✔ PostgreSQL teaching structure integration (3113.847971ms)
ℹ tests 59
ℹ suites 12
ℹ pass 59
ℹ fail 0
ℹ cancelled 0
ℹ skipped 0
ℹ todo 0
ℹ duration_ms 53174.36957

> @bnbu/sports-backend@0.1.0 pretest:e2e
> npm run build


> @bnbu/sports-backend@0.1.0 prebuild
> npm run db:generate && npm run generate


> @bnbu/sports-backend@0.1.0 db:generate
> prisma generate

Loaded Prisma config from prisma.config.ts.

Prisma schema loaded from prisma/schema.prisma.

✔ Generated Prisma Client (7.9.1) to ./src/generated/prisma in 923ms

┌─────────────────────────────────────────────────────────┐
│  Update available 7.9.1 -> 8.0.0-rc.13                  │
│                                                         │
│  This is a major update - please follow the guide at    │
│  https://pris.ly/d/major-version-upgrade                │
│                                                         │
│  Run the following to update                            │
│    npm i --save-dev prisma@latest                       │
│    npm i @prisma/client@latest                          │
└─────────────────────────────────────────────────────────┘

> @bnbu/sports-backend@0.1.0 generate
> npm run openapi:generate && npm run db:manifest:generate


> @bnbu/sports-backend@0.1.0 openapi:generate
> node ./scripts/generate-openapi.mjs

Generated 3 OpenAPI artifacts from 254 operations.

> @bnbu/sports-backend@0.1.0 db:manifest:generate
> node ./scripts/generate-migration-manifest.mjs

Generated migration manifest updated.

> @bnbu/sports-backend@0.1.0 build
> nest build


> @bnbu/sports-backend@0.1.0 test:e2e
> node ./scripts/run-test-layer.mjs e2e

▶ Foundation HTTP E2E with real PostgreSQL
  ✔ serves public probes and restricts dependency health to administrators (1031.165587ms)
  ✔ logs in only with the seeded password and returns a safe /me projection (470.728153ms)
  ✔ denies missing or pending password security and unassigned administrator access (675.286441ms)
  ✔ validates unauthenticated access responses for every secured operation (878.929342ms)
  ✔ validates error responses for public operations with request input (351.106151ms)
  ✔ returns stable generic errors for wrong passwords and a specific disabled-account result (453.542584ms)
  ✔ rejects expired, tampered, and cross-organization access tokens (417.333129ms)
  ✔ rotates refresh tokens atomically and revokes the family on reuse (460.424986ms)
  ✔ revokes logout sessions and makes the operation safely replayable (455.759522ms)
  ✔ reserves concurrent idempotency keys without creating duplicate sessions (570.638679ms)
  ✔ enforces mode allowlists, strict validation, request IDs, CORS, and body limits (485.162431ms)
✔ Foundation HTTP E2E with real PostgreSQL (7931.57118ms)
▶ Stage 21 client capabilities with real PostgreSQL
  ✔ keeps student account deletion deferred with no challenge or account mutation (767.154485ms)
  ✔ accepts an organization-scoped student challenge without exposing its code and keeps an empty release policy fail-closed (383.712706ms)
  ✔ rejects PHONE without creating a challenge and activates a pending student through first email binding (473.006241ms)
  ✔ requires both current and new mailbox codes for email rebinding (460.307718ms)
  ✔ uses the numeric iOS build number for enforcement and keeps marketing version display-only (333.17025ms)
  ✔ establishes a student OTP session and completes the private exemption-media review flow (741.131697ms)
  ✔ completes TEACHER recovery and revokes every prior session (686.620152ms)
  ✔ completes ADMIN recovery and revokes every prior session (619.487269ms)
  ✔ lists and marks only the authenticated user notification with durable evidence (461.194146ms)
  ✔ accepts only authenticated bounded client diagnostics with durable replay and no free-form metadata (875.643021ms)
  ✔ marks 24 distinct notifications concurrently with one durable event per notification (1266.187001ms)
  ✔ registers and revokes an IOS push token without exposing plaintext or ciphertext (552.331681ms)
  ✔ persists preferences and feedback while exposing only published help content (545.872864ms)
  ✔ keeps all location and conversion capabilities explicitly fail-closed (695.341459ms)
✔ Stage 21 client capabilities with real PostgreSQL (10396.523273ms)
▶ Student identity, Enrollment, and QR Join HTTP E2E
  ✔ rotates digest-only invites and issues one replayable capability without creating identity (830.922075ms)
  ✔ rejects non-binary QR join genders and malformed cohort years before issuing a capability (514.175556ms)
  ✔ joins atomically, replays the exact encrypted result, and grants only Enrollment projections (813.736482ms)
  ✔ manually enrolls an existing student and enforces remove, restore, read, and withdraw scopes (718.426283ms)
  ✔ rolls back a second same-semester join and refuses self rejoin after teacher removal (662.495344ms)
✔ Student identity, Enrollment, and QR Join HTTP E2E (5104.714341ms)
▶ ExerciseRecord HTTP E2E
  ✔ creates, edits, lists, submits, and replays one immutable evidence chain (1272.635116ms)
  ✔ requires the exact complete set of available session media (785.119313ms)
  ✔ does not let an unselected processing upload block valid evidence submission (676.348501ms)
  ✔ returns a stable conflict when a second draft is created for one session (617.894461ms)
  ✔ discards a draft atomically with append-only evidence (635.912663ms)
  ✔ routes withdrawal to stable default deny with zero domain side effects (605.273194ms)
  ✔ retains below-threshold submissions with zero credited duration (636.264858ms)
  ✔ accepts same-day submissions for review without reserving legacy daily slots (757.294255ms)
  ✔ returns for one supplement then credits a replayable teacher decision in student progress (1748.156782ms)
  ✔ approves, adjusts and revokes activity recognition with matching student progress and history (1202.724155ms)
  ✔ locks swimming before and after evidence once and exposes the transfer clock (949.313292ms)
✔ ExerciseRecord HTTP E2E (10791.874615ms)
▶ ExerciseReview HTTP E2E
  ✔ lets the responsible teacher append INVALID to a system-valid submission (911.302241ms)
  ✔ appends VALID, lists history, reopens, and appends INVALID without changing duration facts (778.28137ms)
  ✔ replays one decision and permits only one concurrent stale decision (618.767835ms)
  ✔ returns ordered partial batch outcomes and exact replay (573.401723ms)
  ✔ denies STUDENT and ADMIN review operations before business mutation (637.451372ms)
✔ ExerciseReview HTTP E2E (4381.100587ms)
▶ ExerciseSession HTTP E2E
  ✔ runs start, active recovery, pause, resume, conservative reconcile, and finish atomically (1357.787282ms)
  ✔ cancels without deleting history and rejects stale, duplicate-active, foreign-role, removed, and unknown input (904.672453ms)
  ✔ fails closed outside the configured window and rejects unverified offline intervals (666.759388ms)
  ✔ allows further exercise with 20 hours of historical VALID records (701.290518ms)
✔ ExerciseSession HTTP E2E (4633.073181ms)
▶ Stage 19 Export, Audit Read, and governance HTTP E2E
  ✔ enforces role and organization scope for Student and Teacher projections (1061.631479ms)
  ✔ denies administrator student-profile mutation without side effects (466.399083ms)
  ✔ denies unassigned legacy Export operations without persistence (489.537647ms)
  ✔ allows only organization ADMIN audit read, redacts recursively, and audits each read (571.773459ms)
✔ Stage 19 Export, Audit Read, and governance HTTP E2E (3455.210254ms)
▶ MediaEvidence HTTP E2E
  ✔ runs idempotent initiate, verified confirm, same-Session bind, worker, and private access (1145.098541ms)
  ✔ accepts a byte-verified 15-second audible WebM upload (451.887769ms)
  ✔ fails spoofed MIME without partial verified facts and rejects cross-Session binding (494.543303ms)
  ✔ rejects new or newly bound evidence after the session record is submitted (441.285727ms)
✔ MediaEvidence HTTP E2E (3365.421283ms)
▶ Official Roster Import and Alignment HTTP E2E
  ✔ continues an accepted electronic roster after closing while rejecting new imports without side effects (1180.731767ms)
  ✔ uploads private immutable versions and enforces Teacher/Admin/Student projections and scope (763.11486ms)
  ✔ aligns a frozen current snapshot and appends confirm/resolve/reopen while ignore is side-effect free (770.029167ms)
✔ Official Roster Import and Alignment HTTP E2E (3567.753308ms)
[31m[Nest] 15660  - [39m09/10/2026, 4:04:08 PM [31m  ERROR[39m [38;5;3m[HttpExceptionFilter] [39mObject(7) {
  event: [32m'UNHANDLED_HTTP_ERROR'[39m,
  requestId: [32m'01a08c0f-e98d-7590-8ad0-caf1a98cfb8b'[39m,
  errorType: [32m'UNEXPECTED_ERROR'[39m,
  databaseCode: [1mnull[22m,
  sqlState: [1mnull[22m,
  serializationFailure: [33mfalse[39m,
  deadlock: [33mfalse[39m
}
▶ Public system endpoint error conformance
  ✔ validates documented liveness, readiness, and system-mode failures over HTTP (63.195931ms)
✔ Public system endpoint error conformance (1034.396518ms)
▶ Current internal final grade HTTP E2E
  ✔ preserves teacher draft and publication history with replay and student privacy (916.746178ms)
  ✔ serializes competing revisions and rejects stale writes, notes and unauthorized actors (796.630773ms)
  ✔ denies obsolete administrator score governance without creating score rules (490.151553ms)
  ✔ denies every retired score endpoint for authenticated teachers and administrators (622.860616ms)
✔ Current internal final grade HTTP E2E (3678.413018ms)
▶ Course and ClassSection HTTP E2E
  ✔ applies role-scoped Course reads and stable bound cursor pagination (767.813203ms)
  ✔ creates and updates the teacher course with replay while administrators remain read-only (612.809226ms)
  ✔ derives the responsible teacher and replaces excluded dates atomically (487.644165ms)
  ✔ closes a ClassSection idempotently and preserves the historical projection (439.504193ms)
  ✔ enforces teacher ownership, administrator read-only governance, and organization isolation (711.802136ms)
  ✔ keeps archived Semester and inactive Course creation failures free of side effects (407.417678ms)
  ✔ returns an empty student projection without ACTIVE Enrollment and rejects writes (429.3436ms)
  ✔ rejects unsupported mode values and maintenance mutations without side effects (422.784035ms)
✔ Course and ClassSection HTTP E2E (5810.537905ms)
{"check":"ENDURANCE_CONCURRENT_VERSION_AND_SUBADMIN_PERMISSION_REVOCATION","result":"PASS"}
▶ V81 endurance rule administration HTTP E2E
  ✔ preserves rule revisions, rejects invalid bands and enforces concurrent versions and revoked permissions (1209.197034ms)
✔ V81 endurance rule administration HTTP E2E (2052.871694ms)
▶ V81 help and feedback HTTP E2E
  ✔ publishes bilingual help, replays writes and removes archived content from student reads (1172.428852ms)
  ✔ paginates help without omissions, serializes edits and applies revoked admin permissions immediately (598.679001ms)
  ✔ delivers feedback handling history and notifications once, with owner isolation and version conflicts (874.93117ms)
✔ V81 help and feedback HTTP E2E (3521.382225ms)
{"check":"MAKEUP_HTTP_GRANT_SCOPE_RULE_BOUNDS_REPLAY_PAGINATION_CONCURRENT_REVOCATION_AUDIT","result":"PASS","membersSeeded":true}
{"check":"STUDENT_OWN_MAKEUP_OTP_SCOPE_PAGINATION_REVOCATION_NOTIFICATION_EXACTLY_ONCE","result":"PASS","syntheticStudents":true}
▶ V81 makeup window HTTP E2E
  ✔ creates and revokes makeup windows with student OTP readback and notifications (1715.535694ms)
{"check":"MAKEUP_REVOKED_SESSION_MINIO_UPLOAD_SUBMIT_MANUAL_REVIEW_REPLAY","result":"PASS","scheduleSeeded":true,"syntheticImage":true,"shortSessionNoCredit":true}
  ✔ authorizes post-deadline exercise from a granted window and preserves the active session after revocation (1413.889543ms)
✔ V81 makeup window HTTP E2E (3938.290405ms)
▶ V81 OCR governance HTTP E2E
  ✔ governs OCR configuration with super-admin scope, immutable history and versioned replay (1135.233228ms)
✔ V81 OCR governance HTTP E2E (1987.844805ms)
{"check":"OCR_DRAFT_HTTP_MAPPING_SCOPE_VALIDATION_REPLAY_CONCURRENT_REVISION_HISTORY_SOURCE_RETAINED","result":"PASS","providerSimulated":true,"formalConfirmation":false}
{"check":"OCR_SETTLEMENT_PENDING_BATCHES_UNIFIED_SOURCE_UNRESOLVED_REGISTRATION_STILL_BLOCKED","result":"PASS"}
{"check":"OCR_CONFIRMED_ROSTER_ADMIN_SUMMARIES_USE_UNIFIED_BASIS_NO_PERSONAL_SOURCE_DATA","result":"PASS"}
{"check":"OCR_ROSTER_HTTP_CONFIRM_CONCURRENT_SINGLE_SNAPSHOT_BASIS_REPLAY_SCOPE_HISTORY_NO_ENROLLMENT","result":"PASS","providerSimulated":true}
{"check":"CONFIRMED_ROSTER_SNAPSHOT_LIST_CURSOR_CURRENT_SELECTION_METADATA_ONLY","result":"PASS"}
{"check":"UNIFIED_ROSTER_BASIS_RESTORE_OCR_ELECTRONIC_CONCURRENT_VERSION_REASON_REPLAY_HISTORY","result":"PASS"}
{"check":"OCR_TO_REAL_CSV_CONFIRM_REPLACE_ROLLBACK_SHARED_VERSION_SOURCE_BYTES_HISTORY_NO_MEMBERSHIP","result":"PASS","providerSimulated":true}
▶ V81 OCR intake and job HTTP E2E
  ✔ uploads private OCR pages and completes recognition and confirmation with course open (image/png) (2913.481083ms)
{"check":"OCR_DRAFT_HTTP_MAPPING_SCOPE_VALIDATION_REPLAY_CONCURRENT_REVISION_HISTORY_SOURCE_RETAINED","result":"PASS","providerSimulated":true,"formalConfirmation":false}
{"check":"OCR_SETTLEMENT_PENDING_BATCHES_UNIFIED_SOURCE_UNRESOLVED_REGISTRATION_STILL_BLOCKED","result":"PASS"}
{"check":"OCR_CONFIRMED_ROSTER_ADMIN_SUMMARIES_USE_UNIFIED_BASIS_NO_PERSONAL_SOURCE_DATA","result":"PASS"}
{"check":"OCR_ROSTER_HTTP_CONFIRM_CONCURRENT_SINGLE_SNAPSHOT_BASIS_REPLAY_SCOPE_HISTORY_NO_ENROLLMENT","result":"PASS","providerSimulated":true}
  ✔ uploads private OCR pages and completes recognition and confirmation with course closed after acceptance (image/png) (1759.566471ms)
{"check":"OCR_DRAFT_HTTP_MAPPING_SCOPE_VALIDATION_REPLAY_CONCURRENT_REVISION_HISTORY_SOURCE_RETAINED","result":"PASS","providerSimulated":true,"formalConfirmation":false}
{"check":"OCR_SETTLEMENT_PENDING_BATCHES_UNIFIED_SOURCE_UNRESOLVED_REGISTRATION_STILL_BLOCKED","result":"PASS"}
{"check":"OCR_CONFIRMED_ROSTER_ADMIN_SUMMARIES_USE_UNIFIED_BASIS_NO_PERSONAL_SOURCE_DATA","result":"PASS"}
{"check":"OCR_ROSTER_HTTP_CONFIRM_CONCURRENT_SINGLE_SNAPSHOT_BASIS_REPLAY_SCOPE_HISTORY_NO_ENROLLMENT","result":"PASS","providerSimulated":true}
  ✔ uploads private OCR pages and completes recognition and confirmation with course closed after acceptance (image/webp) (1674.737066ms)
✔ V81 OCR intake and job HTTP E2E (7204.003366ms)
▶ V81 physical import HTTP E2E
  ✔ keeps CSV drafts separate then confirms reviewed rows atomically with replay (1178.646087ms)
  ✔ imports the selected XLSX sheet, retains exact source bytes and confirms the student result (761.706626ms)
✔ V81 physical import HTTP E2E (2828.491587ms)
▶ V81 physical result HTTP E2E
  ✔ records 1000m raw facts with immutable history, concurrency and student privacy (1336.341833ms)
  ✔ records 800m raw facts with immutable history, concurrency and student privacy (878.77212ms)
✔ V81 physical result HTTP E2E (3085.941281ms)
{"check":"RUNTIME_ARCHIVE_CURRENT_PERMISSION_REVOKE_RESTORE_SYNTHETIC_EXPIRY_REISSUE","result":"PASS"}
{"check":"RUNTIME_ARCHIVE_LIVE_WORKER_PRIVATE_ZIP_DOWNLOAD_CANCEL","result":"PASS","recordCount":12}
▶ V81 runtime archives HTTP E2E
  ✔ generates a scoped private ZIP with the live worker, downloads it and revokes access on cancellation (5185.941122ms)
✔ V81 runtime archives HTTP E2E (6046.705139ms)
{"check":"SEMESTER_SWITCH_PREFLIGHT_SCOPE_DATE_PAGINATION_SHARED_COURSE_BLOCKERS_NO_MUTATION","result":"PASS","settlementSource":"saved reports"}
{"check":"SEMESTER_SWITCH_DATE_UNSETTLED_SCOPE_REQUIRED_VERSION_DENIED","result":"PASS"}
[31m[Nest] 21631  - [39m09/10/2026, 4:04:57 PM [31m  ERROR[39m [38;5;3m[HttpExceptionFilter] [39mObject(7) {
  event: [32m'UNHANDLED_HTTP_ERROR'[39m,
  requestId: [32m'01a08c10-aa53-70b9-82f0-dc83c33c802e'[39m,
  errorType: [32m'PrismaClientKnownRequestError'[39m,
  databaseCode: [32m'P2010'[39m,
  sqlState: [1mnull[22m,
  serializationFailure: [33mfalse[39m,
  deadlock: [33mfalse[39m
}
{"check":"SEMESTER_SWITCH_SUBADMIN_PERMISSION_AND_AUDIT_FAILURE_ROLLS_BACK_BOTH_SEMESTERS","result":"PASS","failure":"injected only in isolated test database; trigger removed"}
{"check":"COURSE_CREATION_UPCOMING_DENIED_SWITCH_THEN_ACTIVE_REPLAY_ARCHIVED_DENIED","result":"PASS"}
{"check":"SEMESTER_EMPTY_OLD_ATOMIC_SWITCH_CONCURRENT_REPLAY_UNIQUE_CURRENT_AUDIT_HISTORY","result":"PASS","fixture":"empty current semester prepared in isolated database; not settled-course acceptance"}
▶ V81 semester administration HTTP E2E
  ✔ creates and edits an upcoming semester, checks blockers and atomically switches an empty current semester (1628.154069ms)
✔ V81 semester administration HTTP E2E (2477.086645ms)
{"check":"ADMIN_COURSE_SETTLEMENT_AGGREGATE_REAL_REPORT_SCHEMA_PRIVACY_SCOPE_GRANT_REVOCATION","result":"PASS"}
{"check":"SEMESTER_PREFLIGHT_COUNTS_FORMAL_REPORT_AND_OFF_PAGE_UNFINISHED_COURSES","result":"PASS"}
{"check":"SETTLED_SEMESTER_SWITCH_MAINTENANCE_DENIED_NO_STATUS_CHANGE_RECOVERY","result":"PASS"}
{"check":"ONE_COURSE_FORMAL_HTTP_SETTLEMENT_SWITCH_ARCHIVE_REPLAY_REPORT_EXPORT_HISTORY_PRESERVED","result":"PASS","fixture":"one-course semester prepared before business facts; historical published rules; report and switch use real HTTP"}
{"check":"SETTLEMENT_REAL_HTTP_MISSING_FACTS_STALE_PREVIEW_SCOPE_CONCURRENT_SINGLE_REPORT_REPLAY_READ_EXPORT","result":"PASS","clock":"real server clock","fixture":"historical rules seeded only in isolated test database"}
[31m[Nest] 21843  - [39m09/10/2026, 4:05:01 PM [31m  ERROR[39m [38;5;3m[HttpExceptionFilter] [39mObject(7) {
  event: [32m'UNHANDLED_HTTP_ERROR'[39m,
  requestId: [32m'01a08c10-ba5a-72aa-a8a4-47e6dabe6688'[39m,
  errorType: [32m'PrismaClientKnownRequestError'[39m,
  databaseCode: [32m'P2010'[39m,
  sqlState: [1mnull[22m,
  serializationFailure: [33mfalse[39m,
  deadlock: [33mfalse[39m
}
{"check":"PHYSICAL_CORRECTION_NO_REPORT_ROLLBACK_STUDENT_LATEST_SCOPE_PRIVACY","result":"PASS"}
{"check":"PHYSICAL_CORRECTION_MISSING_ORIGINAL_NO_SIDE_EFFECT_CONCURRENT_SINGLE_WINNER_HISTORY","result":"PASS"}
{"check":"PHYSICAL_REPORT_FAILURE_ROLLS_BACK_RESULT_NOTIFICATION_AUDIT_SAME_KEY_RECOVERY","result":"PASS"}
{"check":"FORMAL_SETTLEMENT_ARCHIVE_PHYSICAL_CORRECTION_REPORT_HISTORY_NOTIFICATION_REPLAY_SCOPE_SCHEMA","result":"PASS"}
[31m[Nest] 21843  - [39m09/10/2026, 4:05:02 PM [31m  ERROR[39m [38;5;3m[HttpExceptionFilter] [39mObject(7) {
  event: [32m'UNHANDLED_HTTP_ERROR'[39m,
  requestId: [32m'01a08c10-bce6-717c-ae6a-59724c9b2c3d'[39m,
  errorType: [32m'PrismaClientKnownRequestError'[39m,
  databaseCode: [32m'P2010'[39m,
  sqlState: [1mnull[22m,
  serializationFailure: [33mfalse[39m,
  deadlock: [33mfalse[39m
}
{"check":"GRADE_REPORT_FAILURE_ROLLS_BACK_GRADE_AUDIT_SAME_KEY_RETRY_REPORT_SCHEMA","result":"PASS"}
{"check":"GRADE_CORRECTION_OTHER_TEACHER_NO_ORIGINAL_GRADE_NO_REPORT_ROLLBACK_CONCURRENT_SINGLE_WINNER","result":"PASS","archived":true}
{"check":"FINAL_GRADE_CORRECTION_ATOMIC_VERSION_REPORT_REPLAY_HISTORY_PRIVATE_GRADE","result":"PASS","archived":true,"fixture":"initial report and optional archived state prepared in isolated database"}
[31m[Nest] 21843  - [39m09/10/2026, 4:05:02 PM [31m  ERROR[39m [38;5;3m[HttpExceptionFilter] [39mObject(7) {
  event: [32m'UNHANDLED_HTTP_ERROR'[39m,
  requestId: [32m'01a08c10-bde6-7559-ad0c-57a15bb3cd0b'[39m,
  errorType: [32m'PrismaClientKnownRequestError'[39m,
  databaseCode: [32m'P2010'[39m,
  sqlState: [1mnull[22m,
  serializationFailure: [33mfalse[39m,
  deadlock: [33mfalse[39m
}
[31m[Nest] 21843  - [39m09/10/2026, 4:05:02 PM [31m  ERROR[39m [38;5;3m[HttpExceptionFilter] [39mObject(7) {
  event: [32m'UNHANDLED_HTTP_ERROR'[39m,
  requestId: [32m'01a08c10-be6d-7168-be57-2e3c265f1780'[39m,
  errorType: [32m'PrismaClientKnownRequestError'[39m,
  databaseCode: [32m'P2010'[39m,
  sqlState: [1mnull[22m,
  serializationFailure: [33mfalse[39m,
  deadlock: [33mfalse[39m
}
▶ V81 formal settlement and semester archival HTTP E2E
  ✔ confirms one course settlement and preserves its report when switching semesters (3592.998125ms)
✔ V81 formal settlement and semester archival HTTP E2E (4476.754406ms)
▶ V81 subadministrator SMTP identity HTTP E2E
  ✔ creates an administrator-attested subadministrator sharing a student email without an OTP or identity crossover (1420.041102ms)
  ✔ deletes only completed teacher accounts and preserves historical subjects with replay (674.525652ms)
{"check":"SUBADMIN_EMAIL_CHANGE_MATCHING_OTP_CONSUMPTION_LOGIN_PRESERVED","result":"PASS"}
{"check":"SUBADMIN_PREFERENCE_CLEANUP_RETAINS_HISTORY_OTHER_ROLE_DELETE_DENIED","result":"PASS"}
{"check":"SUBADMIN_PII_RECEIPTS_LINKED_TO_ACCOUNT_OR_IDENTITY_RESOURCE","result":"PASS"}
{"check":"SUBADMIN_DELETE_CONCURRENT_REPLAY_PUSH_CLEANUP_FEEDBACK_HISTORY","result":"PASS"}
{"check":"SUBADMIN_DELETE_CURRENT_ACCOUNT_LEGACY_RECEIPTS_REPLAY_HISTORY","result":"PASS"}
{"check":"SUBADMIN_PROFILE_ATOMIC_UPDATE_REPLAY_VERSION_PERMISSION_REVOKE","result":"PASS"}
{"check":"SUBADMIN_STATUS_HANDOVER_REPLAY_SESSION_REVOCATION_REENABLE","result":"PASS"}
{"check":"SUBADMIN_SMTP_OTP_VERIFY_CONSUME_CREATE_FIRST_PASSWORD_CHANGE_PERMISSION","result":"PASS","syntheticIdentity":true}
  ✔ verifies email OTP before creating and managing a subadministrator (1881.089977ms)
{"check":"SUBADMIN_EIGHT_SINGLE_PERMISSION_MATRIX_AND_SYSTEM_MODE_WRITE","result":"PASS","readChecks":64,"revokedReadChecks":8,"syntheticIdentity":true}
{"check":"SUBADMIN_PERMISSION_UPDATE_REPLAY_CONCURRENT_REVOKE_CURRENT_SESSION_NO_ESCALATION","result":"PASS","syntheticIdentity":true}
  ✔ enforces permission changes and revocation against an already authenticated subadministrator session (1681.717678ms)
✔ V81 subadministrator SMTP identity HTTP E2E (6540.230733ms)
▶ V81 system management HTTP E2E
  ✔ changes maintenance mode with replay, durable history, public announcement and recovery (1094.378771ms)
  ✔ scopes public mode and announcement to the configured school while another school stays normal (672.641908ms)
  ✔ reads all mode history across stable version pages without exposing another school (446.518935ms)
  ✔ changes teacher and administrator passwords while retaining only the current session (1504.998601ms)
  ✔ allows administrator security access in maintenance and rejects teacher and student password operations (740.203791ms)
{"check":"APPROVED_TEMPLATE_SUPER_ONLY_IMMUTABLE_VERSIONS_COURSE_SELECTION_NO_RETROACTIVE_CHANGE","result":"PASS","syntheticFixture":true}
  ✔ publishes immutable approved templates and freezes the teacher course selection (845.191966ms)
{"check":"UNIFIED_AUDIT_DATE_RANGE_FILTERS_PAGINATION_SOURCE_ROLE_UNKNOWN_METADATA_PRIVACY_PERMISSION","result":"PASS","syntheticEvents":true}
  ✔ queries immutable audit events with date boundaries, pagination, redaction and tenant isolation (679.554863ms)
✔ V81 system management HTTP E2E (6843.602745ms)
▶ V81 teacher account import HTTP E2E
  ✔ previews custom-email accounts, confirms once and requires personal passwords before business access (1844.480465ms)
✔ V81 teacher account import HTTP E2E (2717.82697ms)
ℹ tests 103
ℹ suites 25
ℹ pass 103
ℹ fail 0
ℹ cancelled 0
ℹ skipped 0
ℹ todo 0
ℹ duration_ms 132649.662719
Runtime conformance coverage passed: 220/220 enabled successes, 254/254 error/access responses, 34 fail-closed.

> @bnbu/sports-backend@0.1.0 test:security
> node ./scripts/run-test-layer.mjs security

▶ Stage 21 client capability security
  ✔ keeps locally integrated client capabilities inside their approved principal scope (1.039049ms)
  ✔ redacts authentication, push, and location secrets recursively (0.16486ms)
  ✔ accepts only EMAIL for student sign-in and staff recovery requests (3.745175ms)
  ✔ binds every GPS mutation to a student-owned existing ExerciseSession (0.172325ms)
  ✔ uses record scope for summaries and reserves privacy-policy mutation for ADMIN (0.112228ms)
  ✔ rejects out-of-range coordinates and more than one bounded batch (8.36451ms)
  ✔ accepts Android, Web, and iOS while rejecting unknown client platforms (1.128854ms)
✔ Stage 21 client capability security (15.535713ms)
▶ Docker database role separation
  ✔ uses a bootstrap identity distinct from the migration and runtime identities (5.481359ms)
  ✔ makes migration history read-only to the runtime identity after every deploy (1.754509ms)
  ✔ makes every migrator artifact readable by the non-root node identity (1.043246ms)
✔ Docker database role separation (9.090402ms)
▶ Stage 12 security negatives
  ✔ accepts only X-Join-Capability and rejects ordinary Authorization on atomic Join (1.084617ms)
  ✔ logs only the generated route template, never a raw invite token path (0.797449ms)
  ✔ redacts identity snapshots, ciphertexts, token hashes, and names recursively (0.191592ms)
  ✔ rate limits public QR keys together and resets only after the configured window (0.299692ms)
✔ Stage 12 security negatives (3.04215ms)
▶ Stage 16 ExerciseRecord security
  ✔ permits self mutations only and preserves teacher/admin read-only scope (2.088618ms)
  ✔ strips mass-assigned identity, duration, state, review, and storage fields (2.6973ms)
  ✔ projects only the frozen student-safe current review (0.725239ms)
✔ Stage 16 ExerciseRecord security (6.268518ms)
▶ Stage 17 ExerciseReview security
  ✔ allows only TEACHER for single, history, reopen, and batch routes (1.413446ms)
  ✔ strips forged identity, status, chain, and duration fields while retaining explicit override denial input (1.820818ms)
  ✔ validates every nested batch item and prevents envelope field smuggling (1.048467ms)
✔ Stage 17 ExerciseReview security (4.928004ms)
▶ Stage 14 ExerciseSession security
  ✔ allows only STUDENT for all eight Session operations (2.247285ms)
  ✔ rejects whitespace cancellation reasons and malformed reconciliation input (2.650169ms)
  ✔ whitelists Session inputs so identity, time, duration, status, and version cannot be assigned (0.752031ms)
  ✔ never exposes auth-session linkage, interval internals, safe metadata, or storage fields (0.253071ms)
✔ Stage 14 ExerciseSession security (6.685899ms)
▶ Stage 19 Export and audit governance security
  ✔ strips forged identity and persistence facts from default-deny DTOs (5.531305ms)
  ✔ does not expose arbitrary JSON search and bounds every audit query input (0.54034ms)
  ✔ keeps audit ADMIN-only and all five unresolved mutations fail-closed (0.090656ms)
✔ Stage 19 Export and audit governance security (6.793088ms)
▶ Stage 15 MediaEvidence security
  ✔ enforces Student mutations and only current metadata read roles (1.893308ms)
  ✔ rejects mass assignment and Record targets at the DTO boundary (2.317452ms)
  ✔ never projects storage facts and redacts every capability field recursively (0.353447ms)
✔ Stage 15 MediaEvidence security (5.455127ms)
▶ Stage 13 roster security boundaries
  ✔ parses explicit boolean query values and rejects whitespace-only mutation reasons (3.298238ms)
  ✔ allows ADMIN only on governance reads, TEACHER on owned-scope operations, and no STUDENT (2.217437ms)
  ✔ returns role-specific projections without raw rows, storage data, or ADMIN identity values (1.022928ms)
  ✔ redacts roster source facts and identity differences recursively (0.311826ms)
  ✔ implements ignore as a validated, scoped default deny with zero mutation side effects (0.508639ms)
  ✔ rejects whitespace-only resolution reasons before idempotency or database access (0.386952ms)
✔ Stage 13 roster security boundaries (8.545823ms)
▶ Stage 18 Score security
  ✔ strips forged score facts and identity from rule, approval, and recalculate requests (3.366791ms)
  ✔ accepts only bounded adjustment inputs and rejects URL or script evidence injection (3.259082ms)
  ✔ keeps every score operation fail-closed with the frozen role boundary (0.183827ms)
✔ Stage 18 Score security (7.403223ms)
▶ security negative gates
  ✔ rejects placeholders and malformed production configuration (1.336797ms)
  ✔ fails closed when staging email delivery is absent or unauthenticated (0.997798ms)
  ✔ allows an isolated unauthenticated SMTP sink only for local development (0.760337ms)
  ✔ accepts explicit Tencent SES template configuration without static cloud credentials (0.538245ms)
  ✔ requires CVM role storage and rejects static COS credentials in staging (0.410016ms)
  ✔ requires exact HTTPS CORS origins in staging while retaining HTTP support for tests (0.602771ms)
  ✔ rejects a forged role or organization even when token verification succeeds (0.676965ms)
  ✔ returns a five-field envelope for oversized or malformed bodies without echoing content (0.441257ms)
  ✔ redacts every frozen sensitive field without leaking nested values (0.307207ms)
  ✔ fails closed for unknown operation policies and unsupported resource resolvers (0.597381ms)
  ✔ accepts only the frozen Stage 13 roster resolver identifiers (0.305744ms)
  ✔ rejects an otherwise valid access token after its session is revoked (0.264864ms)
  ✔ rejects organization, teacher, course, and query mass assignment at the DTO boundary (3.690991ms)
  ✔ maps database constraint failures without exposing SQL or constraint names (0.524148ms)
✔ security negative gates (12.529833ms)
ℹ tests 53
ℹ suites 11
ℹ pass 53
ℹ fail 0
ℹ cancelled 0
ℹ skipped 0
ℹ todo 0
ℹ duration_ms 4501.603626
