#0 building with "desktop-linux" instance using docker driver

#1 [internal] load build definition from Dockerfile.portal
#1 DONE 0.0s

#1 [internal] load build definition from Dockerfile.portal
#1 transferring dockerfile: 2.70kB done
#1 DONE 0.0s

#2 [internal] load metadata for docker.io/library/node:24.18.0-bookworm-slim
#2 ...

#3 [auth] library/node:pull token for registry-1.docker.io
#3 DONE 0.0s

#2 [internal] load metadata for docker.io/library/node:24.18.0-bookworm-slim
#2 DONE 2.3s

#4 [internal] load .dockerignore
#4 transferring context: 153B done
#4 DONE 0.0s

#5 [build 1/7] FROM docker.io/library/node:24.18.0-bookworm-slim@sha256:6f7b03f7c2c8e2e784dcf9295400527b9b1270fd37b7e9a7285cf83b6951452d
#5 resolve docker.io/library/node:24.18.0-bookworm-slim@sha256:6f7b03f7c2c8e2e784dcf9295400527b9b1270fd37b7e9a7285cf83b6951452d 0.0s done
#5 CACHED

#6 [internal] load build context
#6 ...

#7 [runtime 2/7] RUN test -n "2d4a49ca-round2"     && test -n "2d4a49cabd79a9d7b40eef1984334152e07b70c8"     && test -n "2026-09-10T17:31:32Z"     && test -n "3.0.0-v81-local-draft"     && test -n "3ec8aa917d3e2f57a27d6a2c7e603daf09cbaa51"     && test -n "round2-record-display-20260911"
#7 DONE 0.4s

#6 [internal] load build context
#6 ...

#8 [runtime 3/7] WORKDIR /app
#8 DONE 0.1s

#6 [internal] load build context
#6 ...

#9 [runtime 4/7] RUN groupadd --system --gid 10001 bnbu     && useradd --system --uid 10001 --gid bnbu --home-dir /app --shell /usr/sbin/nologin bnbu
#9 0.414 useradd warning: bnbu's uid 10001 is greater than SYS_UID_MAX 999
#9 DONE 0.5s

#6 [internal] load build context
#6 transferring context: 80.38MB 5.0s
#6 transferring context: 108.91MB 6.9s done
#6 DONE 6.9s

#10 [build 2/7] WORKDIR /workspace/BNBU-Sports-Web-new/portal-teacher-admin
#10 CACHED

#11 [build 3/7] COPY BNBU-Sports-Web-new/portal-teacher-admin/package.json BNBU-Sports-Web-new/portal-teacher-admin/package-lock.json ./
#11 CACHED

#12 [build 4/7] RUN --mount=type=cache,target=/root/.npm,sharing=locked     npm ci --no-audit --no-fund
#12 CACHED

#13 [build 5/7] COPY BNBU-Sports-Web-new/portal-teacher-admin/ ./
#13 DONE 0.8s

#14 [build 6/7] COPY BNBU-Sports-Web-new/frontend/student/ /workspace/BNBU-Sports-Web-new/frontend/student/
#14 DONE 0.1s

#15 [build 7/7] RUN npm run build
#15 0.557
#15 0.557 > bnbu-pe-management-portal@0.1.0 build
#15 0.557 > vinext build
#15 0.557
#15 1.004
#15 1.004   vinext build  (Vite 8.2.1)
#15 1.004
#15 3.443 [1/5] analyze client references...
#15 3.553 [2K
transforming...✓ 88 modules transformed.
#15 4.646 rendering chunks...
#15 4.657 ✓ built in 1.21s
#15 4.662 [2/5] analyze server references...
#15 4.685 [2K
transforming...✓ 205 modules transformed.
#15 5.888 rendering chunks...
#15 5.890 ✓ built in 1.23s
#15 5.894 [3/5] build rsc environment...
#15 5.906 [2K
transforming...✓ 94 modules transformed.
#15 6.528 rendering chunks...
#15 6.564 computing gzip size...
#15 6.590 ✓ built in 695ms
#15 6.594 [4/5] build client environment...
#15 6.624 [2K
transforming...✓ 1953 modules transformed.
#15 8.134 rendering chunks...
#15 8.452 computing gzip size...
#15 8.463 [plugin builtin:vite-reporter]
#15 8.463 (!) Some chunks are larger than 500 kB after minification. Consider:
#15 8.463 - Using dynamic import() to code-split the application
#15 8.463 - Use build.rolldownOptions.output.codeSplitting to improve chunking: https://rolldown.rs/reference/OutputOptions.codeSplitting
#15 8.463 - Adjust chunk size limit for this warning via build.chunkSizeWarningLimit.
#15 8.465 ✓ built in 1.87s
#15 8.479 [5/5] build ssr environment...
#15 8.499 [2K
transforming...✓ 275 modules transformed.
#15 9.433 rendering chunks...
#15 9.516 computing gzip size...
#15 9.532 ✓ built in 1.05s
#15 9.536
#15 9.537   Route (app)
#15 9.537   ┌ ? /
#15 9.537   └ ? /phase5b-contract-mock
#15 9.537
#15 9.537   ? Unknown
#15 9.537
#15 9.537   ? Some routes could not be classified. vinext currently uses static analysis
#15 9.537     and cannot detect dynamic API usage (headers(), cookies(), etc.) at build time.
#15 9.537     Automatic classification will be improved in a future release.
#15 9.537
#15 9.537   Build complete. Run `vinext start` to start the production server.
#15 9.537
#15 9.666 npm notice
#15 9.666 npm notice New major version of npm available! 11.16.0 -> 12.0.2
#15 9.666 npm notice Changelog: https://github.com/npm/cli/releases/tag/v12.0.2
#15 9.666 npm notice To update run: npm install -g npm@12.0.2
#15 9.666 npm notice
#15 DONE 9.7s

#16 [runtime 5/7] COPY --from=build --chown=bnbu:bnbu /workspace/BNBU-Sports-Web-new/portal-teacher-admin/package.json /workspace/BNBU-Sports-Web-new/portal-teacher-admin/package-lock.json ./
#16 DONE 0.1s

#17 [runtime 6/7] COPY --from=build --chown=bnbu:bnbu /workspace/BNBU-Sports-Web-new/portal-teacher-admin/node_modules ./node_modules
#17 DONE 7.2s

#18 [runtime 7/7] COPY --from=build --chown=bnbu:bnbu /workspace/BNBU-Sports-Web-new/portal-teacher-admin/dist ./dist
#18 DONE 0.3s

#19 exporting to image
#19 exporting layers
#19 exporting layers 22.2s done
#19 exporting manifest sha256:e68291874e21d30c1b2850071a58c92095849e02f7350b893d04b737e2dfe5a6 0.0s done
#19 exporting config sha256:9a5983ce15074da816c3c86179dff6be88c1b93574fac256c517caa826672d89 0.0s done
#19 exporting attestation manifest sha256:bec404edc7d592dbb14d10e6e650e6365bb0b5aac970906496f382393dbba36a 0.0s done
#19 exporting manifest list sha256:612b35637ce1bf2774b4d7a60b933b8410087041d33409b4bf783a495e218dcb
#19 exporting manifest list sha256:612b35637ce1bf2774b4d7a60b933b8410087041d33409b4bf783a495e218dcb 0.0s done
#19 naming to docker.io/library/bnbu-portal-production:2d4a49ca-round2 done
#19 unpacking to docker.io/library/bnbu-portal-production:2d4a49ca-round2
#19 unpacking to docker.io/library/bnbu-portal-production:2d4a49ca-round2 12.3s done
#19 DONE 34.7s

View build details: docker-desktop://dashboard/build/desktop-linux/desktop-linux/zlker9ri9dqhi8vy175wmgbmq
