
> @bnbu/sports-backend@0.1.0 test
> node ./scripts/run-test-layer.mjs unit

✔ scanner requires an explicit clean verdict: "stream: OK\u0000" (27.4755ms)
✔ scanner requires an explicit clean verdict: "stream: Eicar FOUND\u0000" (5.4609ms)
✔ scanner requires an explicit clean verdict: "stream: limit ERROR\u0000" (4.9549ms)
✔ scanner requires an explicit clean verdict: "unexpected\u0000" (2.8118ms)
✔ scanner timeout fails closed (50.1449ms)
▶ authentication-code cryptography
  ✔ generates CSPRNG-backed fixed-length numeric codes and rejects unsafe lengths (1.2488ms)
  ✔ digests codes with context binding and verifies wrong inputs without leaking a match (0.3243ms)
  ✔ deterministically escrows canonical auth results and authenticates their AAD (7.6243ms)
  ✔ rejects tampered escrow ciphertexts (0.3068ms)
✔ authentication-code cryptography (10.172ms)
▶ authentication challenge state machine
  ✔ consumes a valid challenge exactly once (1.5883ms)
  ✔ expires at the exact TTL boundary (0.1046ms)
  ✔ increments durable attempts and locks at the configured maximum (0.1209ms)
  ✔ activates only a pending challenge delivered before expiry (0.1353ms)
✔ authentication challenge state machine (2.1147ms)
▶ authentication-code delivery ports
  ✔ fails closed when no delivery provider is configured (0.41ms)
  ✔ prevents the in-memory capture adapter from running outside tests (0.215ms)
  ✔ captures only test deliveries and preserves delivery-id idempotency (0.3307ms)
✔ authentication-code delivery ports (1.1503ms)
▶ durable rate-window evaluation
  ✔ uses repository timestamps and excludes the exact window cutoff (0.2389ms)
  ✔ rejects future repository facts instead of treating them as valid attempts (0.082ms)
✔ durable rate-window evaluation (0.3959ms)
▶ app release policy projection
  ✔ selects only the currently effective IOS policy without comparing version syntax (0.2431ms)
  ✔ compares iOS build numbers numerically and never uses marketing version text (0.117ms)
  ✔ fails on equal-time policy ambiguity instead of depending on input order (0.0992ms)
✔ app release policy projection (0.5314ms)
▶ Stage 21 client capability boundary
  ✔ returns the same stable default-deny error for public and authenticated capabilities (0.6531ms)
✔ Stage 21 client capability boundary (1.1512ms)
▶ PushTokenCipher
  ✔ round-trips with AES-GCM and rejects tampering or the wrong key (1.3974ms)
✔ PushTokenCipher (1.92ms)
▶ ClientMessagingService
  ✔ marks only the principal notification as read and emits durable evidence (1.2172ms)
  ✔ registers IOS tokens encrypted and never leaks token material to projections or evidence (0.7217ms)
  ✔ returns 409 and never transfers a token already owned by another user (0.3413ms)
  ✔ revokes only a self-scoped push device and destroys decryptable token material (0.4205ms)
  ✔ derives missing preferences from the organization and persists the first update as version 2 (0.9164ms)
  ✔ creates feedback OPEN without copying content or client context into evidence (0.3931ms)
  ✔ keeps feedback self-scoped for non-admins and only queries published help (0.6152ms)
✔ ClientMessagingService (4.9273ms)
▶ Contract 1.3 parity regression gate
  ✔ detects the six required synthetic mismatch scenarios (378.2985ms)
  ✔ accepts the repository only with the frozen, explicit contract-defect ledger (3911.496ms)
  ✔ enforces the canonical HTTP status at runtime and when restoring snapshots (0.6156ms)
  ✔ pins both location POST handlers to the published 200 success status (0.2152ms)
  ✔ rejects the removed search alias and accepts the contract q parameter (3.0918ms)
  ✔ rejects contract-external and null gender values while allowing omission (0.909ms)
✔ Contract 1.3 parity regression gate (4295.461ms)
▶ Stage 12 student identity and QR security
  ✔ normalizes the student number without losing leading zeros and applies NFC (0.8969ms)
  ✔ narrows QR join gender while accepting the full four-digit cohort range (2.5827ms)
  ✔ accepts any four-digit cohort year and rejects malformed identity fields (0.4127ms)
  ✔ issues public-id plus 256-bit secret tokens and verifies only their HMAC digest (0.6048ms)
  ✔ authenticates encrypted identity and result escrows with purpose-bound AAD (0.5023ms)
✔ Stage 12 student identity and QR security (5.624ms)
▶ Stage 12 lifecycle entities
  ✔ rotates an invite without deleting history (0.1929ms)
  ✔ keeps one Enrollment id across remove and restore transitions (0.1566ms)
  ✔ issues an ACTIVE capability without any consumed result fields (0.1525ms)
✔ Stage 12 lifecycle entities (0.6459ms)
▶ ExerciseRecord domain rules
  ✔ applies V8.1 selectable thresholds, whole minutes and the 60-minute credit cap (0.6638ms)
  ✔ normalizes optional content without inventing a second sport taxonomy (0.5601ms)
✔ ExerciseRecord domain rules (1.7478ms)
▶ ExerciseReview domain rules
  ✔ normalizes a valid decision without inventing credited duration (0.7401ms)
  ✔ requires an approved invalid reason and nonblank OTHER detail (0.303ms)
  ✔ rejects reason codes on VALID decisions (0.1088ms)
✔ ExerciseReview domain rules (1.7143ms)
▶ ExerciseSession authoritative domain
  ✔ freezes the five states and every permitted lifecycle transition (0.9394ms)
  ✔ rejects terminal and otherwise invalid transitions (0.3313ms)
  ✔ uses exact whole server seconds for all boundary vectors (0.2024ms)
  ✔ preserves actual running time beyond two hours and rejects unsafe numeric totals (0.1176ms)
  ✔ keeps paused time separate from trusted activity time (1.1961ms)
  ✔ exposes only the stable public projection and preserves start businessDate (0.1345ms)
  ✔ uses the exact VALID credited-duration boundary for new-session admission (0.1391ms)
✔ ExerciseSession authoritative domain (3.7628ms)
▶ Stage 19 Export and audit governance domain
  ✔ keeps every Export use case as an exact no-persistence default deny (0.6051ms)
  ✔ projects only action-specific audit metadata and recursively redacts sensitive keys (0.9388ms)
  ✔ bounds arrays, strings, and nesting depth in the public audit projection (0.146ms)
✔ Stage 19 Export and audit governance domain (2.2725ms)
▶ FILE_JSON runtime secret loader
  ✔ loads only the frozen runtime keys from the mounted file (1.154ms)
  ✔ reports every missing key by name without returning secret values (0.3815ms)
  ✔ rejects unsupported keys and duplicate container secrets (0.2154ms)
  ✔ requires FILE_JSON for staging and production but preserves local environment configuration (0.1229ms)
  ✔ redacts file-system failure details from the bootstrap error (0.1404ms)
✔ FILE_JSON runtime secret loader (2.6912ms)
[Nest] 35312  - 2026/09/10 23:08:09    WARN [HttpExceptionFilter] Object(9) {
  event: 'HTTP_REQUEST_REJECTED',
  requestId: 'req-unit',
  operationId: null,
  method: undefined,
  route: '/unknown',
  statusCode: 401,
  errorCode: 'AUTH_REQUIRED',
  invalidFields: undefined,
  reason: null
}
(node:35312) [DEP0040] DeprecationWarning: The `punycode` module is deprecated. Please use a userland alternative instead.
(Use `node --trace-deprecation ...` to show where the warning was created)
▶ Foundation time and identifiers
  ✔ generates UUIDv7 identifiers and supports a deterministic Clock (1.7035ms)
  ✔ derives businessDate from the organization timezone (1.1677ms)
✔ Foundation time and identifiers (3.6914ms)
▶ HTTP primitives
  ✔ logs the mapped application error status instead of the pre-filter response status (2.2815ms)
  ✔ accepts only bounded safe request IDs and generates a replacement (0.5317ms)
  ✔ wraps success and maps errors to exactly five public fields (2.6633ms)
✔ HTTP primitives (5.7628ms)
▶ Authentication cryptography
  ✔ hashes passwords with Argon2id and rejects a wrong password (220.0233ms)
  ✔ issues only the frozen claims and fails closed for expiration and tampering (9.0163ms)
✔ Authentication cryptography (229.4151ms)
▶ Authorization and SystemMode
  ✔ enforces role metadata and rejects missing policy metadata (0.5742ms)
  ✔ denies ordinary mutations in READ_ONLY and unknown modes (0.293ms)
✔ Authorization and SystemMode (0.9717ms)
▶ Idempotency, Audit, Outbox, and rate limiting
  ✔ validates an Idempotency-Key without creating persistence side effects (0.4822ms)
  ✔ recognizes direct adapter serialization failures without retrying unrelated database errors (0.1192ms)
  ✔ canonicalizes JSON and replays a stable encrypted response (2.6629ms)
  ✔ commits, recovers, completes, and exactly replays a staged idempotent response (1.4852ms)
  ✔ stores only allowlisted audit metadata and irreversible source digests (0.7301ms)
  ✔ enforces Outbox state ownership and fixed-window rate limits (0.3324ms)
  ✔ redacts secrets and PII recursively (0.2258ms)
✔ Idempotency, Audit, Outbox, and rate limiting (6.2208ms)
▶ HealthService
  ✔ preserves the published public readiness projection (1.6972ms)
  ✔ reports measured database, queue, object-storage and media-storage health to admins (2.7734ms)
  ✔ marks optional storage as not configured without probing it (0.2461ms)
  ✔ preserves the public readiness failure while attributing database failure in admin health (0.4951ms)
  ✔ reports a MinIO failure without leaking adapter error details (0.2172ms)
✔ HealthService (6.3172ms)
▶ location evidence raw cryptography
  ✔ round-trips AES-256-GCM and binds every row identity field as AAD (3.0847ms)
  ✔ rejects a modified ciphertext with a coordinate-free stable error (0.2829ms)
✔ location evidence raw cryptography (3.9741ms)
▶ location policy gate
  ✔ keeps disabled and incomplete policies disabled without supplying defaults (0.4245ms)
  ✔ returns only explicitly complete, enabled policy parameters (0.1582ms)
✔ location policy gate (0.6895ms)
▶ location sample fingerprinting and classification
  ✔ creates a stable keyed fingerprint and detects identical versus conflicting IDs (0.5415ms)
  ✔ classifies time, accuracy, and accepted out-of-order samples deterministically (0.3599ms)
✔ location sample fingerprinting and classification (1.0175ms)
▶ coarse projection and retention
  ✔ strips endpoints, emits coarse grid cells, and never embeds exact coordinates (0.4404ms)
  ✔ selects raw and coarse expiry work deterministically with explicit limits (8.0569ms)
✔ coarse projection and retention (8.6261ms)
▶ LocationEvidenceService policy safety
  ✔ projects an explicitly disabled, incomplete policy without supplying defaults (0.9427ms)
  ✔ rejects enabling an incomplete policy before any row, audit, or outbox write (1.6179ms)
✔ LocationEvidenceService policy safety (3.2693ms)
▶ LocationEvidenceService secure intake and projection
  ✔ deduplicates identical samples and persists coordinates only inside ciphertext (3.0834ms)
  ✔ returns the same coarse-only summary to student, responsible teacher, and admin (0.5868ms)
✔ LocationEvidenceService secure intake and projection (3.8304ms)
▶ LocationRetentionWorker
  ✔ deletes due raw secrets before metadata and expires coarse summaries atomically (1.9042ms)
  ✔ keeps audit and outbox evidence coordinate-free (0.304ms)
  ✔ returns an empty result without writes and rejects invalid batch input (0.4691ms)
✔ LocationRetentionWorker (3.3119ms)
✔ makeup grants stay within the published seven-day closing period (0.9545ms)
✔ makeup starts use server time and never become retroactively authorized (0.2069ms)
▶ MediaService expired pending upload cleanup
  ✔ fails an expired upload session and releases it from the active quota set (1.0365ms)
✔ MediaService expired pending upload cleanup (1.7716ms)
✔ accepts WebP declarations for certification images but not exercise evidence (1.12ms)
✔ reads actual certification WebP dimensions: sample-lossy.webp (21.8038ms)
✔ rejects truncated certification WebP even with matching transport digest: sample-lossy.webp (1.9766ms)
✔ reads actual certification WebP dimensions: sample-lossless.webp (12.8929ms)
✔ rejects truncated certification WebP even with matching transport digest: sample-lossless.webp (1.1138ms)
✔ verifies native MediaRecorder fragmented MP4 with zero movie duration across stream boundaries (66.8657ms)
✔ rejects invalid fragmented MP4 timelines: missing-fragments (0.9306ms)
✔ rejects invalid fragmented MP4 timelines: excessive-samples (1.948ms)
✔ rejects invalid fragmented MP4 timelines: excessive-duration (1.916ms)
✔ rejects invalid fragmented MP4 timelines: truncated (1.6525ms)
✔ rejects WebP with valid container lengths and image dimensions but missing compressed pixels (8.1925ms)
▶ MediaEvidence validation core
  ✔ separates declarations from verified image facts and computes SHA-256 from bytes (11.2953ms)
  ✔ accepts JPEG comment bytes that resemble a GPS tag but rejects a real GPS IFD (11.5138ms)
  ✔ rejects MIME spoofing, byte-size mismatches, location metadata, and the test signature (2.1664ms)
  ✔ keeps image limits while replacing exercise-video size rules with a fixed 15-second cap (0.2758ms)
  ✔ streams video verification and enforces the trusted duration at the exact boundary (0.8919ms)
  ✔ accepts a 15-second audible WebM and verifies its actual tracks and duration (0.7259ms)
  ✔ rejects WebM duration overflow, missing audio, and location tags (0.6923ms)
  ✔ rejects an exercise video without a trusted audio track (0.4424ms)
  ✔ rejects an audio-only ISO media container even when it has a trusted audio handler (0.269ms)
  ✔ rejects ISO location metadata without scanning random media payload bytes (0.4801ms)
✔ MediaEvidence validation core (29.1483ms)
✔ successful retry ignores historical rolled-back failure regardless of row order (1.5301ms)
✔ rolled-back attempt alone is not an applied migration (0.14ms)
✔ unresolved attempt blocks readiness even if another row is finished (0.1463ms)
✔ duplicate active completions are rejected (0.1044ms)
✔ applied checksum mismatch still blocks readiness (0.1505ms)
✔ database errors fail closed (0.2163ms)
✔ explicit mapping retains duplicate and missing personnel rows and source evidence without confirming (1.4882ms)
✔ 500 rows accepted and 501 rejected including duplicate/error rows; missing mapping and ambiguous cells cannot silently pass (12.9006ms)
✔ OCR physical confirmation requires source review and exact identity, project, time and date (3.1095ms)
✔ selection cannot hide duplicates, but unrelated unresolved rows remain pending (1.1425ms)
✔ paper roster retains duplicates, original spelling and source without inventing registration (1.2382ms)
✔ all source rows need review and valid required fields; duplicates count toward 500 (2.0357ms)
✔ OCR source preserves ambiguous text, duplicate cells, confidence and source binding without changing input (1.738ms)
✔ OCR unknown confidence remains unavailable; malformed coordinates, confidence, provider failure and empty detection reject (0.7175ms)
✔ provider evidence bounds reject excessive cells and text before draft admission (0.4244ms)
▶ TencentDB PostgreSQL TLS configuration
  ✔ uses explicit pool fields so connection-string parsing cannot replace strict TLS (1.2792ms)
  ✔ preserves local connection-string behavior when no managed CA is configured (0.1563ms)
  ✔ rejects insecure URL overrides and incomplete CA files without exposing input values (0.5713ms)
✔ TencentDB PostgreSQL TLS configuration (2.6985ms)
▶ Stage 13 alignment run lifecycle
  ✔ freezes a RUNNING revision before computation and persists FAILED plus outbox on a domain failure (2.2833ms)
  ✔ maps a non-retried serializable snapshot race to the stable stale-snapshot error (0.2219ms)
  ✔ projects exactly the public run contract and drops internal snapshot scope and failure details (0.2723ms)
✔ Stage 13 alignment run lifecycle (3.3957ms)
▶ Stage 13 deterministic roster alignment
  ✔ classifies every subject into exactly one of the six frozen outcomes (1.5976ms)
  ✔ keeps fingerprints, subject keys, normalization, and result order deterministic (0.544ms)
  ✔ classifies official duplicates without merging identities, regardless of input order or platform match (0.2369ms)
✔ Stage 13 deterministic roster alignment (2.9692ms)
▶ Official roster staged import lifecycle
  ✔ commits RECEIVED and its outbox event before parsing, then completes atomically (3.0678ms)
✔ Official roster staged import lifecycle (3.8708ms)
(node:40104) [DEP0040] DeprecationWarning: The `punycode` module is deprecated. Please use a userland alternative instead.
(Use `node --trace-deprecation ...` to show where the warning was created)
▶ Stage 13 private roster ingestion
  ✔ streams a strict CSV upload into a server-generated private key (8.7892ms)
  ✔ rejects path-like names and unsupported OFFICIAL_API without retaining an object (2.874ms)
  ✔ normalizes leading-zero identifiers and marks every duplicate row non-valid (3.2022ms)
  ✔ uses static four-digit grade-year bounds for roster rows (0.8657ms)
✔ Stage 13 private roster ingestion (16.4965ms)
(node:41496) [DEP0040] DeprecationWarning: The `punycode` module is deprecated. Please use a userland alternative instead.
(Use `node --trace-deprecation ...` to show where the warning was created)
✔ roster multipart has an inclusive 100 MiB limit independent of JSON configuration (933.8058ms)
✔ missing responses remain unobserved and never claim completed implementation (62.8875ms)
✔ valid success alone remains partial while valid denial of disabled routes is counted (62.434ms)
✔ invalid responses and successful disabled routes fail without being marked validated (60.9947ms)
✔ complete valid runtime evidence passes and is reported precisely (60.5398ms)
✔ disabled manifest count, duplicate and unknown entries cannot silently pass (189.1396ms)
✔ runtime log rotation preserves complete JSON lines and bounds the dedicated files (46.0999ms)
(node:39716) [DEP0040] DeprecationWarning: The `punycode` module is deprecated. Please use a userland alternative instead.
(Use `node --trace-deprecation ...` to show where the warning was created)
▶ S3 media storage key contract
  ✔ accepts the exact private key shape generated by MediaService (19.4202ms)
  ✔ rejects keys with extra path segments before signing (0.9751ms)
✔ S3 media storage key contract (20.9542ms)
(node:26464) [DEP0040] DeprecationWarning: The `punycode` module is deprecated. Please use a userland alternative instead.
(Use `node --trace-deprecation ...` to show where the warning was created)
▶ S3 object storage streaming uploads
  ✔ uploads an unknown-length stream in bounded multipart chunks without buffering the whole file (9.4391ms)
  ✔ uses the managed uploader for a small unknown-length stream (1.1524ms)
  ✔ aborts a failed multipart upload and maps the failure to the stable dependency error (5.3608ms)
✔ S3 object storage streaming uploads (16.5405ms)
▶ Stage 18 Score domain
  ✔ matches every frozen formula boundary with HALF_UP rounding and a hard cap (1.2565ms)
  ✔ applies approved adjustments in immutable chronological order and rejects overflow (0.3161ms)
  ✔ denies student access to legacy course score projections under V8.1 (0.2505ms)
✔ Stage 18 Score domain (2.381ms)
✔ saved reports with all work complete permit readiness on any page (1.3215ms)
✔ off-page work and unavailable facts block readiness even when reports exist (0.6954ms)
✔ a semester without courses has no course settlement blockers (0.1519ms)
▶ SMTP auth-code delivery
  ✔ labels administrator identity OTP distinctly in both languages (0.7546ms)
  ✔ retries bounded transient failures and sends the bilingual-safe template (0.6098ms)
  ✔ fails after three attempts instead of retrying without a bound (0.3772ms)
✔ SMTP auth-code delivery (2.4795ms)
(node:30232) [DEP0040] DeprecationWarning: The `punycode` module is deprecated. Please use a userland alternative instead.
(Use `node --trace-deprecation ...` to show where the warning was created)
▶ staging business closure operator safety gates
  ✔ uses closed-catalog audit identifiers (0.7132ms)
  ✔ never reflects an arbitrary command-line value into status output (0.1047ms)
  ✔ bounds QR interruption recovery to three synthetic invite rotations (0.4248ms)
  ✔ accepts only the domain ACTIVE state as fresh join-capability database evidence (0.1603ms)
  ✔ runs a fresh session start/replay/stale/cancel sequence on every clean invocation (10.801ms)
  ✔ cancels an interrupted operator session and still executes a fresh session sequence (0.5468ms)
  ✔ permits destructive database tests only on the dedicated confirmed loopback target (0.4691ms)
  ✔ confines presigned uploads to the staging bucket media image prefix (0.2372ms)
  ✔ requires staging, exact confirmation, an absolute secret path and the canonical HTTPS API (0.3141ms)
  ✔ loads exactly the isolated fixture keys without exposing rejected values (0.7125ms)
  ✔ rejects non-isolated passwords, reserved mailboxes, oversized input and invalid UTF-8 (0.2945ms)
  ✔ fails closed unless the fixture secret is a root-owned 0640 regular file for gid 10001 (0.2104ms)
  ✔ accepts OTP only through the injected hidden-input boundary (0.2164ms)
  ✔ accepts only the staging CVM-role, TEST_SIGNATURE worker and Tencent SES runtime boundary (0.7627ms)
✔ staging business closure operator safety gates (16.9658ms)
(node:35668) [DEP0040] DeprecationWarning: The `punycode` module is deprecated. Please use a userland alternative instead.
(Use `node --trace-deprecation ...` to show where the warning was created)
▶ staging health operator safety gates
  ✔ uses database-valid closed-catalog audit identifiers (0.4575ms)
  ✔ requires staging, an exact confirmation, an absolute secret path and the Docker URL (0.7399ms)
  ✔ loads only the isolated fixture password key and never echoes invalid values (0.2899ms)
✔ staging health operator safety gates (2.1207ms)
(node:45396) [DEP0040] DeprecationWarning: The `punycode` module is deprecated. Please use a userland alternative instead.
(Use `node --trace-deprecation ...` to show where the warning was created)
▶ staging R01 provisioning operator
  ✔ loads exactly four isolated staff values from a hardened secret file (1.1472ms)
  ✔ rejects unsafe metadata, unknown keys and non-isolated identities without exposing values (0.5187ms)
  ✔ requires the exact staging command, confirmation and absolute secret path (0.2662ms)
  ✔ rejects every current and retired R01 secret key from environment without reflecting values (0.3318ms)
  ✔ accepts only the exact TLS-protected staging runtime database boundary (0.4972ms)
  ✔ builds a result containing only safe aliases, counts and component labels (0.2041ms)
✔ staging R01 provisioning operator (3.6275ms)
✔ student settlement excludes teacher-only and unexpected nested fields without mutating the snapshot (1.1586ms)
✔ unknown student facts remain null rather than becoming successful zero values (0.1134ms)
▶ Course domain
  ✔ normalizes CourseCode and starts Course as ACTIVE version 1 (0.5222ms)
  ✔ fails closed for invalid codes and increments version only for a real update (0.7001ms)
  ✔ projects only the authoritative public Course fields (0.2656ms)
✔ Course domain (2.0348ms)
▶ ClassSection domain
  ✔ normalizes fields and atomically validates the complete calendar value object (0.5157ms)
  ✔ rejects invalid class codes, incomplete daily time pairs, and non-owner teachers (0.2013ms)
  ✔ rejects invalid windows and excluded dates outside the section range (0.1334ms)
  ✔ closes without deleting history and rejects a second close (0.1449ms)
  ✔ rejects ordinary writes to an archived section and projects no close internals (0.204ms)
✔ ClassSection domain (1.3749ms)
▶ Scoped cursor
  ✔ binds opaque cursors to organization, principal, filters, sort, and limit (1.2255ms)
✔ Scoped cursor (1.3096ms)
(node:44124) [DEP0040] DeprecationWarning: The `punycode` module is deprecated. Please use a userland alternative instead.
(Use `node --trace-deprecation ...` to show where the warning was created)
▶ Tencent CVM role AWS credential bridge
  ✔ maps temporary credentials and the security token for COS requests (0.8248ms)
  ✔ a long-lived S3 client obtains rotated Tencent credentials instead of caching the first token forever (18.7584ms)
  ✔ fails closed without exposing provider details or accepting an absent token (0.435ms)
✔ Tencent CVM role AWS credential bridge (20.5914ms)
(node:22520) [DEP0040] DeprecationWarning: The `punycode` module is deprecated. Please use a userland alternative instead.
(Use `node --trace-deprecation ...` to show where the warning was created)
▶ Tencent SES authentication-code delivery
  ✔ uses the administrator identity purpose for both locales (0.9626ms)
  ✔ uses the approved template as a trigger email without exposing provider credentials (0.2243ms)
  ✔ retries with a bound limit and returns a stable unavailable error (0.3919ms)
✔ Tencent SES authentication-code delivery (2.1841ms)
✔ seven calendar weeks allow 21 slots even when each start window is one minute (14.624ms)
✔ a passed local start window is not counted at publication (0.53ms)
✔ deadline before local daily opening excludes that day (0.2898ms)
✔ daily and shared weekly limits include exclusions and partial weeks (0.315ms)
✔ category targets may require separate slots even when their total is unchanged (0.392ms)
✔ semester dates cap nominal course dates and expired plans have no capacity (0.3892ms)
✔ V8.1 records preserve actual minutes and credit only whole minutes above the threshold (0.6577ms)
✔ V8.1 category caps require a joint choice instead of choosing the earliest daily record (8.847ms)
✔ V8.1 dynamic selection agrees with an independent exhaustive subset oracle (11.5193ms)
✔ V8.1 equal totals retain the previously credited combination (0.1924ms)
✔ Supplement interruption compensation uses the union and cannot resurrect prior expiry (0.3123ms)
✔ Review reasons and one-time supplement restrictions cannot be bypassed (0.3127ms)
✔ creates all four documented 101-row tables and matches every integer second uniquely (27.3961ms)
✔ rejects invalid edits and deletions, including grades and increasing scores (0.821ms)
✔ allows incomplete drafts and finite fractional negative sort weights (0.6293ms)
✔ requires both bodies and keywords for every publication and preserves legal transitions (0.5948ms)
✔ preserves student-number zeros, quoted cells and ambiguous time in the review draft (4.5009ms)
✔ rejects missing or duplicate columns, invalid UTF-8, broken CSV and configured resource limits (1.4597ms)
✔ parses explicit seconds and minutes while refusing ambiguous decimal notation (1.6195ms)
✔ matches exact student numbers, flags every duplicate, and never confirms rows automatically (0.6251ms)
✔ reads XLSX draft with displayed student zeros, ambiguous time and explicit date formats (12.7951ms)
✔ rejects formula results, merged cells, absent sheets and oversized row ranges (7.2723ms)
✔ recognition and exercise preserve category targets without counting overflow twice (0.9242ms)
✔ actual exercise remains separated into invalid, pending, credited and valid uncredited durations (0.1455ms)
✔ invalid projections fail rather than producing a negative remainder or false completion (0.1912ms)
✔ registration requires verified email, target enrollment and exact identity instead of equal totals (0.7301ms)
✔ duplicate official identities preserve every row and leave denominator unresolved (0.1548ms)
✔ outside members are separate and ambiguous platform identities are never merged (0.1351ms)
✔ keeps displayed identifiers, duplicate identities, invalid rows and source cell text (15.2687ms)
✔ counts all 500 personnel rows including duplicates and invalid identities, rejecting 501 (22.8475ms)
✔ rejects ambiguous sheets, missing identity columns, formulas and merged source cells (6.7655ms)
✔ the server accepts the fifteen-minute boundary and grants thirty minutes from acceptance (1.6061ms)
✔ a late intake requires an explicit explanation and routes to offline handling (0.2999ms)
✔ twenty-four hours is the final offline boundary and a future server end is rejected (0.1131ms)
✔ overlapping transfer interruptions add their union and preserve elapsed transfer time (0.2178ms)
✔ an open interruption pauses the current transfer window and does not renew it (0.0944ms)
✔ an interruption after a genuinely expired transfer cannot revive it (0.0909ms)
✔ confirmation exactly at the thirty-minute boundary is on time (0.0678ms)
✔ preserves employee zeros and parses optional college; forbids password columns (3.7844ms)
✔ marks every duplicate row and database conflict while accepting custom email domains (2.1373ms)
✔ enforces the teacher batch initial-password rule without imposing it on personal passwords (0.1689ms)
✔ admits stored and deflated XLSX within declared budgets (9.6844ms)
✔ rejects declared expansion and entry budgets before spreadsheet parsing (2.6009ms)
✔ rejects truncated directories and mismatched local size claims (1.4222ms)
✔ bounds actual inflation even when local and central sizes consistently understate output (1.3825ms)
✔ checks stored entry byte length and CRC rather than trusting directory metadata (1.1321ms)
ℹ tests 260
ℹ suites 48
ℹ pass 260
ℹ fail 0
ℹ cancelled 0
ℹ skipped 0
ℹ todo 0
ℹ duration_ms 27653.2324
