
> bnbu-pe-management-portal@0.1.0 build
> vinext build


  vinext build  (Vite 8.2.1)

(node:34956) [DEP0040] DeprecationWarning: The `punycode` module is deprecated. Please use a userland alternative instead.
(Use `node --trace-deprecation ...` to show where the warning was created)
[1/5] analyze client references...
[2K
transforming...✓ 88 modules transformed.
rendering chunks...
✓ built in 412ms
[2/5] analyze server references...
[2K
transforming...✓ 205 modules transformed.
rendering chunks...
✓ built in 363ms
[3/5] build rsc environment...
[2K
transforming...✓ 94 modules transformed.
rendering chunks...
computing gzip size...
✓ built in 391ms
[4/5] build client environment...
[2K
transforming...✓ 1953 modules transformed.
rendering chunks...
computing gzip size...
[plugin builtin:vite-reporter]
(!) Some chunks are larger than 500 kB after minification. Consider:
- Using dynamic import() to code-split the application
- Use build.rolldownOptions.output.codeSplitting to improve chunking: https://rolldown.rs/reference/OutputOptions.codeSplitting
- Adjust chunk size limit for this warning via build.chunkSizeWarningLimit.
✓ built in 1.15s
[5/5] build ssr environment...
[2K
transforming...✓ 275 modules transformed.
rendering chunks...
computing gzip size...
✓ built in 647ms
[0m
  Route (app)
  ┌ ? /
  └ ? /phase5b-contract-mock

  ? Unknown

  ? Some routes could not be classified. vinext currently uses static analysis
    and cannot detect dynamic API usage (headers(), cookies(), etc.) at build time.
    Automatic classification will be improved in a future release.
  Build complete. Run `vinext start` to start the production server.
